
Allocating common symbols
Common symbol       size              file

SaveRState          0x2               ./lib/src/usb_int.o
rc_mot_motion_spd   0x64              ./lib/src/coron_rc.o
SDIO_CmdInitStructure
                    0x14              ./lib/src/sdcard.o
txt_name            0x190             ./lib/src/coron_sdtxt.o
txt_sector_num      0xc8              ./lib/src/coron_sdtxt.o
SaveState           0x2               ./lib/src/usb_init.o
wav_name            0x190             ./lib/src/coron_sdwav.o
DestBuffer          0x4               ./lib/src/sdcard.o
txt_count           0x1               ./lib/src/coron_sdtxt.o
wIstr               0x2               ./lib/src/usb_istr.o
pProperty           0x4               ./lib/src/usb_init.o
Buffer_Block_Tx     0x200             ./lib/src/coron_sdfat.o
rc_mot_pos_home     0x20              ./lib/src/coron_rc.o
Buffer_MultiBlock_Rx
                    0x400             ./lib/src/coron_sdfat.o
EPindex             0x1               ./lib/src/usb_init.o
buf512              0x800             ./lib/src/coron_sdfat.o
rc_mot_ch           0x2               ./lib/src/coron_rc.o
SDCardInfo          0x50              ./lib/src/coron_sdfat.o
SDIO_InitStructure  0x18              ./lib/src/sdcard.o
rc_mot_pos_trim     0x20              ./lib/src/coron_rc.o
SaveTState          0x2               ./lib/src/usb_int.o
rc_mot_pos          0x20              ./lib/src/coron_rc.o
Device_Info         0x1c              ./lib/src/usb_init.o
SDIO_DataInitStructure
                    0x18              ./lib/src/sdcard.o
sound_buf           0x400             ./lib/src/coron_sound.o
pUser_Standard_Requests
                    0x4               ./lib/src/usb_init.o
Buffer_Block_Rx     0x200             ./lib/src/coron_sdfat.o
SrcBuffer           0x4               ./lib/src/sdcard.o
buffer_in           0x40              ./lib/src/coron_usbcdc.o
StatusInfo          0x2               ./lib/src/usb_core.o
pInformation        0x4               ./lib/src/usb_init.o
ResumeS             0x2               ./lib/src/usb_pwr.o
rc_mot_pos_step     0x20              ./lib/src/coron_rc.o
txt_size            0xc8              ./lib/src/coron_sdtxt.o
wav_sector_num      0xc8              ./lib/src/coron_sdwav.o
wav_count           0x1               ./lib/src/coron_sdwav.o
rc_mot_motion_cnt   0x1               ./lib/src/coron_rc.o
rc_mot_motion_pos   0xc80             ./lib/src/coron_rc.o
Buffer_MultiBlock_Tx
                    0x400             ./lib/src/coron_sdfat.o
rc_mot_ipos         0x20              ./lib/src/coron_rc.o
buffer_out          0x40              ./lib/src/coron_usbcdc.o
wInterrupt_Mask     0x2               ./lib/src/usb_init.o
wav_size            0xc8              ./lib/src/coron_sdwav.o

Discarded input sections

 .text          0x00000000        0x0 c:/coron/gcc/arm/bin/../lib/gcc/arm-none-eabi/4.4.1/crti.o
 .data          0x00000000        0x0 c:/coron/gcc/arm/bin/../lib/gcc/arm-none-eabi/4.4.1/crti.o
 .bss           0x00000000        0x0 c:/coron/gcc/arm/bin/../lib/gcc/arm-none-eabi/4.4.1/crti.o
 .init          0x00000000        0xc c:/coron/gcc/arm/bin/../lib/gcc/arm-none-eabi/4.4.1/crti.o
 .fini          0x00000000        0xc c:/coron/gcc/arm/bin/../lib/gcc/arm-none-eabi/4.4.1/crti.o
 .text          0x00000000       0x94 c:/coron/gcc/arm/bin/../lib/gcc/arm-none-eabi/4.4.1/crtbegin.o
 .data          0x00000000        0x4 c:/coron/gcc/arm/bin/../lib/gcc/arm-none-eabi/4.4.1/crtbegin.o
 .bss           0x00000000       0x1c c:/coron/gcc/arm/bin/../lib/gcc/arm-none-eabi/4.4.1/crtbegin.o
 .init_array    0x00000000        0x4 c:/coron/gcc/arm/bin/../lib/gcc/arm-none-eabi/4.4.1/crtbegin.o
 .fini_array    0x00000000        0x4 c:/coron/gcc/arm/bin/../lib/gcc/arm-none-eabi/4.4.1/crtbegin.o
 .eh_frame      0x00000000        0x0 c:/coron/gcc/arm/bin/../lib/gcc/arm-none-eabi/4.4.1/crtbegin.o
 .jcr           0x00000000        0x0 c:/coron/gcc/arm/bin/../lib/gcc/arm-none-eabi/4.4.1/crtbegin.o
 .data          0x00000000        0x0 ./src/main.o
 .bss           0x00000000        0x0 ./src/main.o
 .data          0x00000000        0x0 ./src/stm32f10x_it.o
 .bss           0x00000000        0x0 ./src/stm32f10x_it.o
 .data          0x00000000        0x0 ./lib/src/coron_ad.o
 .data          0x00000000        0x0 ./lib/src/coron_dc.o
 .data          0x00000000        0x0 ./lib/src/coron_init.o
 .bss           0x00000000        0x0 ./lib/src/coron_init.o
 .data          0x00000000        0x0 ./lib/src/coron_rc.o
 .data          0x00000000        0x0 ./lib/src/coron_sdtxt.o
 .data          0x00000000        0x0 ./lib/src/coron_sdwav.o
 .data          0x00000000        0x0 ./lib/src/coron_sound.o
 .data          0x00000000        0x0 ./lib/src/coron_uart.o
 .bss           0x00000000        0x0 ./lib/src/coron_uart.o
 .data          0x00000000        0x0 ./lib/src/coron_usbcdc.o
 .bss           0x00000000        0x1 ./lib/src/coron_usbcdc.o
 .data          0x00000000        0x0 ./lib/src/coron_usbprint.o
[...]
Memory Configuration

Name             Origin             Length             Attributes
RAM              0x20000000         0x0000f000         xrw
FLASH            0x08003000         0x0007d000         xr
FLASHB1          0x00000000         0x00000000         xr
EXTMEMB0         0x00000000         0x00000000         xr
EXTMEMB1         0x00000000         0x00000000         xr
EXTMEMB2         0x00000000         0x00000000         xr
EXTMEMB3         0x00000000         0x00000000         xr
*default*        0x00000000         0xffffffff

Linker script and memory map

LOAD c:/coron/gcc/arm/bin/../lib/gcc/arm-none-eabi/4.4.1/crti.o
LOAD c:/coron/gcc/arm/bin/../lib/gcc/arm-none-eabi/4.4.1/crtbegin.o
                0x00001000                __Stack_Size = 0x1000
                0x00001000                PROVIDE (_Stack_Size, __Stack_Size)
                0x2000e000                __Stack_Init = (_estack - __Stack_Size)
                0x2000e000                PROVIDE (_Stack_Init, __Stack_Init)
                0x00000400                _Minimum_Stack_Size = 0x400
                0x00000000                PROVIDE (Undefined_Handler, 0x0)
                0x00000000                PROVIDE (SWI_Handler, 0x0)
                0x00000000                PROVIDE (IRQ_Handler, 0x0)
                0x00000000                PROVIDE (Prefetch_Handler, 0x0)
                0x00000000                PROVIDE (Abort_Handler, 0x0)
                0x00000000                PROVIDE (FIQ_Handler, 0x0)
                0x00000000                PROVIDE (NMIException, 0x0)
                0x00000000                PROVIDE (HardFaultException, 0x0)
                0x00000000                PROVIDE (MemManageException, 0x0)
                0x00000000                PROVIDE (BusFaultException, 0x0)
                0x00000000                PROVIDE (UsageFaultException, 0x0)
                0x00000000                PROVIDE (SVCHandler, 0x0)
                0x00000000                PROVIDE (DebugMonitor, 0x0)
                0x00000000                PROVIDE (PendSVC, 0x0)
                0x00000000                PROVIDE (SysTickHandler, 0x0)
                0x00000000                PROVIDE (WWDG_IRQHandler, 0x0)
                0x00000000                PROVIDE (PVD_IRQHandler, 0x0)
                0x00000000                PROVIDE (TAMPER_IRQHandler, 0x0)
                0x00000000                PROVIDE (RTC_IRQHandler, 0x0)
                0x00000000                PROVIDE (FLASH_IRQHandler, 0x0)
                0x00000000                PROVIDE (RCC_IRQHandler, 0x0)
                0x00000000                PROVIDE (EXTI0_IRQHandler, 0x0)
                0x00000000                PROVIDE (EXTI1_IRQHandler, 0x0)
                0x00000000                PROVIDE (EXTI2_IRQHandler, 0x0)
                0x00000000                PROVIDE (EXTI3_IRQHandler, 0x0)
                0x00000000                PROVIDE (EXTI4_IRQHandler, 0x0)
                0x00000000                PROVIDE (DMAChannel1_IRQHandler, 0x0)
                0x00000000                PROVIDE (DMAChannel2_IRQHandler, 0x0)
                0x00000000                PROVIDE (DMAChannel3_IRQHandler, 0x0)
                0x00000000                PROVIDE (DMAChannel4_IRQHandler, 0x0)
                0x00000000                PROVIDE (DMAChannel5_IRQHandler, 0x0)
                0x00000000                PROVIDE (DMAChannel6_IRQHandler, 0x0)
                0x00000000                PROVIDE (DMAChannel7_IRQHandler, 0x0)
                0x00000000                PROVIDE (ADC_IRQHandler, 0x0)
                0x00000000                PROVIDE (USB_HP_CAN_TX_IRQHandler, 0x0)
                0x00000000                PROVIDE (USB_LP_CAN_RX0_IRQHandler, 0x0)
                0x00000000                PROVIDE (CAN_RX1_IRQHandler, 0x0)
                0x00000000                PROVIDE (CAN_SCE_IRQHandler, 0x0)
                0x00000000                PROVIDE (EXTI9_5_IRQHandler, 0x0)
                0x00000000                PROVIDE (TIM1_BRK_IRQHandler, 0x0)
                0x00000000                PROVIDE (TIM1_UP_IRQHandler, 0x0)
                0x00000000                PROVIDE (TIM1_TRG_COM_IRQHandler, 0x0)
                0x00000000                PROVIDE (TIM1_CC_IRQHandler, 0x0)
                0x00000000                PROVIDE (TIM2_IRQHandler, 0x0)
                0x00000000                PROVIDE (TIM3_IRQHandler, 0x0)
                0x00000000                PROVIDE (TIM4_IRQHandler, 0x0)
                0x00000000                PROVIDE (I2C1_EV_IRQHandler, 0x0)
                0x00000000                PROVIDE (I2C1_ER_IRQHandler, 0x0)
                0x00000000                PROVIDE (I2C2_EV_IRQHandler, 0x0)
                0x00000000                PROVIDE (I2C2_ER_IRQHandler, 0x0)
                0x00000000                PROVIDE (SPI1_IRQHandler, 0x0)
                0x00000000                PROVIDE (SPI2_IRQHandler, 0x0)
                0x00000000                PROVIDE (USART1_IRQHandler, 0x0)
                0x00000000                PROVIDE (USART2_IRQHandler, 0x0)
                0x00000000                PROVIDE (USART3_IRQHandler, 0x0)
                0x00000000                PROVIDE (EXTI15_10_IRQHandler, 0x0)
                0x00000000                PROVIDE (RTCAlarm_IRQHandler, 0x0)
                0x00000000                PROVIDE (USBWakeUp_IRQHandler, 0x0)
                0x40000000                PERIPH_BASE = 0x40000000
                0x20000000                SRAM_BASE = 0x20000000
                0x42000000                PERIPH_BB_BASE = 0x42000000
                0x22000000                SRAM_BB_BASE = 0x22000000
                0x40022000                PROVIDE (FLASH_BASE, 0x40022000)
                0x1ffff800                PROVIDE (OB_BASE, 0x1ffff800)
                0x40000000                APB1PERIPH_BASE = PERIPH_BASE
                0x40010000                APB2PERIPH_BASE = (PERIPH_BASE + 0x10000)
                0x40020000                AHBPERIPH_BASE = (PERIPH_BASE + 0x20000)
                0x40000000                PROVIDE (TIM2, (APB1PERIPH_BASE + 0x0))
                0x40000400                PROVIDE (TIM3, (APB1PERIPH_BASE + 0x400))
                0x40000800                PROVIDE (TIM4, (APB1PERIPH_BASE + 0x800))
                0x40000c00                PROVIDE (TIM5, (APB1PERIPH_BASE + 0xc00))
                0x40001000                PROVIDE (TIM6, (APB1PERIPH_BASE + 0x1000))
                0x40001400                PROVIDE (TIM7, (APB1PERIPH_BASE + 0x1400))
                0x40002800                PROVIDE (RTC, (APB1PERIPH_BASE + 0x2800))
                0x40002c00                PROVIDE (WWDG, (APB1PERIPH_BASE + 0x2c00))
                0x40003000                PROVIDE (IWDG, (APB1PERIPH_BASE + 0x3000))
                0x40003800                PROVIDE (SPI2, (APB1PERIPH_BASE + 0x3800))
                0x40004400                PROVIDE (USART2, (APB1PERIPH_BASE + 0x4400))
                0x40004800                PROVIDE (USART3, (APB1PERIPH_BASE + 0x4800))
                0x40004c00                PROVIDE (UART4, (APB1PERIPH_BASE + 0x4c00))
                0x40005000                PROVIDE (UART5, (APB1PERIPH_BASE + 0x5000))
                0x40005400                PROVIDE (I2C1, (APB1PERIPH_BASE + 0x5400))
                0x40005800                PROVIDE (I2C2, (APB1PERIPH_BASE + 0x5800))
                0x40005c00                PROVIDE (USB, (APB1PERIPH_BASE + 0x5c00))
                0x40006400                PROVIDE (CAN, (APB1PERIPH_BASE + 0x6400))
                0x40006c00                PROVIDE (BKP, (APB1PERIPH_BASE + 0x6c00))
                0x40007000                PROVIDE (PWR, (APB1PERIPH_BASE + 0x7000))
                0x40010000                PROVIDE (AFIO, (APB2PERIPH_BASE + 0x0))
                0x40010400                PROVIDE (EXTI, (APB2PERIPH_BASE + 0x400))
                0x40010800                PROVIDE (GPIOA, (APB2PERIPH_BASE + 0x800))
                0x40010c00                PROVIDE (GPIOB, (APB2PERIPH_BASE + 0xc00))
                0x40011000                PROVIDE (GPIOC, (APB2PERIPH_BASE + 0x1000))
                0x40011400                PROVIDE (GPIOD, (APB2PERIPH_BASE + 0x1400))
                0x40011800                PROVIDE (GPIOE, (APB2PERIPH_BASE + 0x1800))
                0x40012400                PROVIDE (ADC1, (APB2PERIPH_BASE + 0x2400))
                0x40012800                PROVIDE (ADC2, (APB2PERIPH_BASE + 0x2800))
                0x40012c00                PROVIDE (TIM1, (APB2PERIPH_BASE + 0x2c00))
                0x40013000                PROVIDE (SPI1, (APB2PERIPH_BASE + 0x3000))
                0x40013400                PROVIDE (TIM8, (APB2PERIPH_BASE + 0x3400))
                0x40013800                PROVIDE (USART1, (APB2PERIPH_BASE + 0x3800))
                0x40013c00                PROVIDE (ADC3, (APB2PERIPH_BASE + 0x3c00))
                0x40018000                PROVIDE (SDIO, (APB2PERIPH_BASE + 0x8000))
                0x40020000                PROVIDE (DMA, (AHBPERIPH_BASE + 0x0))
                0x40020008                PROVIDE (DMA_Channel1, (AHBPERIPH_BASE + 0x8))
                0x4002001c                PROVIDE (DMA_Channel2, (AHBPERIPH_BASE + 0x1c))
                0x40020030                PROVIDE (DMA_Channel3, (AHBPERIPH_BASE + 0x30))
                0x40020044                PROVIDE (DMA_Channel4, (AHBPERIPH_BASE + 0x44))
                0x40020058                PROVIDE (DMA_Channel5, (AHBPERIPH_BASE + 0x58))
                0x4002006c                PROVIDE (DMA_Channel6, (AHBPERIPH_BASE + 0x6c))
                0x40020080                PROVIDE (DMA_Channel7, (AHBPERIPH_BASE + 0x80))
                0x40021000                PROVIDE (RCC, (AHBPERIPH_BASE + 0x1000))
                0xe000e000                SCS_BASE = 0xe000e000
                0xe000e010                PROVIDE (SysTick, (SCS_BASE + 0x10))
                0xe000e100                PROVIDE (NVIC, (SCS_BASE + 0x100))
                0xe000ed00                PROVIDE (SCB, (SCS_BASE + 0xd00))
                0x2000f000                _estack = 0x2000f000

.isr_vector     0x08003000      0x130
                0x08003000                . = ALIGN (0x4)
 *(.isr_vector)
 .isr_vector    0x08003000      0x130 ./lib/src/stm32f10x_vector.o
                0x08003000                g_pfnVectors
                0x08003130                . = ALIGN (0x4)

.flashtext      0x08003130        0x0
                0x08003130                . = ALIGN (0x4)
 *(.flashtext)
                0x08003130                . = ALIGN (0x4)

.text           0x08003130    0x12c14
                0x08003130                . = ALIGN (0x4)
 ./src/main.o(.text.)
 *(.text)
 .text          0x08003130      0x15c ./src/main.o
                0x08003130                main
 .text          0x0800328c      0x330 ./src/stm32f10x_it.o
                0x0800328c                NMIException
                0x08003298                HardFaultException
                0x080032a0                MemManageException
                0x080032a8                BusFaultException
                0x080032b0                UsageFaultException
                0x080032b8                DebugMonitor
                0x080032c4                SVCHandler
                0x080032d0                PendSVC
                0x080032dc                SysTickHandler
                0x080032e8                WWDG_IRQHandler
                0x080032f4                PVD_IRQHandler
                0x08003300                TAMPER_IRQHandler
                0x0800330c                RTC_IRQHandler
                0x08003318                FLASH_IRQHandler
                0x08003324                RCC_IRQHandler
                0x08003330                EXTI0_IRQHandler
                0x0800333c                EXTI1_IRQHandler
                0x08003348                EXTI2_IRQHandler
                0x08003354                EXTI3_IRQHandler
                0x08003360                EXTI4_IRQHandler
                0x0800336c                DMAChannel1_IRQHandler
                0x0800337c                DMAChannel2_IRQHandler
                0x08003388                DMAChannel3_IRQHandler
                0x08003394                DMAChannel4_IRQHandler
                0x080033a0                DMAChannel5_IRQHandler
                0x080033ac                DMAChannel6_IRQHandler
                0x080033b8                DMAChannel7_IRQHandler
                0x080033c4                ADC_IRQHandler
                0x080033d0                USB_HP_CAN_TX_IRQHandler
                0x080033dc                USB_LP_CAN_RX0_IRQHandler
                0x080033e8                CAN_RX1_IRQHandler
                0x080033f4                CAN_SCE_IRQHandler
                0x08003400                EXTI9_5_IRQHandler
                0x0800340c                TIM1_BRK_IRQHandler
                0x08003418                TIM1_UP_IRQHandler
                0x08003424                TIM1_TRG_COM_IRQHandler
                0x08003430                TIM1_CC_IRQHandler
                0x0800343c                TIM2_IRQHandler
                0x08003448                TIM3_IRQHandler
                0x08003454                TIM4_IRQHandler
                0x08003460                I2C1_EV_IRQHandler
                0x0800346c                I2C1_ER_IRQHandler
                0x08003478                I2C2_EV_IRQHandler
                0x08003484                I2C2_ER_IRQHandler
                0x08003490                SPI1_IRQHandler
                0x0800349c                SPI2_IRQHandler
                0x080034a8                USART1_IRQHandler
                0x080034b4                USART2_IRQHandler
                0x080034c0                USART3_IRQHandler
                0x080034cc                EXTI15_10_IRQHandler
                0x080034d8                RTCAlarm_IRQHandler
                0x080034e4                USBWakeUp_IRQHandler
                0x080034f0                TIM8_BRK_IRQHandler
                0x080034fc                TIM8_UP_IRQHandler
                0x08003508                TIM8_TRG_COM_IRQHandler
                0x08003514                TIM8_CC_IRQHandler
                0x08003520                ADC3_IRQHandler
                0x0800352c                FSMC_IRQHandler
                0x08003538                SDIO_IRQHandler
                0x08003544                TIM5_IRQHandler
                0x08003550                SPI3_IRQHandler
                0x0800355c                UART4_IRQHandler
                0x08003568                UART5_IRQHandler
                0x08003574                TIM6_IRQHandler
                0x08003580                TIM7_IRQHandler
                0x0800358c                DMA2_Channel1_IRQHandler
                0x08003598                DMA2_Channel2_IRQHandler
                0x080035a4                DMA2_Channel3_IRQHandler
                0x080035b0                DMA2_Channel4_5_IRQHandler
 .text          0x080035bc      0x304 ./lib/src/coron_ad.o
                0x080035bc                IOA_AD_init
                0x08003870                AD_enable
                0x08003898                AD_disable
 .text          0x080038c0      0x6a8 ./lib/src/coron_dc.o
                0x080038c0                TIM2_DCmotor_pwm
                0x08003c28                DC_init
                0x08003ec8                DC_enable
                0x08003ef8                DC_disable
 .text          0x08003f68      0x218 ./lib/src/coron_init.o
                0x08003f68                wait_power
                0x08003f98                coron_init
                0x0800401c                coron_RCC_Configuration
                0x080040b4                coron_GPIO_Configuration
                0x08004160                coron_NVIC_Configuration
 .text          0x08004180      0xdb4 ./lib/src/coron_rc.o
                0x08004180                TIM3_RC1_IRQ
                0x0800443c                TIM4_RC2_IRQ
                0x08004700                TIM6_RC_Speed
                0x0800486c                RC_exeHomePosition
                0x080048ec                RC_init
                0x08004e34                RC_enable
                0x08004e6c                RC_disable
                0x08004ea4                RC_move
 .text          0x08004f34      0xf38 ./lib/src/coron_sdfat.o
                0x08004f34                SD_FATinit
                0x08005060                SD_read
                0x0800515c                SD_write
                0x08005230                SD_char_to_num
                0x08005594                SD_num_to_char
                0x0800590c                SD_getDirSector
                0x08005a9c                SD_getFileList
                0x08005d18                SD_serchDirectory
 .text          0x08005e6c      0x868 ./lib/src/coron_sdtxt.o
                0x08005e6c                SD_search_txt
                0x08005ed0                SD_txt_USBput
                0x080060f0                SD_txt_UARTput
                0x08006310                SD_txt_read_c
                0x08006370                SD_txt_write_c
                0x080063f0                SD_txt_read_s
                0x08006554                SD_txt_write_s
 .text          0x080066d4      0x368 ./lib/src/coron_sdwav.o
                0x080066d4                SD_search_wav
                0x08006738                SD_play_wav
 .text          0x08006a3c      0x2dc ./lib/src/coron_sound.o
                0x08006a3c                SPK_init
                0x08006ba4                TIM5_SOUND_IRQ
 .text          0x08006d18      0x7c8 ./lib/src/coron_uart.o
                0x08006d18                UART_init
                0x08006de0                UART_putc
                0x08006e18                UART_puts
                0x08006e54                UART_putd
                0x08006e94                UART_getc
                0x08006ed4                UART_gets
                0x08006f2c                UART_put_x16
                0x08006f5c                UART_putx
                0x08007128                UART_putn
 .text          0x080074e0      0x220 ./lib/src/coron_usbcdc.o
                0x080074e0                Set_USBClock
                0x080074fc                Enter_LowPowerMode
                0x08007514                Leave_LowPowerMode
                0x08007554                USB_Interrupts_Config
                0x080075a4                USB_Cable_Config
                0x080075e0                Get_SerialNum
 .text          0x08007700      0x9cc ./lib/src/coron_usbprint.o
                0x08007700                put_x16
                0x08007730                USB_putx
                0x080078fc                USB_putn
                0x08007cb4                USB_putc
                0x08007d84                USB_puts
                0x08007e7c                USB_putd
                0x08007f48                USB_getc
                0x08007fbc                USB_gets
                0x0800802c                USB_getr
                0x080080b0                USB_getd
 .text          0x080080cc      0x210 ./lib/src/coron_wait.o
                0x080080cc                wait_loop
                0x080080f4                wait_init
                0x08008100                Handler_SysTick
                0x08008140                SysTick_Configuration
                0x08008168                wait_timer
                0x080081c4                wait_timer_sec
                0x08008224                wait_timer_msec
                0x08008280                wait_timer_usec
 .text          0x080082dc       0x6e ./lib/src/cortexm3_macro.o
                0x080082dc                __WFI
                0x080082e0                __WFE
                0x080082e4                __SEV
                0x080082e8                __ISB
                0x080082ee                __DSB
                0x080082f4                __DMB
                0x080082fa                __SVC
                0x080082fe                __MRS_CONTROL
                0x08008304                __MSR_CONTROL
                0x0800830e                __MRS_PSP
                0x08008314                __MSR_PSP
                0x0800831a                __MRS_MSP
                0x08008320                __MSR_MSP
                0x08008326                __SETPRIMASK
                0x0800832a                __RESETPRIMASK
                0x0800832e                __SETFAULTMASK
                0x08008332                __RESETFAULTMASK
                0x08008336                __BASEPRICONFIG
                0x0800833c                __GetBASEPRI
                0x08008342                __REV_HalfWord
                0x08008346                __REV_Word
 *fill*         0x0800834a        0x2 00
 .text          0x0800834c     0x40f0 ./lib/src/sdcard.o
                0x0800834c                SD_Init
                0x08008478                SD_PowerON
                0x080087f0                SD_PowerOFF
                0x08008810                SD_InitializeCards
                0x08008a84                SD_GetCardInfo
                0x08009168                SD_EnableWideBusOperation
                0x080092cc                SD_SetDeviceMode
                0x08009310                SD_SelectDeselect
                0x08009388                SD_ReadBlock
                0x080097dc                SD_ReadMultiBlocks
                0x08009d38                SD_WriteBlock
                0x0800a3ac                SD_WriteMultiBlocks
                0x0800ab40                SD_GetTransferState
                0x0800ab68                SD_StopTransfer
                0x0800abe0                SD_Erase
                0x0800ae30                SD_SendStatus
                0x0800aedc                SD_SendSDStatus
                0x0800b248                SD_ProcessIRQSrc
 .text          0x0800c43c      0xb4c ./lib/src/stm32f10x_adc.o
                0x0800c43c                ADC_DeInit
                0x0800c4c4                ADC_Init
                0x0800c588                ADC_StructInit
                0x0800c5cc                ADC_Cmd
                0x0800c604                ADC_DMACmd
                0x0800c63c                ADC_ITConfig
                0x0800c688                ADC_ResetCalibration
                0x0800c6a8                ADC_GetResetCalibrationStatus
                0x0800c6e0                ADC_StartCalibration
                0x0800c700                ADC_GetCalibrationStatus
                0x0800c738                ADC_SoftwareStartConvCmd
                0x0800c770                ADC_GetSoftwareStartConvStatus
                0x0800c7a8                ADC_DiscModeChannelCountConfig
                0x0800c7f4                ADC_DiscModeCmd
                0x0800c82c                ADC_RegularChannelConfig
                0x0800c9fc                ADC_ExternalTrigConvCmd
                0x0800ca34                ADC_GetConversionValue
                0x0800ca50                ADC_GetDualModeConversionValue
                0x0800ca68                ADC_AutoInjectedConvCmd
                0x0800caa0                ADC_InjectedDiscModeCmd
                0x0800cad8                ADC_ExternalTrigInjectedConvConfig
                0x0800cb10                ADC_ExternalTrigInjectedConvCmd
                0x0800cb48                ADC_SoftwareStartInjectedConvCmd
                0x0800cb80                ADC_GetSoftwareStartInjectedConvCmdStatus
                0x0800cbb8                ADC_InjectedChannelConfig
                0x0800cd08                ADC_InjectedSequencerLengthConfig
                0x0800cd54                ADC_SetInjectedOffset
                0x0800cd7c                ADC_GetInjectedConversionValue
                0x0800cda8                ADC_AnalogWatchdogCmd
                0x0800cde4                ADC_AnalogWatchdogThresholdsConfig
                0x0800ce0c                ADC_AnalogWatchdogSingleChannelConfig
                0x0800ce48                ADC_TempSensorVrefintCmd
                0x0800ce94                ADC_GetFlagStatus
                0x0800ced0                ADC_ClearFlag
                0x0800cef0                ADC_GetITStatus
                0x0800cf58                ADC_ClearITPendingBit
 .text          0x0800cf88      0x38c ./lib/src/stm32f10x_dac.o
                0x0800cf88                DAC_DeInit
                0x0800cfa8                DAC_Init
                0x0800d024                DAC_StructInit
                0x0800d058                DAC_Cmd
                0x0800d0c0                DAC_DMACmd
                0x0800d128                DAC_SoftwareTriggerCmd
                0x0800d198                DAC_DualSoftwareTriggerCmd
                0x0800d1e4                DAC_WaveGenerationCmd
                0x0800d248                DAC_SetChannel1Data
                0x0800d270                DAC_SetChannel2Data
                0x0800d298                DAC_SetDualChannelData
                0x0800d2ec                DAC_GetDataOutputValue
 .text          0x0800d314      0x500 ./lib/src/stm32f10x_dma.o
                0x0800d314                DMA_DeInit
                0x0800d554                DMA_Init
                0x0800d5e4                DMA_StructInit
                0x0800d650                DMA_Cmd
                0x0800d688                DMA_ITConfig
                0x0800d6c8                DMA_GetCurrDataCounter
                0x0800d6e4                DMA_GetFlagStatus
                0x0800d744                DMA_ClearFlag
                0x0800d77c                DMA_GetITStatus
                0x0800d7dc                DMA_ClearITPendingBit
 .text          0x0800d814       0xcc ./lib/src/stm32f10x_flash.o
                0x0800d814                FLASH_SetLatency
                0x0800d858                FLASH_HalfCycleAccessCmd
                0x0800d89c                FLASH_PrefetchBufferCmd
 .text          0x0800d8e0      0x6e8 ./lib/src/stm32f10x_gpio.o
                0x0800d8e0                GPIO_DeInit
                0x0800da10                GPIO_AFIODeInit
                0x0800da30                GPIO_Init
                0x0800dbf0                GPIO_StructInit
                0x0800dc1c                GPIO_ReadInputDataBit
                0x0800dc58                GPIO_ReadInputData
                0x0800dc74                GPIO_ReadOutputDataBit
                0x0800dcb0                GPIO_ReadOutputData
                0x0800dccc                GPIO_SetBits
                0x0800dce8                GPIO_ResetBits
                0x0800dd04                GPIO_WriteBit
                0x0800dd34                GPIO_Write
                0x0800dd50                GPIO_PinLockConfig
                0x0800dd94                GPIO_EventOutputConfig
                0x0800ddf4                GPIO_EventOutputCmd
                0x0800de14                GPIO_PinRemapConfig
                0x0800df10                GPIO_EXTILineConfig
 .text          0x0800dfc8      0x974 ./lib/src/stm32f10x_nvic.o
                0x0800dfc8                NVIC_DeInit
                0x0800e04c                NVIC_SCBDeInit
                0x0800e110                NVIC_PriorityGroupConfig
                0x0800e138                NVIC_Init
                0x0800e29c                NVIC_StructInit
                0x0800e2d0                NVIC_SETPRIMASK
                0x0800e2dc                NVIC_RESETPRIMASK
                0x0800e2e8                NVIC_SETFAULTMASK
                0x0800e2f4                NVIC_RESETFAULTMASK
                0x0800e300                NVIC_BASEPRICONFIG
                0x0800e31c                NVIC_GetBASEPRI
                0x0800e32c                NVIC_GetCurrentPendingIRQChannel
                0x0800e354                NVIC_GetIRQChannelPendingBitStatus
                0x0800e3bc                NVIC_SetIRQChannelPendingBit
                0x0800e3dc                NVIC_ClearIRQChannelPendingBit
                0x0800e418                NVIC_GetCurrentActiveHandler
                0x0800e438                NVIC_GetIRQChannelActiveBitStatus
                0x0800e4a0                NVIC_GetCPUID
                0x0800e4b8                NVIC_SetVectorTable
                0x0800e4e8                NVIC_GenerateSystemReset
                0x0800e504                NVIC_GenerateCoreReset
                0x0800e520                NVIC_SystemLPConfig
                0x0800e578                NVIC_SystemHandlerConfig
                0x0800e5e4                NVIC_SystemHandlerPriorityConfig
                0x0800e6f4                NVIC_GetSystemHandlerPendingBitStatus
                0x0800e760                NVIC_SetSystemHandlerPendingBit
                0x0800e7a4                NVIC_ClearSystemHandlerPendingBit
                0x0800e7ec                NVIC_GetSystemHandlerActiveBitStatus
                0x0800e854                NVIC_GetFaultHandlerSources
                0x0800e8ec                NVIC_GetFaultAddress
 .text          0x0800e93c      0xa04 ./lib/src/stm32f10x_rcc.o
                0x0800e93c                RCC_DeInit
                0x0800e9d8                RCC_HSEConfig
                0x0800ea5c                RCC_WaitForHSEStartUp
                0x0800eac0                RCC_AdjustHSICalibrationValue
                0x0800eb08                RCC_HSICmd
                0x0800eb28                RCC_PLLConfig
                0x0800eb74                RCC_PLLCmd
                0x0800eb94                RCC_SYSCLKConfig
                0x0800ebd8                RCC_GetSYSCLKSource
                0x0800ebf4                RCC_HCLKConfig
                0x0800ec38                RCC_PCLK1Config
                0x0800ec7c                RCC_PCLK2Config
                0x0800ecc4                RCC_ITConfig
                0x0800ed28                RCC_USBCLKConfig
                0x0800ed48                RCC_ADCCLKConfig
                0x0800ed8c                RCC_LSEConfig
                0x0800ede8                RCC_LSICmd
                0x0800ee08                RCC_RTCCLKConfig
                0x0800ee34                RCC_RTCCLKCmd
                0x0800ee54                RCC_GetClocksFreq
                0x0800f014                RCC_AHBPeriphClockCmd
                0x0800f06c                RCC_APB2PeriphClockCmd
                0x0800f0c4                RCC_APB1PeriphClockCmd
                0x0800f11c                RCC_APB2PeriphResetCmd
                0x0800f174                RCC_APB1PeriphResetCmd
                0x0800f1cc                RCC_BackupResetCmd
                0x0800f1ec                RCC_ClockSecuritySystemCmd
                0x0800f20c                RCC_MCOConfig
                0x0800f22c                RCC_GetFlagStatus
                0x0800f2bc                RCC_ClearFlag
                0x0800f2e0                RCC_GetITStatus
                0x0800f320                RCC_ClearITPendingBit
 .text          0x0800f340      0x614 ./lib/src/stm32f10x_sdio.o
                0x0800f340                SDIO_DeInit
                0x0800f3cc                SDIO_Init
                0x0800f440                SDIO_StructInit
                0x0800f484                SDIO_ClockCmd
                0x0800f4a4                SDIO_SetPowerState
                0x0800f4e8                SDIO_GetPowerState
                0x0800f504                SDIO_ITConfig
                0x0800f55c                SDIO_DMACmd
                0x0800f57c                SDIO_SendCommand
                0x0800f5ec                SDIO_CmdStructInit
                0x0800f628                SDIO_GetCommandResponse
                0x0800f640                SDIO_GetResponse
                0x0800f664                SDIO_DataConfig
                0x0800f6dc                SDIO_DataStructInit
                0x0800f720                SDIO_GetDataCounter
                0x0800f738                SDIO_ReadData
                0x0800f750                SDIO_WriteData
                0x0800f770                SDIO_GetFIFOCount
                0x0800f788                SDIO_StartSDIOReadWait
                0x0800f7a8                SDIO_StopSDIOReadWait
                0x0800f7c8                SDIO_SetSDIOReadWaitMode
                0x0800f7e8                SDIO_SetSDIOOperation
                0x0800f808                SDIO_SendSDIOSuspendCmd
                0x0800f828                SDIO_CommandCompletionCmd
                0x0800f848                SDIO_CEATAITCmd
                0x0800f874                SDIO_SendCEATACmd
                0x0800f894                SDIO_GetFlagStatus
                0x0800f8d4                SDIO_ClearFlag
                0x0800f8f4                SDIO_GetITStatus
                0x0800f934                SDIO_ClearITPendingBit
 .text          0x0800f954      0x1a8 ./lib/src/stm32f10x_systick.o
                0x0800f954                SysTick_CLKSourceConfig
                0x0800f9a0                SysTick_SetReload
                0x0800f9c0                SysTick_CounterCmd
                0x0800fa24                SysTick_ITConfig
                0x0800fa70                SysTick_GetCounter
                0x0800fa88                SysTick_GetFlagStatus
 .text          0x0800fafc     0x1e6c ./lib/src/stm32f10x_tim.o
                0x0800fafc                TIM_DeInit
                0x0800fc58                TIM_TimeBaseInit
                0x0800fcdc                TIM_OC1Init
                0x0800fe04                TIM_OC2Init
                0x0800ff54                TIM_OC3Init
                0x080100a0                TIM_OC4Init
                0x08010198                TIM_ICInit
                0x08010240                TIM_PWMIConfig
                0x08010304                TIM_BDTRConfig
                0x08010360                TIM_TimeBaseStructInit
                0x0801039c                TIM_OCStructInit
                0x080103f0                TIM_ICStructInit
                0x0801042c                TIM_BDTRStructInit
                0x08010478                TIM_Cmd
                0x080104c0                TIM_CtrlPWMOutputs
                0x0801050c                TIM_ITConfig
                0x08010558                TIM_GenerateEvent
                0x08010574                TIM_DMAConfig
                0x080105a0                TIM_DMACmd
                0x080105ec                TIM_InternalClockConfig
                0x08010618                TIM_ITRxExternalClockConfig
                0x08010648                TIM_TIxExternalClockConfig
                0x080106a0                TIM_ETRClockMode1Config
                0x080106f4                TIM_ETRClockMode2Config
                0x08010728                TIM_ETRConfig
                0x0801077c                TIM_PrescalerConfig
                0x080107a4                TIM_CounterModeConfig
                0x080107e8                TIM_SelectInputTrigger
                0x08010824                TIM_EncoderInterfaceConfig
                0x080108bc                TIM_ForcedOC1Config
                0x080108f8                TIM_ForcedOC2Config
                0x08010938                TIM_ForcedOC3Config
                0x08010974                TIM_ForcedOC4Config
                0x080109b4                TIM_ARRPreloadConfig
                0x080109fc                TIM_SelectCOM
                0x08010a44                TIM_SelectCCDMA
                0x08010a8c                TIM_CCPreloadControl
                0x08010ad4                TIM_OC1PreloadConfig
                0x08010b10                TIM_OC2PreloadConfig
                0x08010b50                TIM_OC3PreloadConfig
                0x08010b8c                TIM_OC4PreloadConfig
                0x08010bcc                TIM_OC1FastConfig
                0x08010c08                TIM_OC2FastConfig
                0x08010c48                TIM_OC3FastConfig
                0x08010c84                TIM_OC4FastConfig
                0x08010cc4                TIM_ClearOC1Ref
                0x08010d00                TIM_ClearOC2Ref
                0x08010d44                TIM_ClearOC3Ref
                0x08010d80                TIM_ClearOC4Ref
                0x08010dc4                TIM_OC1PolarityConfig
                0x08010e00                TIM_OC1NPolarityConfig
                0x08010e3c                TIM_OC2PolarityConfig
                0x08010e7c                TIM_OC2NPolarityConfig
                0x08010ebc                TIM_OC3PolarityConfig
                0x08010efc                TIM_OC3NPolarityConfig
                0x08010f3c                TIM_OC4PolarityConfig
                0x08010f7c                TIM_CCxCmd
                0x08010fd4                TIM_CCxNCmd
                0x0801102c                TIM_SelectOCxM
                0x0801116c                TIM_UpdateDisableConfig
                0x080111b4                TIM_UpdateRequestConfig
                0x080111fc                TIM_SelectHallSensor
                0x08011244                TIM_SelectOnePulseMode
                0x08011288                TIM_SelectOutputTrigger
                0x080112cc                TIM_SelectSlaveMode
                0x08011310                TIM_SelectMasterSlaveMode
                0x08011354                TIM_SetCounter
                0x08011370                TIM_SetAutoreload
                0x0801138c                TIM_SetCompare1
                0x080113a8                TIM_SetCompare2
                0x080113c4                TIM_SetCompare3
                0x080113e0                TIM_SetCompare4
                0x08011400                TIM_SetIC1Prescaler
                0x08011444                TIM_SetIC2Prescaler
                0x0801148c                TIM_SetIC3Prescaler
                0x080114d0                TIM_SetIC4Prescaler
                0x08011518                TIM_SetClockDivision
                0x08011550                TIM_GetCapture1
                0x0801156c                TIM_GetCapture2
                0x08011588                TIM_GetCapture3
                0x080115a4                TIM_GetCapture4
                0x080115c0                TIM_GetCounter
                0x080115dc                TIM_GetPrescaler
                0x080115f8                TIM_GetFlagStatus
                0x08011638                TIM_ClearFlag
                0x0801165c                TIM_GetITStatus
                0x080116c0                TIM_ClearITPendingBit
 .text          0x08011968      0x97c ./lib/src/stm32f10x_usart.o
                0x08011968                USART_DeInit
                0x08011a48                USART_Init
                0x08011bb4                USART_StructInit
                0x08011bf8                USART_ClockInit
                0x08011c5c                USART_ClockStructInit
                0x08011c90                USART_Cmd
                0x08011cd8                USART_ITConfig
                0x08011d84                USART_DMACmd
                0x08011dd0                USART_SetAddress
                0x08011e14                USART_WakeUpConfig
                0x08011e58                USART_ReceiverWakeUpCmd
                0x08011ea0                USART_LINBreakDetectLengthConfig
                0x08011ee4                USART_LINCmd
                0x08011f2c                USART_SendData
                0x08011f50                USART_ReceiveData
                0x08011f74                USART_SendBreak
                0x08011f98                USART_SetGuardTime
                0x08011fd4                USART_SetPrescaler
                0x0801200c                USART_SmartCardCmd
                0x08012054                USART_SmartCardNACKCmd
                0x0801209c                USART_HalfDuplexCmd
                0x080120e4                USART_IrDAConfig
                0x08012128                USART_IrDACmd
                0x08012170                USART_GetFlagStatus
                0x080121b0                USART_ClearFlag
                0x080121d4                USART_GetITStatus
                0x080122a0                USART_ClearITPendingBit
 .text          0x080122e4       0x88 ./lib/src/stm32f10x_vector.o
                0x080122e4                Reset_Handler
 .text          0x0801236c     0x1428 ./lib/src/usb_core.o
                0x0801236c                Standard_GetConfiguration
                0x080123b8                Standard_SetConfiguration
                0x0801242c                Standard_GetInterface
                0x08012478                Standard_SetInterface
                0x08012540                Standard_GetStatus
                0x080126e8                Standard_ClearFeature
                0x08012910                Standard_SetEndPointFeature
                0x08012a50                Standard_SetDeviceFeature
                0x08012a8c                Standard_GetDescriptorData
                0x08013444                Setup0_Process
                0x08013554                In0_Process
                0x08013610                Out0_Process
                0x0801369c                Post0_Process
                0x080136fc                SetDeviceAddress
                0x08013788                NOP_Process
 .text          0x08013794       0x5c ./lib/src/usb_endp.o
                0x08013794                EP3_OUT_Callback
                0x080137d8                EP1_IN_Callback
 .text          0x080137f0       0x5c ./lib/src/usb_init.o
                0x080137f0                USB_Init
 .text          0x0801384c      0x700 ./lib/src/usb_int.o
                0x0801384c                CTR_LP
                0x08013df4                CTR_HP
 .text          0x08013f4c      0x170 ./lib/src/usb_istr.o
                0x08013f4c                USB_Istr
 .text          0x080140bc       0xf8 ./lib/src/usb_mem.o
                0x080140bc                UserToPMABufferCopy
                0x08014148                PMAToUserBufferCopy
 .text          0x080141b4      0x46c ./lib/src/usb_prop.o
                0x080141b4                Virtual_Com_Port_init
                0x08014214                Virtual_Com_Port_Reset
                0x08014364                Virtual_Com_Port_SetConfiguration
                0x08014394                Virtual_Com_Port_SetDeviceAddress
                0x080143ac                Virtual_Com_Port_Status_In
                0x080143d4                Virtual_Com_Port_Status_Out
                0x080143e0                Virtual_Com_Port_Data_Setup
                0x0801448c                Virtual_Com_Port_NoData_Setup
                0x080144d4                Virtual_Com_Port_GetDeviceDescriptor
                0x080144fc                Virtual_Com_Port_GetConfigDescriptor
                0x08014524                Virtual_Com_Port_GetStringDescriptor
                0x08014570                Virtual_Com_Port_Get_Interface_Setting
                0x080145a8                Virtual_Com_Port_GetLineCoding
                0x080145e4                Virtual_Com_Port_SetLineCoding
 .text          0x08014620      0x2dc ./lib/src/usb_pwr.o
                0x08014620                PowerOn
                0x080146a0                PowerOff
                0x080146e0                Suspend
                0x08014734                Resume_Init
                0x08014774                Resume
 .text          0x080148fc     0x1228 ./lib/src/usb_regs.o
                0x080148fc                SetCNTR
                0x0801491c                GetCNTR
                0x08014934                SetISTR
                0x08014954                GetISTR
                0x0801496c                GetFNR
                0x08014984                SetDADDR
                0x080149a4                GetDADDR
                0x080149bc                SetBTABLE
                0x080149e8                GetBTABLE
                0x08014a00                SetENDPOINT
                0x08014a2c                GetENDPOINT
                0x08014a54                SetEPType
                0x08014aa8                GetEPType
                0x08014ad4                SetEPTxStatus
                0x08014b40                SetEPRxStatus
                0x08014bac                SetDouBleBuffEPStall
                0x08014c08                GetEPTxStatus
                0x08014c34                GetEPRxStatus
                0x08014c60                SetEPTxValid
                0x08014cb4                SetEPRxValid
                0x08014d08                SetEP_KIND
                0x08014d54                ClearEP_KIND
                0x08014d98                Clear_Status_Out
                0x08014ddc                Set_Status_Out
                0x08014e28                SetEPDoubleBuff
                0x08014e74                ClearEPDoubleBuff
                0x08014eb8                GetTxStallStatus
                0x08014eec                GetRxStallStatus
                0x08014f24                ClearEP_CTR_RX
                0x08014f68                ClearEP_CTR_TX
                0x08014fac                ToggleDTOG_RX
                0x08014ff0                ToggleDTOG_TX
                0x08015034                ClearDTOG_RX
                0x08015094                ClearDTOG_TX
                0x080150f4                SetEPAddress
                0x08015144                GetEPAddress
                0x08015170                SetEPTxAddr
                0x080151b8                SetEPRxAddr
                0x08015204                GetEPTxAddr
                0x08015240                GetEPRxAddr
                0x08015280                SetEPTxCount
                0x080152c0                SetEPCountRxReg
                0x08015330                SetEPRxCount
                0x080153c8                GetEPTxCount
                0x08015410                GetEPRxCount
                0x08015458                SetEPDblBuffAddr
                0x080154d8                SetEPDblBuf0Addr
                0x08015520                SetEPDblBuf1Addr
                0x0801556c                GetEPDblBuf0Addr
                0x080155a8                GetEPDblBuf1Addr
                0x080155e8                SetEPDblBuffCount
                0x08015770                SetEPDblBuf0Count
                0x08015844                SetEPDblBuf1Count
                0x08015918                GetEPDblBuf0Count
                0x08015960                GetEPDblBuf1Count
                0x080159a8                GetEPDblBufDir
                0x08015a34                FreeUserBuffer
                0x08015abc                ToWord
                0x08015aec                ByteSwap
 *(.text.*)
 *(.rodata)
 .rodata        0x08015b24       0x2c ./src/main.o
 .rodata        0x08015b50        0x8 ./lib/src/coron_sdfat.o
                0x08015b50                s_fat16
 .rodata        0x08015b58      0x114 ./lib/src/coron_sdtxt.o
 .rodata        0x08015c6c        0xc ./lib/src/coron_sdwav.o
 .rodata        0x08015c78       0x14 ./lib/src/stm32f10x_rcc.o
 .rodata        0x08015c8c       0xb8 ./lib/src/usb_desc.o
                0x08015c8c                Virtual_Com_Port_DeviceDescriptor
                0x08015ca0                Virtual_Com_Port_ConfigDescriptor
                0x08015ce4                Virtual_Com_Port_StringLangID
                0x08015ce8                Virtual_Com_Port_StringVendor
                0x08015d10                Virtual_Com_Port_StringProduct
 *(.rodata*)
 *(.glue_7)
 .glue_7        0x00000000        0x0 linker stubs
 *(.glue_7t)
 .glue_7t       0x00000000        0x0 linker stubs
                0x08015d44                . = ALIGN (0x4)
                0x08015d44                _etext = .
                0x08015d44                _sidata = _etext

.vfp11_veneer   0x20000000        0x0
 .vfp11_veneer  0x00000000        0x0 linker stubs

.v4_bx          0x20000000        0x0
 .v4_bx         0x00000000        0x0 linker stubs

.data           0x20000000       0xf4 load address 0x08015d44
                0x20000000                . = ALIGN (0x4)
                0x20000000                _sdata = .
 *(.data)
 .data          0x20000000        0x1 ./lib/src/coron_sdfat.o
                0x20000000                Status
 *fill*         0x20000001        0x3 00
 .data          0x20000004        0x8 ./lib/src/sdcard.o
                0x20000008                TransferError
 .data          0x2000000c       0x1c ./lib/src/usb_desc.o
                0x2000000c                Virtual_Com_Port_StringSerial
 .data          0x20000028       0x38 ./lib/src/usb_istr.o
                0x20000028                pEpInt_IN
                0x20000044                pEpInt_OUT
 .data          0x20000060       0x90 ./lib/src/usb_prop.o
                0x20000060                linecoding
                0x20000068                Device_Table
                0x2000006c                Device_Property
                0x2000009c                User_Standard_Requests
                0x200000c0                Device_Descriptor
                0x200000c8                Config_Descriptor
                0x200000d0                String_Descriptor
 .data          0x200000f0        0x1 ./lib/src/usb_pwr.o
                0x200000f0                fSuspendEnabled
 *(.data.*)
                0x200000f4                . = ALIGN (0x4)
 *fill*         0x200000f1        0x3 00
                0x200000f4                _edata = .

.bss            0x200000f4     0x2dc0 load address 0x08015e38
                0x200000f4                . = ALIGN (0x4)
                0x200000f4                _sbss = .
 *(.bss)
 .bss           0x200000f4        0xc ./lib/src/coron_ad.o
                0x200000f4                coron_IOA_ADValue
 .bss           0x20000100        0x4 ./lib/src/coron_dc.o
                0x20000100                mot1_cw
                0x20000101                mot2_cw
                0x20000102                mot1_duty
                0x20000103                mot2_duty
 .bss           0x20000104        0x3 ./lib/src/coron_rc.o
                0x20000104                rc_step_flag
                0x20000105                rc_step_num
                0x20000106                rc_step_count
 *fill*         0x20000107        0x1 00
 .bss           0x20000108       0x14 ./lib/src/coron_sdfat.o
                0x20000108                hidden_sector
                0x2000010c                fat_sector
                0x20000110                dir_sector
                0x20000114                dat_sector
                0x20000118                sectors_per_cluster
 .bss           0x2000011c        0x4 ./lib/src/coron_sdtxt.o
                0x2000011c                txt_dir_sector
 .bss           0x20000120        0x4 ./lib/src/coron_sdwav.o
                0x20000120                sound_sector
 .bss           0x20000124        0x8 ./lib/src/coron_sound.o
                0x20000124                sound_flag
                0x20000126                sound_buf0_count
                0x20000128                sound_buf1_count
                0x2000012a                read_flag
 .bss           0x2000012c        0x4 ./lib/src/coron_usbprint.o
                0x2000012c                timeout_cnt
 .bss           0x20000130        0x8 ./lib/src/coron_wait.o
                0x20000130                wait_timer_flag
                0x20000134                wait_timer_count
 .bss           0x20000138       0x38 ./lib/src/sdcard.o
                0x20000168                TransferEnd
                0x2000016c                NumberOfBytes
 .bss           0x20000170        0x1 ./lib/src/usb_core.o
                0x20000170                Data_Mul_MaxPacketSize
 *fill*         0x20000171        0x3 00
 .bss           0x20000174        0x8 ./lib/src/usb_endp.o
                0x20000174                count_out
                0x20000178                count_in
 .bss           0x2000017c        0x2 ./lib/src/usb_istr.o
                0x2000017c                bIntPackSOF
                0x2000017d                usbConnectFlag
 .bss           0x2000017e        0x1 ./lib/src/usb_prop.o
                0x2000017e                Request
 *fill*         0x2000017f        0x1 00
 .bss           0x20000180        0x4 ./lib/src/usb_pwr.o
                0x20000180                bDeviceState
 *(COMMON)
 COMMON         0x20000184      0xd8c ./lib/src/coron_rc.o
                0x20000184                rc_mot_motion_spd
                0x200001e8                rc_mot_pos_home
                0x20000208                rc_mot_ch
                0x2000020c                rc_mot_pos_trim
                0x2000022c                rc_mot_pos
                0x2000024c                rc_mot_pos_step
                0x2000026c                rc_mot_motion_cnt
                0x20000270                rc_mot_motion_pos
                0x20000ef0                rc_mot_ipos
 COMMON         0x20000f10     0x1450 ./lib/src/coron_sdfat.o
                0x20000f10                Buffer_Block_Tx
                0x20001110                Buffer_MultiBlock_Rx
                0x20001510                buf512
                0x20001d10                SDCardInfo
                0x20001d60                Buffer_Block_Rx
                0x20001f60                Buffer_MultiBlock_Tx
 COMMON         0x20002360      0x324 ./lib/src/coron_sdtxt.o
                0x20002360                txt_name
                0x200024f0                txt_sector_num
                0x200025b8                txt_count
                0x200025bc                txt_size
 COMMON         0x20002684      0x324 ./lib/src/coron_sdwav.o
                0x20002684                wav_name
                0x20002814                wav_sector_num
                0x200028dc                wav_count
                0x200028e0                wav_size
 COMMON         0x200029a8      0x400 ./lib/src/coron_sound.o
                0x200029a8                sound_buf
 COMMON         0x20002da8       0x80 ./lib/src/coron_usbcdc.o
                0x20002da8                buffer_in
                0x20002de8                buffer_out
 COMMON         0x20002e28       0x4c ./lib/src/sdcard.o
                0x20002e28                SDIO_CmdInitStructure
                0x20002e3c                DestBuffer
                0x20002e40                SDIO_InitStructure
                0x20002e58                SDIO_DataInitStructure
                0x20002e70                SrcBuffer
 COMMON         0x20002e74        0x2 ./lib/src/usb_core.o
                0x20002e74                StatusInfo
 *fill*         0x20002e76        0x2 00
 COMMON         0x20002e78       0x32 ./lib/src/usb_init.o
                0x20002e78                SaveState
                0x20002e7c                pProperty
                0x20002e80                EPindex
                0x20002e84                Device_Info
                0x20002ea0                pUser_Standard_Requests
                0x20002ea4                pInformation
                0x20002ea8                wInterrupt_Mask
 COMMON         0x20002eaa        0x4 ./lib/src/usb_int.o
                0x20002eaa                SaveRState
                0x20002eac                SaveTState
 COMMON         0x20002eae        0x2 ./lib/src/usb_istr.o
                0x20002eae                wIstr
 COMMON         0x20002eb0        0x2 ./lib/src/usb_pwr.o
                0x20002eb0                ResumeS
                0x20002eb4                . = ALIGN (0x4)
 *fill*         0x20002eb2        0x2 00
                0x20002eb4                _ebss = .
                0x20002eb4                PROVIDE (end, _ebss)
                0x20002eb4                PROVIDE (_end, _ebss)

._usrstack      0x20002eb4      0x400 load address 0x08018bf8
                0x20002eb4                . = ALIGN (0x4)
                0x20002eb4                _susrstack = .
                0x200032b4                . = (. + _Minimum_Stack_Size)
 *fill*         0x20002eb4      0x400 00
                0x200032b4                . = ALIGN (0x4)
                0x200032b4                _eusrstack = .

.b1text
 *(.b1text)
 *(.b1rodata)
 *(.b1rodata*)

.eb0text
 *(.eb0text)
 *(.eb0rodata)
 *(.eb0rodata*)

.eb1text
 *(.eb1text)
 *(.eb1rodata)
 *(.eb1rodata*)

.eb2text
 *(.eb2text)
 *(.eb2rodata)
 *(.eb2rodata*)

.eb3text
 *(.eb3text)
 *(.eb3rodata)
 *(.eb3rodata*)
                0x200032b4                __exidx_start = .
                0x200032b4                __exidx_end = .

.stab
 *(.stab)

.stabstr
 *(.stabstr)

.stab.excl
 *(.stab.excl)

.stab.exclstr
 *(.stab.exclstr)

.stab.index
 *(.stab.index)

.stab.indexstr
 *(.stab.indexstr)

.ARM.attributes
                0x00000000       0x2f
 .ARM.attributes
                0x00000000       0x14 c:/coron/gcc/arm/bin/../lib/gcc/arm-none-eabi/4.4.1/crti.o
 .ARM.attributes
                0x00000014       0x30 c:/coron/gcc/arm/bin/../lib/gcc/arm-none-eabi/4.4.1/crtbegin.o
 .ARM.attributes
                0x00000044       0x31 ./src/main.o
 .ARM.attributes
                0x00000075       0x31 ./src/stm32f10x_it.o
 .ARM.attributes
                0x000000a6       0x31 ./lib/src/coron_ad.o
 .ARM.attributes
                0x000000d7       0x31 ./lib/src/coron_dc.o
 .ARM.attributes
                0x00000108       0x31 ./lib/src/coron_init.o
 .ARM.attributes
                0x00000139       0x31 ./lib/src/coron_rc.o
 .ARM.attributes
                0x0000016a       0x31 ./lib/src/coron_sdfat.o
 .ARM.attributes
                0x0000019b       0x31 ./lib/src/coron_sdtxt.o
 .ARM.attributes
                0x000001cc       0x31 ./lib/src/coron_sdwav.o
 .ARM.attributes
                0x000001fd       0x31 ./lib/src/coron_sound.o
 .ARM.attributes
                0x0000022e       0x31 ./lib/src/coron_uart.o
 .ARM.attributes
                0x0000025f       0x31 ./lib/src/coron_usbcdc.o
 .ARM.attributes
                0x00000290       0x31 ./lib/src/coron_usbprint.o
 .ARM.attributes
                0x000002c1       0x31 ./lib/src/coron_wait.o
 .ARM.attributes
                0x000002f2       0x21 ./lib/src/cortexm3_macro.o
 .ARM.attributes
                0x00000313       0x31 ./lib/src/sdcard.o
 .ARM.attributes
                0x00000344       0x31 ./lib/src/stm32f10x_adc.o
 .ARM.attributes
                0x00000375       0x31 ./lib/src/stm32f10x_dac.o
 .ARM.attributes
                0x000003a6       0x31 ./lib/src/stm32f10x_dma.o
 .ARM.attributes
                0x000003d7       0x31 ./lib/src/stm32f10x_exti.o
 .ARM.attributes
                0x00000408       0x31 ./lib/src/stm32f10x_flash.o
 .ARM.attributes
                0x00000439       0x31 ./lib/src/stm32f10x_gpio.o
 .ARM.attributes
                0x0000046a       0x31 ./lib/src/stm32f10x_i2c.o
 .ARM.attributes
                0x0000049b       0x31 ./lib/src/stm32f10x_lib.o
 .ARM.attributes
                0x000004cc       0x31 ./lib/src/stm32f10x_nvic.o
 .ARM.attributes
                0x000004fd       0x31 ./lib/src/stm32f10x_rcc.o
 .ARM.attributes
                0x0000052e       0x31 ./lib/src/stm32f10x_sdio.o
 .ARM.attributes
                0x0000055f       0x31 ./lib/src/stm32f10x_spi.o
 .ARM.attributes
                0x00000590       0x31 ./lib/src/stm32f10x_systick.o
 .ARM.attributes
                0x000005c1       0x31 ./lib/src/stm32f10x_tim.o
 .ARM.attributes
                0x000005f2       0x31 ./lib/src/stm32f10x_usart.o
 .ARM.attributes
                0x00000623       0x31 ./lib/src/stm32f10x_vector.o
 .ARM.attributes
                0x00000654       0x31 ./lib/src/syscalls.o
 .ARM.attributes
                0x00000685       0x31 ./lib/src/usb_core.o
 .ARM.attributes
                0x000006b6       0x31 ./lib/src/usb_desc.o
 .ARM.attributes
                0x000006e7       0x31 ./lib/src/usb_endp.o
 .ARM.attributes
                0x00000718       0x31 ./lib/src/usb_init.o
 .ARM.attributes
                0x00000749       0x31 ./lib/src/usb_int.o
 .ARM.attributes
                0x0000077a       0x31 ./lib/src/usb_istr.o
 .ARM.attributes
                0x000007ab       0x31 ./lib/src/usb_mem.o
 .ARM.attributes
                0x000007dc       0x31 ./lib/src/usb_prop.o
 .ARM.attributes
                0x0000080d       0x31 ./lib/src/usb_pwr.o
 .ARM.attributes
                0x0000083e       0x31 ./lib/src/usb_regs.o
 .ARM.attributes
                0x0000086f       0x30 c:/coron/gcc/arm/bin/../lib/gcc/arm-none-eabi/4.4.1/crtend.o
 .ARM.attributes
                0x0000089f       0x16 c:/coron/gcc/arm/bin/../lib/gcc/arm-none-eabi/4.4.1/crtn.o

.comment        0x00000000      0x6e4
 *(.comment)
 .comment       0x00000000       0x2a ./src/main.o
 .comment       0x0000002a       0x2a ./src/stm32f10x_it.o
 .comment       0x00000054       0x2a ./lib/src/coron_ad.o
 .comment       0x0000007e       0x2a ./lib/src/coron_dc.o
 .comment       0x000000a8       0x2a ./lib/src/coron_init.o
 .comment       0x000000d2       0x2a ./lib/src/coron_rc.o
 .comment       0x000000fc       0x2a ./lib/src/coron_sdfat.o
 .comment       0x00000126       0x2a ./lib/src/coron_sdtxt.o
 .comment       0x00000150       0x2a ./lib/src/coron_sdwav.o
 .comment       0x0000017a       0x2a ./lib/src/coron_sound.o
 .comment       0x000001a4       0x2a ./lib/src/coron_uart.o
 .comment       0x000001ce       0x2a ./lib/src/coron_usbcdc.o
 .comment       0x000001f8       0x2a ./lib/src/coron_usbprint.o
 .comment       0x00000222       0x2a ./lib/src/coron_wait.o
 .comment       0x0000024c       0x2a ./lib/src/sdcard.o
 .comment       0x00000276       0x2a ./lib/src/stm32f10x_adc.o
 .comment       0x000002a0       0x2a ./lib/src/stm32f10x_dac.o
 .comment       0x000002ca       0x2a ./lib/src/stm32f10x_dma.o
 .comment       0x000002f4       0x2a ./lib/src/stm32f10x_exti.o
 .comment       0x0000031e       0x2a ./lib/src/stm32f10x_flash.o
 .comment       0x00000348       0x2a ./lib/src/stm32f10x_gpio.o
 .comment       0x00000372       0x2a ./lib/src/stm32f10x_i2c.o
 .comment       0x0000039c       0x2a ./lib/src/stm32f10x_lib.o
 .comment       0x000003c6       0x2a ./lib/src/stm32f10x_nvic.o
 .comment       0x000003f0       0x2a ./lib/src/stm32f10x_rcc.o
 .comment       0x0000041a       0x2a ./lib/src/stm32f10x_sdio.o
 .comment       0x00000444       0x2a ./lib/src/stm32f10x_spi.o
 .comment       0x0000046e       0x2a ./lib/src/stm32f10x_systick.o
 .comment       0x00000498       0x2a ./lib/src/stm32f10x_tim.o
 .comment       0x000004c2       0x2a ./lib/src/stm32f10x_usart.o
 .comment       0x000004ec       0x2a ./lib/src/stm32f10x_vector.o
 .comment       0x00000516       0x2a ./lib/src/syscalls.o
 .comment       0x00000540       0x2a ./lib/src/usb_core.o
 .comment       0x0000056a       0x2a ./lib/src/usb_desc.o
 .comment       0x00000594       0x2a ./lib/src/usb_endp.o
 .comment       0x000005be       0x2a ./lib/src/usb_init.o
 .comment       0x000005e8       0x2a ./lib/src/usb_int.o
 .comment       0x00000612       0x2a ./lib/src/usb_istr.o
 .comment       0x0000063c       0x2a ./lib/src/usb_mem.o
 .comment       0x00000666       0x2a ./lib/src/usb_prop.o
 .comment       0x00000690       0x2a ./lib/src/usb_pwr.o
 .comment       0x000006ba       0x2a ./lib/src/usb_regs.o

.debug
 *(.debug)

.line
 *(.line)

.debug_srcinfo
 *(.debug_srcinfo)

.debug_sfnames
 *(.debug_sfnames)

.debug_aranges  0x00000000      0x4a0
 *(.debug_aranges)
 .debug_aranges
                0x00000000       0x20 ./src/main.o
 .debug_aranges
                0x00000020       0x20 ./src/stm32f10x_it.o
 .debug_aranges
                0x00000040       0x20 ./lib/src/coron_ad.o
 .debug_aranges
                0x00000060       0x20 ./lib/src/coron_dc.o
 .debug_aranges
                0x00000080       0x20 ./lib/src/coron_init.o
 .debug_aranges
                0x000000a0       0x20 ./lib/src/coron_rc.o
 .debug_aranges
                0x000000c0       0x20 ./lib/src/coron_sdfat.o
 .debug_aranges
                0x000000e0       0x20 ./lib/src/coron_sdtxt.o
 .debug_aranges
                0x00000100       0x20 ./lib/src/coron_sdwav.o
 .debug_aranges
                0x00000120       0x20 ./lib/src/coron_sound.o
 .debug_aranges
                0x00000140       0x20 ./lib/src/coron_uart.o
 .debug_aranges
                0x00000160       0x20 ./lib/src/coron_usbcdc.o
 .debug_aranges
                0x00000180       0x20 ./lib/src/coron_usbprint.o
 .debug_aranges
                0x000001a0       0x20 ./lib/src/coron_wait.o
 .debug_aranges
                0x000001c0       0x20 ./lib/src/sdcard.o
 .debug_aranges
                0x000001e0       0x20 ./lib/src/stm32f10x_adc.o
 .debug_aranges
                0x00000200       0x20 ./lib/src/stm32f10x_dac.o
 .debug_aranges
                0x00000220       0x20 ./lib/src/stm32f10x_dma.o
 .debug_aranges
                0x00000240       0x20 ./lib/src/stm32f10x_flash.o
 .debug_aranges
                0x00000260       0x20 ./lib/src/stm32f10x_gpio.o
 .debug_aranges
                0x00000280       0x20 ./lib/src/stm32f10x_nvic.o
 .debug_aranges
                0x000002a0       0x20 ./lib/src/stm32f10x_rcc.o
 .debug_aranges
                0x000002c0       0x20 ./lib/src/stm32f10x_sdio.o
 .debug_aranges
                0x000002e0       0x20 ./lib/src/stm32f10x_systick.o
 .debug_aranges
                0x00000300       0x20 ./lib/src/stm32f10x_tim.o
 .debug_aranges
                0x00000320       0x20 ./lib/src/stm32f10x_usart.o
 .debug_aranges
                0x00000340       0x20 ./lib/src/stm32f10x_vector.o
 .debug_aranges
                0x00000360       0x20 ./lib/src/syscalls.o
 .debug_aranges
                0x00000380       0x20 ./lib/src/usb_core.o
 .debug_aranges
                0x000003a0       0x20 ./lib/src/usb_endp.o
 .debug_aranges
                0x000003c0       0x20 ./lib/src/usb_init.o
 .debug_aranges
                0x000003e0       0x20 ./lib/src/usb_int.o
 .debug_aranges
                0x00000400       0x20 ./lib/src/usb_istr.o
 .debug_aranges
                0x00000420       0x20 ./lib/src/usb_mem.o
 .debug_aranges
                0x00000440       0x20 ./lib/src/usb_prop.o
 .debug_aranges
                0x00000460       0x20 ./lib/src/usb_pwr.o
 .debug_aranges
                0x00000480       0x20 ./lib/src/usb_regs.o

.debug_pubnames
                0x00000000     0x398a
 *(.debug_pubnames)
 .debug_pubnames
                0x00000000       0x1b ./src/main.o
 .debug_pubnames
                0x0000001b      0x62b ./src/stm32f10x_it.o
 .debug_pubnames
                0x00000646       0x55 ./lib/src/coron_ad.o
 .debug_pubnames
                0x0000069b       0x84 ./lib/src/coron_dc.o
 .debug_pubnames
                0x0000071f       0x86 ./lib/src/coron_init.o
 .debug_pubnames
                0x000007a5      0x170 ./lib/src/coron_rc.o
 .debug_pubnames
                0x00000915      0x17f ./lib/src/coron_sdfat.o
 .debug_pubnames
                0x00000a94       0xe1 ./lib/src/coron_sdtxt.o
 .debug_pubnames
                0x00000b75       0x80 ./lib/src/coron_sdwav.o
 .debug_pubnames
                0x00000bf5       0x87 ./lib/src/coron_sound.o
 .debug_pubnames
                0x00000c7c       0x93 ./lib/src/coron_uart.o
 .debug_pubnames
                0x00000d0f       0xd9 ./lib/src/coron_usbcdc.o
 .debug_pubnames
                0x00000de8       0xa3 ./lib/src/coron_usbprint.o
 .debug_pubnames
                0x00000e8b       0xcf ./lib/src/coron_wait.o
 .debug_pubnames
                0x00000f5a      0x213 ./lib/src/sdcard.o
 .debug_pubnames
                0x0000116d      0x401 ./lib/src/stm32f10x_adc.o
 .debug_pubnames
                0x0000156e      0x116 ./lib/src/stm32f10x_dac.o
 .debug_pubnames
                0x00001684       0xcf ./lib/src/stm32f10x_dma.o
 .debug_pubnames
                0x00001753       0x60 ./lib/src/stm32f10x_flash.o
 .debug_pubnames
                0x000017b3      0x17b ./lib/src/stm32f10x_gpio.o
 .debug_pubnames
                0x0000192e      0x360 ./lib/src/stm32f10x_nvic.o
 .debug_pubnames
                0x00001c8e      0x2c4 ./lib/src/stm32f10x_rcc.o
 .debug_pubnames
                0x00001f52      0x2ac ./lib/src/stm32f10x_sdio.o
 .debug_pubnames
                0x000021fe       0xa1 ./lib/src/stm32f10x_systick.o
 .debug_pubnames
                0x0000229f      0x7b0 ./lib/src/stm32f10x_tim.o
 .debug_pubnames
                0x00002a4f      0x25f ./lib/src/stm32f10x_usart.o
 .debug_pubnames
                0x00002cae       0x35 ./lib/src/stm32f10x_vector.o
 .debug_pubnames
                0x00002ce3       0xf4 ./lib/src/syscalls.o
 .debug_pubnames
                0x00002dd7      0x1a5 ./lib/src/usb_core.o
 .debug_pubnames
                0x00002f7c       0xe7 ./lib/src/usb_desc.o
 .debug_pubnames
                0x00003063       0x65 ./lib/src/usb_endp.o
 .debug_pubnames
                0x000030c8       0x98 ./lib/src/usb_init.o
 .debug_pubnames
                0x00003160       0x46 ./lib/src/usb_int.o
 .debug_pubnames
                0x000031a6       0x69 ./lib/src/usb_istr.o
 .debug_pubnames
                0x0000320f       0x42 ./lib/src/usb_mem.o
 .debug_pubnames
                0x00003251      0x29d ./lib/src/usb_prop.o
 .debug_pubnames
                0x000034ee       0x83 ./lib/src/usb_pwr.o
 .debug_pubnames
                0x00003571      0x419 ./lib/src/usb_regs.o

.debug_info     0x00000000     0xefe0
 *(.debug_info .gnu.linkonce.wi.*)
 .debug_info    0x00000000      0x1ac ./src/main.o
 .debug_info    0x000001ac      0x62f ./src/stm32f10x_it.o
 .debug_info    0x000007db      0x529 ./lib/src/coron_ad.o
 .debug_info    0x00000d04      0x62d ./lib/src/coron_dc.o
 .debug_info    0x00001331      0x26f ./lib/src/coron_init.o
 .debug_info    0x000015a0      0x7e9 ./lib/src/coron_rc.o
 .debug_info    0x00001d89      0x918 ./lib/src/coron_sdfat.o
 .debug_info    0x000026a1      0x405 ./lib/src/coron_sdtxt.o
 .debug_info    0x00002aa6      0x45e ./lib/src/coron_sdwav.o
 .debug_info    0x00002f04      0x5f3 ./lib/src/coron_sound.o
 .debug_info    0x000034f7      0x54a ./lib/src/coron_uart.o
 .debug_info    0x00003a41      0x487 ./lib/src/coron_usbcdc.o
 .debug_info    0x00003ec8      0x379 ./lib/src/coron_usbprint.o
 .debug_info    0x00004241      0x1ad ./lib/src/coron_wait.o
 .debug_info    0x000043ee     0x14d1 ./lib/src/sdcard.o
 .debug_info    0x000058bf      0xb94 ./lib/src/stm32f10x_adc.o
 .debug_info    0x00006453      0x432 ./lib/src/stm32f10x_dac.o
 .debug_info    0x00006885      0x40f ./lib/src/stm32f10x_dma.o
 .debug_info    0x00006c94       0x50 ./lib/src/stm32f10x_exti.o
 .debug_info    0x00006ce4      0x165 ./lib/src/stm32f10x_flash.o
 .debug_info    0x00006e49      0x67d ./lib/src/stm32f10x_gpio.o
 .debug_info    0x000074c6       0x50 ./lib/src/stm32f10x_i2c.o
 .debug_info    0x00007516       0x53 ./lib/src/stm32f10x_lib.o
 .debug_info    0x00007569      0x929 ./lib/src/stm32f10x_nvic.o
 .debug_info    0x00007e92      0x895 ./lib/src/stm32f10x_rcc.o
 .debug_info    0x00008727      0x82f ./lib/src/stm32f10x_sdio.o
 .debug_info    0x00008f56       0x50 ./lib/src/stm32f10x_spi.o
 .debug_info    0x00008fa6      0x203 ./lib/src/stm32f10x_systick.o
 .debug_info    0x000091a9     0x1d79 ./lib/src/stm32f10x_tim.o
 .debug_info    0x0000af22      0x9a8 ./lib/src/stm32f10x_usart.o
 .debug_info    0x0000b8ca       0xe5 ./lib/src/stm32f10x_vector.o
 .debug_info    0x0000b9af      0x5c1 ./lib/src/syscalls.o
 .debug_info    0x0000bf70      0xb87 ./lib/src/usb_core.o
 .debug_info    0x0000caf7      0x142 ./lib/src/usb_desc.o
 .debug_info    0x0000cc39       0xdd ./lib/src/usb_endp.o
 .debug_info    0x0000cd16      0x450 ./lib/src/usb_init.o
 .debug_info    0x0000d166      0x243 ./lib/src/usb_int.o
 .debug_info    0x0000d3a9      0x2bf ./lib/src/usb_istr.o
 .debug_info    0x0000d668      0x172 ./lib/src/usb_mem.o
 .debug_info    0x0000d7da      0x87a ./lib/src/usb_prop.o
 .debug_info    0x0000e054      0x267 ./lib/src/usb_pwr.o
 .debug_info    0x0000e2bb      0xd25 ./lib/src/usb_regs.o

.debug_abbrev   0x00000000     0x2cb1
 *(.debug_abbrev)
 .debug_abbrev  0x00000000       0xc6 ./src/main.o
 .debug_abbrev  0x000000c6       0x52 ./src/stm32f10x_it.o
 .debug_abbrev  0x00000118      0x122 ./lib/src/coron_ad.o
 .debug_abbrev  0x0000023a       0xf7 ./lib/src/coron_dc.o
 .debug_abbrev  0x00000331       0xfd ./lib/src/coron_init.o
 .debug_abbrev  0x0000042e      0x16b ./lib/src/coron_rc.o
 .debug_abbrev  0x00000599      0x18b ./lib/src/coron_sdfat.o
 .debug_abbrev  0x00000724       0xfc ./lib/src/coron_sdtxt.o
 .debug_abbrev  0x00000820      0x113 ./lib/src/coron_sdwav.o
 .debug_abbrev  0x00000933      0x11a ./lib/src/coron_sound.o
 .debug_abbrev  0x00000a4d      0x13d ./lib/src/coron_uart.o
 .debug_abbrev  0x00000b8a      0x195 ./lib/src/coron_usbcdc.o
 .debug_abbrev  0x00000d1f       0xfe ./lib/src/coron_usbprint.o
 .debug_abbrev  0x00000e1d       0x9e ./lib/src/coron_wait.o
 .debug_abbrev  0x00000ebb      0x1c0 ./lib/src/sdcard.o
 .debug_abbrev  0x0000107b      0x14b ./lib/src/stm32f10x_adc.o
 .debug_abbrev  0x000011c6      0x129 ./lib/src/stm32f10x_dac.o
 .debug_abbrev  0x000012ef      0x134 ./lib/src/stm32f10x_dma.o
 .debug_abbrev  0x00001423       0x1f ./lib/src/stm32f10x_exti.o
 .debug_abbrev  0x00001442       0xa2 ./lib/src/stm32f10x_flash.o
 .debug_abbrev  0x000014e4      0x1b2 ./lib/src/stm32f10x_gpio.o
 .debug_abbrev  0x00001696       0x1f ./lib/src/stm32f10x_i2c.o
 .debug_abbrev  0x000016b5       0x28 ./lib/src/stm32f10x_lib.o
 .debug_abbrev  0x000016dd      0x1df ./lib/src/stm32f10x_nvic.o
 .debug_abbrev  0x000018bc      0x1bd ./lib/src/stm32f10x_rcc.o
 .debug_abbrev  0x00001a79      0x1ac ./lib/src/stm32f10x_sdio.o
 .debug_abbrev  0x00001c25       0x1f ./lib/src/stm32f10x_spi.o
 .debug_abbrev  0x00001c44      0x10c ./lib/src/stm32f10x_systick.o
 .debug_abbrev  0x00001d50      0x17f ./lib/src/stm32f10x_tim.o
 .debug_abbrev  0x00001ecf      0x15d ./lib/src/stm32f10x_usart.o
 .debug_abbrev  0x0000202c       0xa8 ./lib/src/stm32f10x_vector.o
 .debug_abbrev  0x000020d4      0x168 ./lib/src/syscalls.o
 .debug_abbrev  0x0000223c      0x254 ./lib/src/usb_core.o
 .debug_abbrev  0x00002490       0x5f ./lib/src/usb_desc.o
 .debug_abbrev  0x000024ef       0x74 ./lib/src/usb_endp.o
 .debug_abbrev  0x00002563      0x100 ./lib/src/usb_init.o
 .debug_abbrev  0x00002663       0xcb ./lib/src/usb_int.o
 .debug_abbrev  0x0000272e       0xf7 ./lib/src/usb_istr.o
 .debug_abbrev  0x00002825       0x79 ./lib/src/usb_mem.o
 .debug_abbrev  0x0000289e      0x1bb ./lib/src/usb_prop.o
 .debug_abbrev  0x00002a59      0x111 ./lib/src/usb_pwr.o
 .debug_abbrev  0x00002b6a      0x147 ./lib/src/usb_regs.o

.debug_line     0x00000000     0x3224
 *(.debug_line)
 .debug_line    0x00000000       0xa9 ./src/main.o
 .debug_line    0x000000a9      0x15f ./src/stm32f10x_it.o
 .debug_line    0x00000208      0x108 ./lib/src/coron_ad.o
 .debug_line    0x00000310      0x142 ./lib/src/coron_dc.o
 .debug_line    0x00000452       0xcd ./lib/src/coron_init.o
 .debug_line    0x0000051f      0x1ad ./lib/src/coron_rc.o
 .debug_line    0x000006cc      0x161 ./lib/src/coron_sdfat.o
 .debug_line    0x0000082d      0x110 ./lib/src/coron_sdtxt.o
 .debug_line    0x0000093d       0xcc ./lib/src/coron_sdwav.o
 .debug_line    0x00000a09      0x10a ./lib/src/coron_sound.o
 .debug_line    0x00000b13      0x119 ./lib/src/coron_uart.o
 .debug_line    0x00000c2c       0xe7 ./lib/src/coron_usbcdc.o
 .debug_line    0x00000d13      0x11c ./lib/src/coron_usbprint.o
 .debug_line    0x00000e2f       0x99 ./lib/src/coron_wait.o
 .debug_line    0x00000ec8      0x6fb ./lib/src/sdcard.o
 .debug_line    0x000015c3      0x1eb ./lib/src/stm32f10x_adc.o
 .debug_line    0x000017ae       0xeb ./lib/src/stm32f10x_dac.o
 .debug_line    0x00001899      0x10e ./lib/src/stm32f10x_dma.o
 .debug_line    0x000019a7       0x1d ./lib/src/stm32f10x_exti.o
 .debug_line    0x000019c4       0x8e ./lib/src/stm32f10x_flash.o
 .debug_line    0x00001a52      0x152 ./lib/src/stm32f10x_gpio.o
 .debug_line    0x00001ba4       0x1d ./lib/src/stm32f10x_i2c.o
 .debug_line    0x00001bc1       0x1d ./lib/src/stm32f10x_lib.o
 .debug_line    0x00001bde      0x19d ./lib/src/stm32f10x_nvic.o
 .debug_line    0x00001d7b      0x1a5 ./lib/src/stm32f10x_rcc.o
 .debug_line    0x00001f20      0x160 ./lib/src/stm32f10x_sdio.o
 .debug_line    0x00002080       0x1d ./lib/src/stm32f10x_spi.o
 .debug_line    0x0000209d       0xac ./lib/src/stm32f10x_systick.o
 .debug_line    0x00002149      0x3f7 ./lib/src/stm32f10x_tim.o
 .debug_line    0x00002540      0x1a1 ./lib/src/stm32f10x_usart.o
 .debug_line    0x000026e1       0x57 ./lib/src/stm32f10x_vector.o
 .debug_line    0x00002738      0x126 ./lib/src/syscalls.o
 .debug_line    0x0000285e      0x28b ./lib/src/usb_core.o
 .debug_line    0x00002ae9       0x55 ./lib/src/usb_desc.o
 .debug_line    0x00002b3e       0x6d ./lib/src/usb_endp.o
 .debug_line    0x00002bab       0x78 ./lib/src/usb_init.o
 .debug_line    0x00002c23       0xe7 ./lib/src/usb_int.o
 .debug_line    0x00002d0a       0xab ./lib/src/usb_istr.o
 .debug_line    0x00002db5       0x7c ./lib/src/usb_mem.o
 .debug_line    0x00002e31      0x13f ./lib/src/usb_prop.o
 .debug_line    0x00002f70       0xdc ./lib/src/usb_pwr.o
 .debug_line    0x0000304c      0x1d8 ./lib/src/usb_regs.o

.debug_frame    0x00000000     0x44ec
 *(.debug_frame)
 .debug_frame   0x00000000       0x30 ./src/main.o
 .debug_frame   0x00000030      0x79c ./src/stm32f10x_it.o
 .debug_frame   0x000007cc       0x68 ./lib/src/coron_ad.o
 .debug_frame   0x00000834       0x84 ./lib/src/coron_dc.o
 .debug_frame   0x000008b8       0xa4 ./lib/src/coron_init.o
 .debug_frame   0x0000095c      0x100 ./lib/src/coron_rc.o
 .debug_frame   0x00000a5c      0x108 ./lib/src/coron_sdfat.o
 .debug_frame   0x00000b64       0xf0 ./lib/src/coron_sdtxt.o
 .debug_frame   0x00000c54       0x50 ./lib/src/coron_sdwav.o
 .debug_frame   0x00000ca4       0x4c ./lib/src/coron_sound.o
 .debug_frame   0x00000cf0      0x130 ./lib/src/coron_uart.o
 .debug_frame   0x00000e20       0xc0 ./lib/src/coron_usbcdc.o
 .debug_frame   0x00000ee0      0x144 ./lib/src/coron_usbprint.o
 .debug_frame   0x00001024      0x100 ./lib/src/coron_wait.o
 .debug_frame   0x00001124      0x3d4 ./lib/src/sdcard.o
 .debug_frame   0x000014f8      0x404 ./lib/src/stm32f10x_adc.o
 .debug_frame   0x000018fc      0x160 ./lib/src/stm32f10x_dac.o
 .debug_frame   0x00001a5c      0x128 ./lib/src/stm32f10x_dma.o
 .debug_frame   0x00001b84       0x64 ./lib/src/stm32f10x_flash.o
 .debug_frame   0x00001be8      0x1f0 ./lib/src/stm32f10x_gpio.o
 .debug_frame   0x00001dd8      0x35c ./lib/src/stm32f10x_nvic.o
 .debug_frame   0x00002134      0x394 ./lib/src/stm32f10x_rcc.o
 .debug_frame   0x000024c8      0x358 ./lib/src/stm32f10x_sdio.o
 .debug_frame   0x00002820       0xb8 ./lib/src/stm32f10x_systick.o
 .debug_frame   0x000028d8      0xa20 ./lib/src/stm32f10x_tim.o
 .debug_frame   0x000032f8      0x30c ./lib/src/stm32f10x_usart.o
 .debug_frame   0x00003604       0x38 ./lib/src/stm32f10x_vector.o
 .debug_frame   0x0000363c      0x224 ./lib/src/syscalls.o
 .debug_frame   0x00003860      0x264 ./lib/src/usb_core.o
 .debug_frame   0x00003ac4       0x48 ./lib/src/usb_endp.o
 .debug_frame   0x00003b0c       0x2c ./lib/src/usb_init.o
 .debug_frame   0x00003b38       0x54 ./lib/src/usb_int.o
 .debug_frame   0x00003b8c       0x2c ./lib/src/usb_istr.o
 .debug_frame   0x00003bb8       0x48 ./lib/src/usb_mem.o
 .debug_frame   0x00003c00      0x1a8 ./lib/src/usb_prop.o
 .debug_frame   0x00003da8       0xac ./lib/src/usb_pwr.o
 .debug_frame   0x00003e54      0x698 ./lib/src/usb_regs.o

.debug_str      0x00000000     0x5514
 *(.debug_str)
 .debug_str     0x00000000       0xd9 ./src/main.o
                                0x112 (size before relaxing)
 .debug_str     0x000000d9      0x51b ./src/stm32f10x_it.o
                                0x5ac (size before relaxing)
 .debug_str     0x000005f4      0x3a6 ./lib/src/coron_ad.o
                                0x453 (size before relaxing)
 .debug_str     0x0000099a      0x28e ./lib/src/coron_dc.o
                                0x4eb (size before relaxing)
 .debug_str     0x00000c28       0x95 ./lib/src/coron_init.o
                                0x271 (size before relaxing)
 .debug_str     0x00000cbd      0x10e ./lib/src/coron_rc.o
                                0x5ac (size before relaxing)
 .debug_str     0x00000dcb      0x6e4 ./lib/src/coron_sdfat.o
                                0x834 (size before relaxing)
 .debug_str     0x000014af       0xfd ./lib/src/coron_sdtxt.o
                                0x19f (size before relaxing)
 .debug_str     0x000015ac       0x92 ./lib/src/coron_sdwav.o
                                0x264 (size before relaxing)
 .debug_str     0x0000163e       0xce ./lib/src/coron_sound.o
                                0x4ce (size before relaxing)
 .debug_str     0x0000170c      0x101 ./lib/src/coron_uart.o
                                0x31a (size before relaxing)
 .debug_str     0x0000180d      0x252 ./lib/src/coron_usbcdc.o
                                0x3c0 (size before relaxing)
 .debug_str     0x00001a5f       0x88 ./lib/src/coron_usbprint.o
                                0x1a0 (size before relaxing)
 .debug_str     0x00001ae7       0xd6 ./lib/src/coron_wait.o
                                0x17b (size before relaxing)
 .debug_str     0x00001bbd      0x56a ./lib/src/sdcard.o
                                0xe3d (size before relaxing)
 .debug_str     0x00002127      0x46a ./lib/src/stm32f10x_adc.o
                                0x60c (size before relaxing)
 .debug_str     0x00002591      0x180 ./lib/src/stm32f10x_dac.o
                                0x2b4 (size before relaxing)
 .debug_str     0x00002711       0xf6 ./lib/src/stm32f10x_dma.o
                                0x2a3 (size before relaxing)
 .debug_str     0x00002807       0x1c ./lib/src/stm32f10x_exti.o
                                 0xad (size before relaxing)
 .debug_str     0x00002823       0xae ./lib/src/stm32f10x_flash.o
                                0x144 (size before relaxing)
 .debug_str     0x000028d1      0x1fd ./lib/src/stm32f10x_gpio.o
                                0x3d7 (size before relaxing)
 .debug_str     0x00002ace       0x1b ./lib/src/stm32f10x_i2c.o
                                 0xac (size before relaxing)
 .debug_str     0x00002ae9       0x1b ./lib/src/stm32f10x_lib.o
                                 0xac (size before relaxing)
 .debug_str     0x00002b04      0x43e ./lib/src/stm32f10x_nvic.o
                                0x5dd (size before relaxing)
 .debug_str     0x00002f42      0x406 ./lib/src/stm32f10x_rcc.o
                                0x51f (size before relaxing)
 .debug_str     0x00003348      0x2b3 ./lib/src/stm32f10x_sdio.o
                                0x548 (size before relaxing)
 .debug_str     0x000035fb       0x1b ./lib/src/stm32f10x_spi.o
                                 0xac (size before relaxing)
 .debug_str     0x00003616       0xd0 ./lib/src/stm32f10x_systick.o
                                0x1ba (size before relaxing)
 .debug_str     0x000036e6      0x9bd ./lib/src/stm32f10x_tim.o
                                0xce9 (size before relaxing)
 .debug_str     0x000040a3      0x35d ./lib/src/stm32f10x_usart.o
                                0x574 (size before relaxing)
 .debug_str     0x00004400       0x72 ./lib/src/stm32f10x_vector.o
                                 0xc3 (size before relaxing)
 .debug_str     0x00004472      0x109 ./lib/src/syscalls.o
                                0x208 (size before relaxing)
 .debug_str     0x0000457b      0x687 ./lib/src/usb_core.o
                                0x959 (size before relaxing)
 .debug_str     0x00004c02       0xb5 ./lib/src/usb_desc.o
                                0x164 (size before relaxing)
 .debug_str     0x00004cb7       0x37 ./lib/src/usb_endp.o
                                 0xe6 (size before relaxing)
 .debug_str     0x00004cee       0x41 ./lib/src/usb_init.o
                                0x448 (size before relaxing)
 .debug_str     0x00004d2f       0x45 ./lib/src/usb_int.o
                                 0xfd (size before relaxing)
 .debug_str     0x00004d74       0xb0 ./lib/src/usb_istr.o
                                0x2bb (size before relaxing)
 .debug_str     0x00004e24       0x6d ./lib/src/usb_mem.o
                                 0xfe (size before relaxing)
 .debug_str     0x00004e91      0x244 ./lib/src/usb_prop.o
                                0x862 (size before relaxing)
 .debug_str     0x000050d5       0x66 ./lib/src/usb_pwr.o
                                0x215 (size before relaxing)
 .debug_str     0x0000513b      0x3d9 ./lib/src/usb_regs.o
                                0x486 (size before relaxing)

.debug_loc      0x00000000     0x78b0
 *(.debug_loc)
 .debug_loc     0x00000000       0x37 ./src/main.o
 .debug_loc     0x00000037      0xb97 ./src/stm32f10x_it.o
 .debug_loc     0x00000bce       0x8f ./lib/src/coron_ad.o
 .debug_loc     0x00000c5d       0xb8 ./lib/src/coron_dc.o
 .debug_loc     0x00000d15       0xfb ./lib/src/coron_init.o
 .debug_loc     0x00000e10      0x188 ./lib/src/coron_rc.o
 .debug_loc     0x00000f98      0x1b8 ./lib/src/coron_sdfat.o
 .debug_loc     0x00001150      0x181 ./lib/src/coron_sdtxt.o
 .debug_loc     0x000012d1       0x6e ./lib/src/coron_sdwav.o
 .debug_loc     0x0000133f       0x62 ./lib/src/coron_sound.o
 .debug_loc     0x000013a1      0x1ef ./lib/src/coron_uart.o
 .debug_loc     0x00001590      0x132 ./lib/src/coron_usbcdc.o
 .debug_loc     0x000016c2      0x226 ./lib/src/coron_usbprint.o
 .debug_loc     0x000018e8      0x194 ./lib/src/coron_wait.o
 .debug_loc     0x00001a7c      0x66a ./lib/src/sdcard.o
 .debug_loc     0x000020e6      0x7b0 ./lib/src/stm32f10x_adc.o
 .debug_loc     0x00002896      0x288 ./lib/src/stm32f10x_dac.o
 .debug_loc     0x00002b1e      0x226 ./lib/src/stm32f10x_dma.o
 .debug_loc     0x00002d44       0xa5 ./lib/src/stm32f10x_flash.o
 .debug_loc     0x00002de9      0x39b ./lib/src/stm32f10x_gpio.o
 .debug_loc     0x00003184      0x5fa ./lib/src/stm32f10x_nvic.o
 .debug_loc     0x0000377e      0x6bc ./lib/src/stm32f10x_rcc.o
 .debug_loc     0x00003e3a      0x62a ./lib/src/stm32f10x_sdio.o
 .debug_loc     0x00004464      0x13e ./lib/src/stm32f10x_systick.o
 .debug_loc     0x000045a2     0x138d ./lib/src/stm32f10x_tim.o
 .debug_loc     0x0000592f      0x5cd ./lib/src/stm32f10x_usart.o
 .debug_loc     0x00005efc       0x37 ./lib/src/stm32f10x_vector.o
 .debug_loc     0x00005f33      0x3d2 ./lib/src/syscalls.o
 .debug_loc     0x00006305      0x3e5 ./lib/src/usb_core.o
 .debug_loc     0x000066ea       0x56 ./lib/src/usb_endp.o
 .debug_loc     0x00006740       0x2b ./lib/src/usb_init.o
 .debug_loc     0x0000676b       0x6e ./lib/src/usb_int.o
 .debug_loc     0x000067d9       0x2b ./lib/src/usb_istr.o
 .debug_loc     0x00006804       0x6e ./lib/src/usb_mem.o
 .debug_loc     0x00006872      0x2c6 ./lib/src/usb_prop.o
 .debug_loc     0x00006b38      0x107 ./lib/src/usb_pwr.o
 .debug_loc     0x00006c3f      0xc71 ./lib/src/usb_regs.o

.debug_macinfo
 *(.debug_macinfo)

.debug_weaknames
 *(.debug_weaknames)

.debug_funcnames
 *(.debug_funcnames)

.debug_typenames
 *(.debug_typenames)

.debug_varnames
 *(.debug_varnames)
LOAD ./src/main.o
LOAD ./src/stm32f10x_it.o
LOAD ./lib/src/coron_ad.o
LOAD ./lib/src/coron_dc.o
LOAD ./lib/src/coron_init.o
LOAD ./lib/src/coron_rc.o
LOAD ./lib/src/coron_sdfat.o
LOAD ./lib/src/coron_sdtxt.o
LOAD ./lib/src/coron_sdwav.o
LOAD ./lib/src/coron_sound.o
LOAD ./lib/src/coron_uart.o
LOAD ./lib/src/coron_usbcdc.o
LOAD ./lib/src/coron_usbprint.o
LOAD ./lib/src/coron_wait.o
LOAD ./lib/src/cortexm3_macro.o
LOAD ./lib/src/sdcard.o
LOAD ./lib/src/stm32f10x_adc.o
LOAD ./lib/src/stm32f10x_dac.o
LOAD ./lib/src/stm32f10x_dma.o
LOAD ./lib/src/stm32f10x_exti.o
LOAD ./lib/src/stm32f10x_flash.o
LOAD ./lib/src/stm32f10x_gpio.o
LOAD ./lib/src/stm32f10x_i2c.o
LOAD ./lib/src/stm32f10x_lib.o
LOAD ./lib/src/stm32f10x_nvic.o
LOAD ./lib/src/stm32f10x_rcc.o
LOAD ./lib/src/stm32f10x_sdio.o
LOAD ./lib/src/stm32f10x_spi.o
LOAD ./lib/src/stm32f10x_systick.o
LOAD ./lib/src/stm32f10x_tim.o
LOAD ./lib/src/stm32f10x_usart.o
LOAD ./lib/src/stm32f10x_vector.o
LOAD ./lib/src/syscalls.o
LOAD ./lib/src/usb_core.o
LOAD ./lib/src/usb_desc.o
LOAD ./lib/src/usb_endp.o
LOAD ./lib/src/usb_init.o
LOAD ./lib/src/usb_int.o
LOAD ./lib/src/usb_istr.o
LOAD ./lib/src/usb_mem.o
LOAD ./lib/src/usb_prop.o
LOAD ./lib/src/usb_pwr.o
LOAD ./lib/src/usb_regs.o
LOAD c:/coron/gcc/arm/bin/../lib/gcc/arm-none-eabi/4.4.1\libgcc.a
LOAD C:\coron\gcc\arm\arm-none-eabi\lib\thumb2\libm.a
START GROUP
LOAD c:/coron/gcc/arm/bin/../lib/gcc/arm-none-eabi/4.4.1\libgcc.a
LOAD C:\coron\gcc\arm\arm-none-eabi\lib\thumb2\libc.a
END GROUP
LOAD c:/coron/gcc/arm/bin/../lib/gcc/arm-none-eabi/4.4.1/crtend.o
LOAD c:/coron/gcc/arm/bin/../lib/gcc/arm-none-eabi/4.4.1/crtn.o
OUTPUT(main.elf elf32-littlearm)

.debug_ranges   0x00000000       0x30
 .debug_ranges  0x00000000       0x30 ./lib/src/usb_core.o

Cross Reference Table

Symbol                                            File
ADC3_IRQHandler                                   ./src/stm32f10x_it.o
                                                  ./lib/src/stm32f10x_vector.o
ADC_AnalogWatchdogCmd                             ./lib/src/stm32f10x_adc.o
ADC_AnalogWatchdogSingleChannelConfig             ./lib/src/stm32f10x_adc.o
ADC_AnalogWatchdogThresholdsConfig                ./lib/src/stm32f10x_adc.o
ADC_AutoInjectedConvCmd                           ./lib/src/stm32f10x_adc.o
ADC_ClearFlag                                     ./lib/src/stm32f10x_adc.o
ADC_ClearITPendingBit                             ./lib/src/stm32f10x_adc.o
ADC_Cmd                                           ./lib/src/stm32f10x_adc.o
                                                  ./lib/src/coron_ad.o
ADC_DMACmd                                        ./lib/src/stm32f10x_adc.o
                                                  ./lib/src/coron_ad.o
ADC_DeInit                                        ./lib/src/stm32f10x_adc.o
                                                  ./lib/src/coron_ad.o
ADC_DiscModeChannelCountConfig                    ./lib/src/stm32f10x_adc.o
ADC_DiscModeCmd                                   ./lib/src/stm32f10x_adc.o
ADC_ExternalTrigConvCmd                           ./lib/src/stm32f10x_adc.o
ADC_ExternalTrigInjectedConvCmd                   ./lib/src/stm32f10x_adc.o
ADC_ExternalTrigInjectedConvConfig                ./lib/src/stm32f10x_adc.o
ADC_GetCalibrationStatus                          ./lib/src/stm32f10x_adc.o
                                                  ./lib/src/coron_ad.o
ADC_GetConversionValue                            ./lib/src/stm32f10x_adc.o
ADC_GetDualModeConversionValue                    ./lib/src/stm32f10x_adc.o
ADC_GetFlagStatus                                 ./lib/src/stm32f10x_adc.o
ADC_GetITStatus                                   ./lib/src/stm32f10x_adc.o
ADC_GetInjectedConversionValue                    ./lib/src/stm32f10x_adc.o
ADC_GetResetCalibrationStatus                     ./lib/src/stm32f10x_adc.o
                                                  ./lib/src/coron_ad.o
ADC_GetSoftwareStartConvStatus                    ./lib/src/stm32f10x_adc.o
ADC_GetSoftwareStartInjectedConvCmdStatus         ./lib/src/stm32f10x_adc.o
ADC_IRQHandler                                    ./src/stm32f10x_it.o
                                                  ./lib/src/stm32f10x_vector.o
ADC_ITConfig                                      ./lib/src/stm32f10x_adc.o
ADC_Init                                          ./lib/src/stm32f10x_adc.o
                                                  ./lib/src/coron_ad.o
ADC_InjectedChannelConfig                         ./lib/src/stm32f10x_adc.o
ADC_InjectedDiscModeCmd                           ./lib/src/stm32f10x_adc.o
ADC_InjectedSequencerLengthConfig                 ./lib/src/stm32f10x_adc.o
ADC_RegularChannelConfig                          ./lib/src/stm32f10x_adc.o
                                                  ./lib/src/coron_ad.o
ADC_ResetCalibration                              ./lib/src/stm32f10x_adc.o
                                                  ./lib/src/coron_ad.o
ADC_SetInjectedOffset                             ./lib/src/stm32f10x_adc.o
ADC_SoftwareStartConvCmd                          ./lib/src/stm32f10x_adc.o
                                                  ./lib/src/coron_ad.o
ADC_SoftwareStartInjectedConvCmd                  ./lib/src/stm32f10x_adc.o
ADC_StartCalibration                              ./lib/src/stm32f10x_adc.o
                                                  ./lib/src/coron_ad.o
ADC_StructInit                                    ./lib/src/stm32f10x_adc.o
                                                  ./lib/src/coron_ad.o
ADC_TempSensorVrefintCmd                          ./lib/src/stm32f10x_adc.o
AD_disable                                        ./lib/src/coron_ad.o
AD_enable                                         ./lib/src/coron_ad.o
                                                  ./src/main.o
Buffer_Block_Rx                                   ./lib/src/coron_sdfat.o
Buffer_Block_Tx                                   ./lib/src/coron_sdfat.o
Buffer_MultiBlock_Rx                              ./lib/src/coron_sdfat.o
Buffer_MultiBlock_Tx                              ./lib/src/coron_sdfat.o
BusFaultException                                 ./src/stm32f10x_it.o
                                                  ./lib/src/stm32f10x_vector.o
ByteSwap                                          ./lib/src/usb_regs.o
                                                  ./lib/src/usb_core.o
CAN_RX1_IRQHandler                                ./src/stm32f10x_it.o
                                                  ./lib/src/stm32f10x_vector.o
CAN_SCE_IRQHandler                                ./src/stm32f10x_it.o
                                                  ./lib/src/stm32f10x_vector.o
CTR_HP                                            ./lib/src/usb_int.o
CTR_LP                                            ./lib/src/usb_int.o
                                                  ./lib/src/usb_istr.o
ClearDTOG_RX                                      ./lib/src/usb_regs.o