
Allocating common symbols
Common symbol       size              file

SaveRState          0x2               ./lib/src/usb_int.o
rc_mot_motion_spd   0x64              ./lib/src/coron_rc.o
SDIO_CmdInitStructure
                    0x14              ./lib/src/sdcard.o
txt_name            0x190             ./lib/src/coron_sdtxt.o
txt_sector_num      0xc8              ./lib/src/coron_sdtxt.o
SaveState           0x2               ./lib/src/usb_init.o
wav_name            0x190             ./lib/src/coron_sdwav.o
DestBuffer          0x4               ./lib/src/sdcard.o
txt_count           0x1               ./lib/src/coron_sdtxt.o
wIstr               0x2               ./lib/src/usb_istr.o
pProperty           0x4               ./lib/src/usb_init.o
Buffer_Block_Tx     0x200             ./lib/src/coron_sdfat.o
rc_mot_pos_home     0x20              ./lib/src/coron_rc.o
Buffer_MultiBlock_Rx
                    0x400             ./lib/src/coron_sdfat.o
EPindex             0x1               ./lib/src/usb_init.o
buf512              0x800             ./lib/src/coron_sdfat.o
rc_mot_ch           0x2               ./lib/src/coron_rc.o
SDCardInfo          0x50              ./lib/src/coron_sdfat.o
SDIO_InitStructure  0x18              ./lib/src/sdcard.o
rc_mot_pos_trim     0x20              ./lib/src/coron_rc.o
SaveTState          0x2               ./lib/src/usb_int.o
rc_mot_pos          0x20              ./lib/src/coron_rc.o
Device_Info         0x1c              ./lib/src/usb_init.o
SDIO_DataInitStructure
                    0x18              ./lib/src/sdcard.o
sound_buf           0x400             ./lib/src/coron_sound.o
pUser_Standard_Requests
                    0x4               ./lib/src/usb_init.o
Buffer_Block_Rx     0x200             ./lib/src/coron_sdfat.o
SrcBuffer           0x4               ./lib/src/sdcard.o
buffer_in           0x40              ./lib/src/coron_usbcdc.o
StatusInfo          0x2               ./lib/src/usb_core.o
pInformation        0x4               ./lib/src/usb_init.o
ResumeS             0x2               ./lib/src/usb_pwr.o
rc_mot_pos_step     0x20              ./lib/src/coron_rc.o
txt_size            0xc8              ./lib/src/coron_sdtxt.o
wav_sector_num      0xc8              ./lib/src/coron_sdwav.o
wav_count           0x1               ./lib/src/coron_sdwav.o
rc_mot_motion_cnt   0x1               ./lib/src/coron_rc.o
rc_mot_motion_pos   0xc80             ./lib/src/coron_rc.o
Buffer_MultiBlock_Tx
                    0x400             ./lib/src/coron_sdfat.o
rc_mot_ipos         0x20              ./lib/src/coron_rc.o
buffer_out          0x40              ./lib/src/coron_usbcdc.o
wInterrupt_Mask     0x2               ./lib/src/usb_init.o
wav_size            0xc8              ./lib/src/coron_sdwav.o

Discarded input sections

 .text          0x00000000        0x0 c:/coron/gcc/arm/bin/../lib/gcc/arm-none-eabi/4.4.1/crti.o
 .data          0x00000000        0x0 c:/coron/gcc/arm/bin/../lib/gcc/arm-none-eabi/4.4.1/crti.o
 .bss           0x00000000        0x0 c:/coron/gcc/arm/bin/../lib/gcc/arm-none-eabi/4.4.1/crti.o
 .init          0x00000000        0xc c:/coron/gcc/arm/bin/../lib/gcc/arm-none-eabi/4.4.1/crti.o
 .fini          0x00000000        0xc c:/coron/gcc/arm/bin/../lib/gcc/arm-none-eabi/4.4.1/crti.o
 .text          0x00000000       0x94 c:/coron/gcc/arm/bin/../lib/gcc/arm-none-eabi/4.4.1/crtbegin.o
 .data          0x00000000        0x4 c:/coron/gcc/arm/bin/../lib/gcc/arm-none-eabi/4.4.1/crtbegin.o
 .bss           0x00000000       0x1c c:/coron/gcc/arm/bin/../lib/gcc/arm-none-eabi/4.4.1/crtbegin.o
 .init_array    0x00000000        0x4 c:/coron/gcc/arm/bin/../lib/gcc/arm-none-eabi/4.4.1/crtbegin.o
 .fini_array    0x00000000        0x4 c:/coron/gcc/arm/bin/../lib/gcc/arm-none-eabi/4.4.1/crtbegin.o
 .eh_frame      0x00000000        0x0 c:/coron/gcc/arm/bin/../lib/gcc/arm-none-eabi/4.4.1/crtbegin.o
 .jcr           0x00000000        0x0 c:/coron/gcc/arm/bin/../lib/gcc/arm-none-eabi/4.4.1/crtbegin.o
 .data          0x00000000        0x0 ./src/main.o
 .bss           0x00000000        0x0 ./src/main.o
 .data          0x00000000        0x0 ./src/stm32f10x_it.o
 .bss           0x00000000        0x0 ./src/stm32f10x_it.o
 .data          0x00000000        0x0 ./lib/src/coron_ad.o
 .data          0x00000000        0x0 ./lib/src/coron_dc.o
 .data          0x00000000        0x0 ./lib/src/coron_init.o
 .bss           0x00000000        0x0 ./lib/src/coron_init.o
 .data          0x00000000        0x0 ./lib/src/coron_rc.o
 .data          0x00000000        0x0 ./lib/src/coron_sdtxt.o
 .data          0x00000000        0x0 ./lib/src/coron_sdwav.o
 .data          0x00000000        0x0 ./lib/src/coron_sound.o
 .data          0x00000000        0x0 ./lib/src/coron_uart.o
 .bss           0x00000000        0x0 ./lib/src/coron_uart.o
 .data          0x00000000        0x0 ./lib/src/coron_usbcdc.o
 .bss           0x00000000        0x1 ./lib/src/coron_usbcdc.o
 .data          0x00000000        0x0 ./lib/src/coron_usbprint.o
[...]
Memory Configuration

Name             Origin             Length             Attributes
RAM              0x20000000         0x0000f000         xrw
FLASH            0x08003000         0x0007d000         xr
FLASHB1          0x00000000         0x00000000         xr
EXTMEMB0         0x00000000         0x00000000         xr
EXTMEMB1         0x00000000         0x00000000         xr
EXTMEMB2         0x00000000         0x00000000         xr
EXTMEMB3         0x00000000         0x00000000         xr
*default*        0x00000000         0xffffffff

Linker script and memory map

LOAD c:/coron/gcc/arm/bin/../lib/gcc/arm-none-eabi/4.4.1/crti.o
LOAD c:/coron/gcc/arm/bin/../lib/gcc/arm-none-eabi/4.4.1/crtbegin.o
                0x00001000                __Stack_Size = 0x1000
                0x00001000                PROVIDE (_Stack_Size, __Stack_Size)
                0x2000e000                __Stack_Init = (_estack - __Stack_Size)
                0x2000e000                PROVIDE (_Stack_Init, __Stack_Init)
                0x00000400                _Minimum_Stack_Size = 0x400
                0x00000000                PROVIDE (Undefined_Handler, 0x0)
                0x00000000                PROVIDE (SWI_Handler, 0x0)
                0x00000000                PROVIDE (IRQ_Handler, 0x0)
                0x00000000                PROVIDE (Prefetch_Handler, 0x0)
                0x00000000                PROVIDE (Abort_Handler, 0x0)
                0x00000000                PROVIDE (FIQ_Handler, 0x0)
                0x00000000                PROVIDE (NMIException, 0x0)
                0x00000000                PROVIDE (HardFaultException, 0x0)
                0x00000000                PROVIDE (MemManageException, 0x0)
                0x00000000                PROVIDE (BusFaultException, 0x0)
                0x00000000                PROVIDE (UsageFaultException, 0x0)
                0x00000000                PROVIDE (SVCHandler, 0x0)
                0x00000000                PROVIDE (DebugMonitor, 0x0)
                0x00000000                PROVIDE (PendSVC, 0x0)
                0x00000000                PROVIDE (SysTickHandler, 0x0)
                0x00000000                PROVIDE (WWDG_IRQHandler, 0x0)
                0x00000000                PROVIDE (PVD_IRQHandler, 0x0)
                0x00000000                PROVIDE (TAMPER_IRQHandler, 0x0)
                0x00000000                PROVIDE (RTC_IRQHandler, 0x0)
                0x00000000                PROVIDE (FLASH_IRQHandler, 0x0)
                0x00000000                PROVIDE (RCC_IRQHandler, 0x0)
                0x00000000                PROVIDE (EXTI0_IRQHandler, 0x0)
                0x00000000                PROVIDE (EXTI1_IRQHandler, 0x0)
                0x00000000                PROVIDE (EXTI2_IRQHandler, 0x0)
                0x00000000                PROVIDE (EXTI3_IRQHandler, 0x0)
                0x00000000                PROVIDE (EXTI4_IRQHandler, 0x0)
                0x00000000                PROVIDE (DMAChannel1_IRQHandler, 0x0)
                0x00000000                PROVIDE (DMAChannel2_IRQHandler, 0x0)
                0x00000000                PROVIDE (DMAChannel3_IRQHandler, 0x0)
                0x00000000                PROVIDE (DMAChannel4_IRQHandler, 0x0)
                0x00000000                PROVIDE (DMAChannel5_IRQHandler, 0x0)
                0x00000000                PROVIDE (DMAChannel6_IRQHandler, 0x0)
                0x00000000                PROVIDE (DMAChannel7_IRQHandler, 0x0)
                0x00000000                PROVIDE (ADC_IRQHandler, 0x0)
                0x00000000                PROVIDE (USB_HP_CAN_TX_IRQHandler, 0x0)
                0x00000000                PROVIDE (USB_LP_CAN_RX0_IRQHandler, 0x0)
                0x00000000                PROVIDE (CAN_RX1_IRQHandler, 0x0)
                0x00000000                PROVIDE (CAN_SCE_IRQHandler, 0x0)
                0x00000000                PROVIDE (EXTI9_5_IRQHandler, 0x0)
                0x00000000                PROVIDE (TIM1_BRK_IRQHandler, 0x0)
                0x00000000                PROVIDE (TIM1_UP_IRQHandler, 0x0)
                0x00000000                PROVIDE (TIM1_TRG_COM_IRQHandler, 0x0)
                0x00000000                PROVIDE (TIM1_CC_IRQHandler, 0x0)
                0x00000000                PROVIDE (TIM2_IRQHandler, 0x0)
                0x00000000                PROVIDE (TIM3_IRQHandler, 0x0)
                0x00000000                PROVIDE (TIM4_IRQHandler, 0x0)
                0x00000000                PROVIDE (I2C1_EV_IRQHandler, 0x0)
                0x00000000                PROVIDE (I2C1_ER_IRQHandler, 0x0)
                0x00000000                PROVIDE (I2C2_EV_IRQHandler, 0x0)
                0x00000000                PROVIDE (I2C2_ER_IRQHandler, 0x0)
                0x00000000                PROVIDE (SPI1_IRQHandler, 0x0)
                0x00000000                PROVIDE (SPI2_IRQHandler, 0x0)
                0x00000000                PROVIDE (USART1_IRQHandler, 0x0)
                0x00000000                PROVIDE (USART2_IRQHandler, 0x0)
                0x00000000                PROVIDE (USART3_IRQHandler, 0x0)
                0x00000000                PROVIDE (EXTI15_10_IRQHandler, 0x0)
                0x00000000                PROVIDE (RTCAlarm_IRQHandler, 0x0)
                0x00000000                PROVIDE (USBWakeUp_IRQHandler, 0x0)
                0x40000000                PERIPH_BASE = 0x40000000
                0x20000000                SRAM_BASE = 0x20000000
                0x42000000                PERIPH_BB_BASE = 0x42000000
                0x22000000                SRAM_BB_BASE = 0x22000000
                0x40022000                PROVIDE (FLASH_BASE, 0x40022000)
                0x1ffff800                PROVIDE (OB_BASE, 0x1ffff800)
                0x40000000                APB1PERIPH_BASE = PERIPH_BASE
                0x40010000                APB2PERIPH_BASE = (PERIPH_BASE + 0x10000)
                0x40020000                AHBPERIPH_BASE = (PERIPH_BASE + 0x20000)
                0x40000000                PROVIDE (TIM2, (APB1PERIPH_BASE + 0x0))
                0x40000400                PROVIDE (TIM3, (APB1PERIPH_BASE + 0x400))
                0x40000800                PROVIDE (TIM4, (APB1PERIPH_BASE + 0x800))
                0x40000c00                PROVIDE (TIM5, (APB1PERIPH_BASE + 0xc00))
                0x40001000                PROVIDE (TIM6, (APB1PERIPH_BASE + 0x1000))
                0x40001400                PROVIDE (TIM7, (APB1PERIPH_BASE + 0x1400))
                0x40002800                PROVIDE (RTC, (APB1PERIPH_BASE + 0x2800))
                0x40002c00                PROVIDE (WWDG, (APB1PERIPH_BASE + 0x2c00))
                0x40003000                PROVIDE (IWDG, (APB1PERIPH_BASE + 0x3000))
                0x40003800                PROVIDE (SPI2, (APB1PERIPH_BASE + 0x3800))
                0x40004400                PROVIDE (USART2, (APB1PERIPH_BASE + 0x4400))
                0x40004800                PROVIDE (USART3, (APB1PERIPH_BASE + 0x4800))
                0x40004c00                PROVIDE (UART4, (APB1PERIPH_BASE + 0x4c00))
                0x40005000                PROVIDE (UART5, (APB1PERIPH_BASE + 0x5000))
                0x40005400                PROVIDE (I2C1, (APB1PERIPH_BASE + 0x5400))
                0x40005800                PROVIDE (I2C2, (APB1PERIPH_BASE + 0x5800))
                0x40005c00                PROVIDE (USB, (APB1PERIPH_BASE + 0x5c00))
                0x40006400                PROVIDE (CAN, (APB1PERIPH_BASE + 0x6400))
                0x40006c00                PROVIDE (BKP, (APB1PERIPH_BASE + 0x6c00))
                0x40007000                PROVIDE (PWR, (APB1PERIPH_BASE + 0x7000))
                0x40010000                PROVIDE (AFIO, (APB2PERIPH_BASE + 0x0))
                0x40010400                PROVIDE (EXTI, (APB2PERIPH_BASE + 0x400))
                0x40010800                PROVIDE (GPIOA, (APB2PERIPH_BASE + 0x800))
                0x40010c00                PROVIDE (GPIOB, (APB2PERIPH_BASE + 0xc00))
                0x40011000                PROVIDE (GPIOC, (APB2PERIPH_BASE + 0x1000))
                0x40011400                PROVIDE (GPIOD, (APB2PERIPH_BASE + 0x1400))
                0x40011800                PROVIDE (GPIOE, (APB2PERIPH_BASE + 0x1800))
                0x40012400                PROVIDE (ADC1, (APB2PERIPH_BASE + 0x2400))
                0x40012800                PROVIDE (ADC2, (APB2PERIPH_BASE + 0x2800))
                0x40012c00                PROVIDE (TIM1, (APB2PERIPH_BASE + 0x2c00))
                0x40013000                PROVIDE (SPI1, (APB2PERIPH_BASE + 0x3000))
                0x40013400                PROVIDE (TIM8, (APB2PERIPH_BASE + 0x3400))
                0x40013800                PROVIDE (USART1, (APB2PERIPH_BASE + 0x3800))
                0x40013c00                PROVIDE (ADC3, (APB2PERIPH_BASE + 0x3c00))
                0x40018000                PROVIDE (SDIO, (APB2PERIPH_BASE + 0x8000))
                0x40020000                PROVIDE (DMA, (AHBPERIPH_BASE + 0x0))
                0x40020008                PROVIDE (DMA_Channel1, (AHBPERIPH_BASE + 0x8))
                0x4002001c                PROVIDE (DMA_Channel2, (AHBPERIPH_BASE + 0x1c))
                0x40020030                PROVIDE (DMA_Channel3, (AHBPERIPH_BASE + 0x30))
                0x40020044                PROVIDE (DMA_Channel4, (AHBPERIPH_BASE + 0x44))
                0x40020058                PROVIDE (DMA_Channel5, (AHBPERIPH_BASE + 0x58))
                0x4002006c                PROVIDE (DMA_Channel6, (AHBPERIPH_BASE + 0x6c))
                0x40020080                PROVIDE (DMA_Channel7, (AHBPERIPH_BASE + 0x80))
                0x40021000                PROVIDE (RCC, (AHBPERIPH_BASE + 0x1000))
                0xe000e000                SCS_BASE = 0xe000e000
                0xe000e010                PROVIDE (SysTick, (SCS_BASE + 0x10))
                0xe000e100                PROVIDE (NVIC, (SCS_BASE + 0x100))
                0xe000ed00                PROVIDE (SCB, (SCS_BASE + 0xd00))
                0x2000f000                _estack = 0x2000f000

.isr_vector     0x08003000      0x130
                0x08003000                . = ALIGN (0x4)
 *(.isr_vector)
 .isr_vector    0x08003000      0x130 ./lib/src/stm32f10x_vector.o
                0x08003000                g_pfnVectors
                0x08003130                . = ALIGN (0x4)

.flashtext      0x08003130        0x0
                0x08003130                . = ALIGN (0x4)
 *(.flashtext)
                0x08003130                . = ALIGN (0x4)

.text           0x08003130    0x12d74
                0x08003130                . = ALIGN (0x4)
 ./src/main.o(.text.)
 *(.text)
 .text          0x08003130      0x290 ./src/main.o
                0x08003130                main
 .text          0x080033c0      0x330 ./src/stm32f10x_it.o
                0x080033c0                NMIException
                0x080033cc                HardFaultException
                0x080033d4                MemManageException
                0x080033dc                BusFaultException
                0x080033e4                UsageFaultException
                0x080033ec                DebugMonitor
                0x080033f8                SVCHandler
                0x08003404                PendSVC
                0x08003410                SysTickHandler
                0x0800341c                WWDG_IRQHandler
                0x08003428                PVD_IRQHandler
                0x08003434                TAMPER_IRQHandler
                0x08003440                RTC_IRQHandler
                0x0800344c                FLASH_IRQHandler
                0x08003458                RCC_IRQHandler
                0x08003464                EXTI0_IRQHandler
                0x08003470                EXTI1_IRQHandler
                0x0800347c                EXTI2_IRQHandler
                0x08003488                EXTI3_IRQHandler
                0x08003494                EXTI4_IRQHandler
                0x080034a0                DMAChannel1_IRQHandler
                0x080034b0                DMAChannel2_IRQHandler
                0x080034bc                DMAChannel3_IRQHandler
                0x080034c8                DMAChannel4_IRQHandler
                0x080034d4                DMAChannel5_IRQHandler
                0x080034e0                DMAChannel6_IRQHandler
                0x080034ec                DMAChannel7_IRQHandler
                0x080034f8                ADC_IRQHandler
                0x08003504                USB_HP_CAN_TX_IRQHandler
                0x08003510                USB_LP_CAN_RX0_IRQHandler
                0x0800351c                CAN_RX1_IRQHandler
                0x08003528                CAN_SCE_IRQHandler
                0x08003534                EXTI9_5_IRQHandler
                0x08003540                TIM1_BRK_IRQHandler
                0x0800354c                TIM1_UP_IRQHandler
                0x08003558                TIM1_TRG_COM_IRQHandler
                0x08003564                TIM1_CC_IRQHandler
                0x08003570                TIM2_IRQHandler
                0x0800357c                TIM3_IRQHandler
                0x08003588                TIM4_IRQHandler
                0x08003594                I2C1_EV_IRQHandler
                0x080035a0                I2C1_ER_IRQHandler
                0x080035ac                I2C2_EV_IRQHandler
                0x080035b8                I2C2_ER_IRQHandler
                0x080035c4                SPI1_IRQHandler
                0x080035d0                SPI2_IRQHandler
                0x080035dc                USART1_IRQHandler
                0x080035e8                USART2_IRQHandler
                0x080035f4                USART3_IRQHandler
                0x08003600                EXTI15_10_IRQHandler
                0x0800360c                RTCAlarm_IRQHandler
                0x08003618                USBWakeUp_IRQHandler
                0x08003624                TIM8_BRK_IRQHandler
                0x08003630                TIM8_UP_IRQHandler
                0x0800363c                TIM8_TRG_COM_IRQHandler
                0x08003648                TIM8_CC_IRQHandler
                0x08003654                ADC3_IRQHandler
                0x08003660                FSMC_IRQHandler
                0x0800366c                SDIO_IRQHandler
                0x08003678                TIM5_IRQHandler
                0x08003684                SPI3_IRQHandler
                0x08003690                UART4_IRQHandler
                0x0800369c                UART5_IRQHandler
                0x080036a8                TIM6_IRQHandler
                0x080036b4                TIM7_IRQHandler
                0x080036c0                DMA2_Channel1_IRQHandler
                0x080036cc                DMA2_Channel2_IRQHandler
                0x080036d8                DMA2_Channel3_IRQHandler
                0x080036e4                DMA2_Channel4_5_IRQHandler
 .text          0x080036f0      0x304 ./lib/src/coron_ad.o
                0x080036f0                IOA_AD_init
                0x080039a4                AD_enable
                0x080039cc                AD_disable
 .text          0x080039f4      0x6a8 ./lib/src/coron_dc.o
                0x080039f4                TIM2_DCmotor_pwm
                0x08003d5c                DC_init
                0x08003ffc                DC_enable
                0x0800402c                DC_disable
 .text          0x0800409c      0x218 ./lib/src/coron_init.o
                0x0800409c                wait_power
                0x080040cc                coron_init
                0x08004150                coron_RCC_Configuration
                0x080041e8                coron_GPIO_Configuration
                0x08004294                coron_NVIC_Configuration
 .text          0x080042b4      0xdb4 ./lib/src/coron_rc.o
                0x080042b4                TIM3_RC1_IRQ
                0x08004570                TIM4_RC2_IRQ
                0x08004834                TIM6_RC_Speed
                0x080049a0                RC_exeHomePosition
                0x08004a20                RC_init
                0x08004f68                RC_enable
                0x08004fa0                RC_disable
                0x08004fd8                RC_move
 .text          0x08005068      0xf38 ./lib/src/coron_sdfat.o
                0x08005068                SD_FATinit
                0x08005194                SD_read
                0x08005290                SD_write
                0x08005364                SD_char_to_num
                0x080056c8                SD_num_to_char
                0x08005a40                SD_getDirSector
                0x08005bd0                SD_getFileList
                0x08005e4c                SD_serchDirectory
 .text          0x08005fa0      0x868 ./lib/src/coron_sdtxt.o
                0x08005fa0                SD_search_txt
                0x08006004                SD_txt_USBput
                0x08006224                SD_txt_UARTput
                0x08006444                SD_txt_read_c
                0x080064a4                SD_txt_write_c
                0x08006524                SD_txt_read_s
                0x08006688                SD_txt_write_s
 .text          0x08006808      0x368 ./lib/src/coron_sdwav.o
                0x08006808                SD_search_wav
                0x0800686c                SD_play_wav
 .text          0x08006b70      0x2dc ./lib/src/coron_sound.o
                0x08006b70                SPK_init
                0x08006cd8                TIM5_SOUND_IRQ
 .text          0x08006e4c      0x7c8 ./lib/src/coron_uart.o
                0x08006e4c                UART_init
                0x08006f14                UART_putc
                0x08006f4c                UART_puts
                0x08006f88                UART_putd
                0x08006fc8                UART_getc
                0x08007008                UART_gets
                0x08007060                UART_put_x16
                0x08007090                UART_putx
                0x0800725c                UART_putn
 .text          0x08007614      0x220 ./lib/src/coron_usbcdc.o
                0x08007614                Set_USBClock
                0x08007630                Enter_LowPowerMode
                0x08007648                Leave_LowPowerMode
                0x08007688                USB_Interrupts_Config
                0x080076d8                USB_Cable_Config
                0x08007714                Get_SerialNum
 .text          0x08007834      0x9cc ./lib/src/coron_usbprint.o
                0x08007834                put_x16
                0x08007864                USB_putx
                0x08007a30                USB_putn
                0x08007de8                USB_putc
                0x08007eb8                USB_puts
                0x08007fb0                USB_putd
                0x0800807c                USB_getc
                0x080080f0                USB_gets
                0x08008160                USB_getr
                0x080081e4                USB_getd
 .text          0x08008200      0x210 ./lib/src/coron_wait.o
                0x08008200                wait_loop
                0x08008228                wait_init
                0x08008234                Handler_SysTick
                0x08008274                SysTick_Configuration
                0x0800829c                wait_timer
                0x080082f8                wait_timer_sec
                0x08008358                wait_timer_msec
                0x080083b4                wait_timer_usec
 .text          0x08008410       0x6e ./lib/src/cortexm3_macro.o
                0x08008410                __WFI
                0x08008414                __WFE
                0x08008418                __SEV
                0x0800841c                __ISB
                0x08008422                __DSB
                0x08008428                __DMB
                0x0800842e                __SVC
                0x08008432                __MRS_CONTROL
                0x08008438                __MSR_CONTROL
                0x08008442                __MRS_PSP
                0x08008448                __MSR_PSP
                0x0800844e                __MRS_MSP
                0x08008454                __MSR_MSP
                0x0800845a                __SETPRIMASK
                0x0800845e                __RESETPRIMASK
                0x08008462                __SETFAULTMASK
                0x08008466                __RESETFAULTMASK
                0x0800846a                __BASEPRICONFIG
                0x08008470                __GetBASEPRI
                0x08008476                __REV_HalfWord
                0x0800847a                __REV_Word
 *fill*         0x0800847e        0x2 00
 .text          0x08008480     0x40f0 ./lib/src/sdcard.o
                0x08008480                SD_Init
                0x080085ac                SD_PowerON
                0x08008924                SD_PowerOFF
                0x08008944                SD_InitializeCards
                0x08008bb8                SD_GetCardInfo
                0x0800929c                SD_EnableWideBusOperation
                0x08009400                SD_SetDeviceMode
                0x08009444                SD_SelectDeselect
                0x080094bc                SD_ReadBlock
                0x08009910                SD_ReadMultiBlocks
                0x08009e6c                SD_WriteBlock
                0x0800a4e0                SD_WriteMultiBlocks
                0x0800ac74                SD_GetTransferState
                0x0800ac9c                SD_StopTransfer
                0x0800ad14                SD_Erase
                0x0800af64                SD_SendStatus
                0x0800b010                SD_SendSDStatus
                0x0800b37c                SD_ProcessIRQSrc
 .text          0x0800c570      0xb4c ./lib/src/stm32f10x_adc.o
                0x0800c570                ADC_DeInit
                0x0800c5f8                ADC_Init
                0x0800c6bc                ADC_StructInit
                0x0800c700                ADC_Cmd
                0x0800c738                ADC_DMACmd
                0x0800c770                ADC_ITConfig
                0x0800c7bc                ADC_ResetCalibration
                0x0800c7dc                ADC_GetResetCalibrationStatus
                0x0800c814                ADC_StartCalibration
                0x0800c834                ADC_GetCalibrationStatus
                0x0800c86c                ADC_SoftwareStartConvCmd
                0x0800c8a4                ADC_GetSoftwareStartConvStatus
                0x0800c8dc                ADC_DiscModeChannelCountConfig
                0x0800c928                ADC_DiscModeCmd
                0x0800c960                ADC_RegularChannelConfig
                0x0800cb30                ADC_ExternalTrigConvCmd
                0x0800cb68                ADC_GetConversionValue
                0x0800cb84                ADC_GetDualModeConversionValue
                0x0800cb9c                ADC_AutoInjectedConvCmd
                0x0800cbd4                ADC_InjectedDiscModeCmd
                0x0800cc0c                ADC_ExternalTrigInjectedConvConfig
                0x0800cc44                ADC_ExternalTrigInjectedConvCmd
                0x0800cc7c                ADC_SoftwareStartInjectedConvCmd
                0x0800ccb4                ADC_GetSoftwareStartInjectedConvCmdStatus
                0x0800ccec                ADC_InjectedChannelConfig
                0x0800ce3c                ADC_InjectedSequencerLengthConfig
                0x0800ce88                ADC_SetInjectedOffset
                0x0800ceb0                ADC_GetInjectedConversionValue
                0x0800cedc                ADC_AnalogWatchdogCmd
                0x0800cf18                ADC_AnalogWatchdogThresholdsConfig
                0x0800cf40                ADC_AnalogWatchdogSingleChannelConfig
                0x0800cf7c                ADC_TempSensorVrefintCmd
                0x0800cfc8                ADC_GetFlagStatus
                0x0800d004                ADC_ClearFlag
                0x0800d024                ADC_GetITStatus
                0x0800d08c                ADC_ClearITPendingBit
 .text          0x0800d0bc      0x38c ./lib/src/stm32f10x_dac.o
                0x0800d0bc                DAC_DeInit
                0x0800d0dc                DAC_Init
                0x0800d158                DAC_StructInit
                0x0800d18c                DAC_Cmd
                0x0800d1f4                DAC_DMACmd
                0x0800d25c                DAC_SoftwareTriggerCmd
                0x0800d2cc                DAC_DualSoftwareTriggerCmd
                0x0800d318                DAC_WaveGenerationCmd
                0x0800d37c                DAC_SetChannel1Data
                0x0800d3a4                DAC_SetChannel2Data
                0x0800d3cc                DAC_SetDualChannelData
                0x0800d420                DAC_GetDataOutputValue
 .text          0x0800d448      0x500 ./lib/src/stm32f10x_dma.o
                0x0800d448                DMA_DeInit
                0x0800d688                DMA_Init
                0x0800d718                DMA_StructInit
                0x0800d784                DMA_Cmd
                0x0800d7bc                DMA_ITConfig
                0x0800d7fc                DMA_GetCurrDataCounter
                0x0800d818                DMA_GetFlagStatus
                0x0800d878                DMA_ClearFlag
                0x0800d8b0                DMA_GetITStatus
                0x0800d910                DMA_ClearITPendingBit
 .text          0x0800d948       0xcc ./lib/src/stm32f10x_flash.o
                0x0800d948                FLASH_SetLatency
                0x0800d98c                FLASH_HalfCycleAccessCmd
                0x0800d9d0                FLASH_PrefetchBufferCmd
 .text          0x0800da14      0x6e8 ./lib/src/stm32f10x_gpio.o
                0x0800da14                GPIO_DeInit
                0x0800db44                GPIO_AFIODeInit
                0x0800db64                GPIO_Init
                0x0800dd24                GPIO_StructInit
                0x0800dd50                GPIO_ReadInputDataBit
                0x0800dd8c                GPIO_ReadInputData
                0x0800dda8                GPIO_ReadOutputDataBit
                0x0800dde4                GPIO_ReadOutputData
                0x0800de00                GPIO_SetBits
                0x0800de1c                GPIO_ResetBits
                0x0800de38                GPIO_WriteBit
                0x0800de68                GPIO_Write
                0x0800de84                GPIO_PinLockConfig
                0x0800dec8                GPIO_EventOutputConfig
                0x0800df28                GPIO_EventOutputCmd
                0x0800df48                GPIO_PinRemapConfig
                0x0800e044                GPIO_EXTILineConfig
 .text          0x0800e0fc      0x974 ./lib/src/stm32f10x_nvic.o
                0x0800e0fc                NVIC_DeInit
                0x0800e180                NVIC_SCBDeInit
                0x0800e244                NVIC_PriorityGroupConfig
                0x0800e26c                NVIC_Init
                0x0800e3d0                NVIC_StructInit
                0x0800e404                NVIC_SETPRIMASK
                0x0800e410                NVIC_RESETPRIMASK
                0x0800e41c                NVIC_SETFAULTMASK
                0x0800e428                NVIC_RESETFAULTMASK
                0x0800e434                NVIC_BASEPRICONFIG
                0x0800e450                NVIC_GetBASEPRI
                0x0800e460                NVIC_GetCurrentPendingIRQChannel
                0x0800e488                NVIC_GetIRQChannelPendingBitStatus
                0x0800e4f0                NVIC_SetIRQChannelPendingBit
                0x0800e510                NVIC_ClearIRQChannelPendingBit
                0x0800e54c                NVIC_GetCurrentActiveHandler
                0x0800e56c                NVIC_GetIRQChannelActiveBitStatus
                0x0800e5d4                NVIC_GetCPUID
                0x0800e5ec                NVIC_SetVectorTable
                0x0800e61c                NVIC_GenerateSystemReset
                0x0800e638                NVIC_GenerateCoreReset
                0x0800e654                NVIC_SystemLPConfig
                0x0800e6ac                NVIC_SystemHandlerConfig
                0x0800e718                NVIC_SystemHandlerPriorityConfig
                0x0800e828                NVIC_GetSystemHandlerPendingBitStatus
                0x0800e894                NVIC_SetSystemHandlerPendingBit
                0x0800e8d8                NVIC_ClearSystemHandlerPendingBit
                0x0800e920                NVIC_GetSystemHandlerActiveBitStatus
                0x0800e988                NVIC_GetFaultHandlerSources
                0x0800ea20                NVIC_GetFaultAddress
 .text          0x0800ea70      0xa04 ./lib/src/stm32f10x_rcc.o
                0x0800ea70                RCC_DeInit
                0x0800eb0c                RCC_HSEConfig
                0x0800eb90                RCC_WaitForHSEStartUp
                0x0800ebf4                RCC_AdjustHSICalibrationValue
                0x0800ec3c                RCC_HSICmd
                0x0800ec5c                RCC_PLLConfig
                0x0800eca8                RCC_PLLCmd
                0x0800ecc8                RCC_SYSCLKConfig
                0x0800ed0c                RCC_GetSYSCLKSource
                0x0800ed28                RCC_HCLKConfig
                0x0800ed6c                RCC_PCLK1Config
                0x0800edb0                RCC_PCLK2Config
                0x0800edf8                RCC_ITConfig
                0x0800ee5c                RCC_USBCLKConfig
                0x0800ee7c                RCC_ADCCLKConfig
                0x0800eec0                RCC_LSEConfig
                0x0800ef1c                RCC_LSICmd
                0x0800ef3c                RCC_RTCCLKConfig
                0x0800ef68                RCC_RTCCLKCmd
                0x0800ef88                RCC_GetClocksFreq
                0x0800f148                RCC_AHBPeriphClockCmd
                0x0800f1a0                RCC_APB2PeriphClockCmd
                0x0800f1f8                RCC_APB1PeriphClockCmd
                0x0800f250                RCC_APB2PeriphResetCmd
                0x0800f2a8                RCC_APB1PeriphResetCmd
                0x0800f300                RCC_BackupResetCmd
                0x0800f320                RCC_ClockSecuritySystemCmd
                0x0800f340                RCC_MCOConfig
                0x0800f360                RCC_GetFlagStatus
                0x0800f3f0                RCC_ClearFlag
                0x0800f414                RCC_GetITStatus
                0x0800f454                RCC_ClearITPendingBit
 .text          0x0800f474      0x614 ./lib/src/stm32f10x_sdio.o
                0x0800f474                SDIO_DeInit
                0x0800f500                SDIO_Init
                0x0800f574                SDIO_StructInit
                0x0800f5b8                SDIO_ClockCmd
                0x0800f5d8                SDIO_SetPowerState
                0x0800f61c                SDIO_GetPowerState
                0x0800f638                SDIO_ITConfig
                0x0800f690                SDIO_DMACmd
                0x0800f6b0                SDIO_SendCommand
                0x0800f720                SDIO_CmdStructInit
                0x0800f75c                SDIO_GetCommandResponse
                0x0800f774                SDIO_GetResponse
                0x0800f798                SDIO_DataConfig
                0x0800f810                SDIO_DataStructInit
                0x0800f854                SDIO_GetDataCounter
                0x0800f86c                SDIO_ReadData
                0x0800f884                SDIO_WriteData
                0x0800f8a4                SDIO_GetFIFOCount
                0x0800f8bc                SDIO_StartSDIOReadWait
                0x0800f8dc                SDIO_StopSDIOReadWait
                0x0800f8fc                SDIO_SetSDIOReadWaitMode
                0x0800f91c                SDIO_SetSDIOOperation
                0x0800f93c                SDIO_SendSDIOSuspendCmd
                0x0800f95c                SDIO_CommandCompletionCmd
                0x0800f97c                SDIO_CEATAITCmd
                0x0800f9a8                SDIO_SendCEATACmd
                0x0800f9c8                SDIO_GetFlagStatus
                0x0800fa08                SDIO_ClearFlag
                0x0800fa28                SDIO_GetITStatus
                0x0800fa68                SDIO_ClearITPendingBit
 .text          0x0800fa88      0x1a8 ./lib/src/stm32f10x_systick.o
                0x0800fa88                SysTick_CLKSourceConfig
                0x0800fad4                SysTick_SetReload
                0x0800faf4                SysTick_CounterCmd
                0x0800fb58                SysTick_ITConfig
                0x0800fba4                SysTick_GetCounter
                0x0800fbbc                SysTick_GetFlagStatus
 .text          0x0800fc30     0x1e6c ./lib/src/stm32f10x_tim.o
                0x0800fc30                TIM_DeInit
                0x0800fd8c                TIM_TimeBaseInit
                0x0800fe10                TIM_OC1Init
                0x0800ff38                TIM_OC2Init
                0x08010088                TIM_OC3Init
                0x080101d4                TIM_OC4Init
                0x080102cc                TIM_ICInit
                0x08010374                TIM_PWMIConfig
                0x08010438                TIM_BDTRConfig
                0x08010494                TIM_TimeBaseStructInit
                0x080104d0                TIM_OCStructInit
                0x08010524                TIM_ICStructInit
                0x08010560                TIM_BDTRStructInit
                0x080105ac                TIM_Cmd
                0x080105f4                TIM_CtrlPWMOutputs
                0x08010640                TIM_ITConfig
                0x0801068c                TIM_GenerateEvent
                0x080106a8                TIM_DMAConfig
                0x080106d4                TIM_DMACmd
                0x08010720                TIM_InternalClockConfig
                0x0801074c                TIM_ITRxExternalClockConfig
                0x0801077c                TIM_TIxExternalClockConfig
                0x080107d4                TIM_ETRClockMode1Config
                0x08010828                TIM_ETRClockMode2Config
                0x0801085c                TIM_ETRConfig
                0x080108b0                TIM_PrescalerConfig
                0x080108d8                TIM_CounterModeConfig
                0x0801091c                TIM_SelectInputTrigger
                0x08010958                TIM_EncoderInterfaceConfig
                0x080109f0                TIM_ForcedOC1Config
                0x08010a2c                TIM_ForcedOC2Config
                0x08010a6c                TIM_ForcedOC3Config
                0x08010aa8                TIM_ForcedOC4Config
                0x08010ae8                TIM_ARRPreloadConfig
                0x08010b30                TIM_SelectCOM
                0x08010b78                TIM_SelectCCDMA
                0x08010bc0                TIM_CCPreloadControl
                0x08010c08                TIM_OC1PreloadConfig
                0x08010c44                TIM_OC2PreloadConfig
                0x08010c84                TIM_OC3PreloadConfig
                0x08010cc0                TIM_OC4PreloadConfig
                0x08010d00                TIM_OC1FastConfig
                0x08010d3c                TIM_OC2FastConfig
                0x08010d7c                TIM_OC3FastConfig
                0x08010db8                TIM_OC4FastConfig
                0x08010df8                TIM_ClearOC1Ref
                0x08010e34                TIM_ClearOC2Ref
                0x08010e78                TIM_ClearOC3Ref
                0x08010eb4                TIM_ClearOC4Ref
                0x08010ef8                TIM_OC1PolarityConfig
                0x08010f34                TIM_OC1NPolarityConfig
                0x08010f70                TIM_OC2PolarityConfig
                0x08010fb0                TIM_OC2NPolarityConfig
                0x08010ff0                TIM_OC3PolarityConfig
                0x08011030                TIM_OC3NPolarityConfig
                0x08011070                TIM_OC4PolarityConfig
                0x080110b0                TIM_CCxCmd
                0x08011108                TIM_CCxNCmd
                0x08011160                TIM_SelectOCxM
                0x080112a0                TIM_UpdateDisableConfig
                0x080112e8                TIM_UpdateRequestConfig
                0x08011330                TIM_SelectHallSensor
                0x08011378                TIM_SelectOnePulseMode
                0x080113bc                TIM_SelectOutputTrigger
                0x08011400                TIM_SelectSlaveMode
                0x08011444                TIM_SelectMasterSlaveMode
                0x08011488                TIM_SetCounter
                0x080114a4                TIM_SetAutoreload
                0x080114c0                TIM_SetCompare1
                0x080114dc                TIM_SetCompare2
                0x080114f8                TIM_SetCompare3
                0x08011514                TIM_SetCompare4
                0x08011534                TIM_SetIC1Prescaler
                0x08011578                TIM_SetIC2Prescaler
                0x080115c0                TIM_SetIC3Prescaler
                0x08011604                TIM_SetIC4Prescaler
                0x0801164c                TIM_SetClockDivision
                0x08011684                TIM_GetCapture1
                0x080116a0                TIM_GetCapture2
                0x080116bc                TIM_GetCapture3
                0x080116d8                TIM_GetCapture4
                0x080116f4                TIM_GetCounter
                0x08011710                TIM_GetPrescaler
                0x0801172c                TIM_GetFlagStatus
                0x0801176c                TIM_ClearFlag
                0x08011790                TIM_GetITStatus
                0x080117f4                TIM_ClearITPendingBit
 .text          0x08011a9c      0x97c ./lib/src/stm32f10x_usart.o
                0x08011a9c                USART_DeInit
                0x08011b7c                USART_Init
                0x08011ce8                USART_StructInit
                0x08011d2c                USART_ClockInit
                0x08011d90                USART_ClockStructInit
                0x08011dc4                USART_Cmd
                0x08011e0c                USART_ITConfig
                0x08011eb8                USART_DMACmd
                0x08011f04                USART_SetAddress
                0x08011f48                USART_WakeUpConfig
                0x08011f8c                USART_ReceiverWakeUpCmd
                0x08011fd4                USART_LINBreakDetectLengthConfig
                0x08012018                USART_LINCmd
                0x08012060                USART_SendData
                0x08012084                USART_ReceiveData
                0x080120a8                USART_SendBreak
                0x080120cc                USART_SetGuardTime
                0x08012108                USART_SetPrescaler
                0x08012140                USART_SmartCardCmd
                0x08012188                USART_SmartCardNACKCmd
                0x080121d0                USART_HalfDuplexCmd
                0x08012218                USART_IrDAConfig
                0x0801225c                USART_IrDACmd
                0x080122a4                USART_GetFlagStatus
                0x080122e4                USART_ClearFlag
                0x08012308                USART_GetITStatus
                0x080123d4                USART_ClearITPendingBit
 .text          0x08012418       0x88 ./lib/src/stm32f10x_vector.o
                0x08012418                Reset_Handler
 .text          0x080124a0     0x1428 ./lib/src/usb_core.o
                0x080124a0                Standard_GetConfiguration
                0x080124ec                Standard_SetConfiguration
                0x08012560                Standard_GetInterface
                0x080125ac                Standard_SetInterface
                0x08012674                Standard_GetStatus
                0x0801281c                Standard_ClearFeature
                0x08012a44                Standard_SetEndPointFeature
                0x08012b84                Standard_SetDeviceFeature
                0x08012bc0                Standard_GetDescriptorData
                0x08013578                Setup0_Process
                0x08013688                In0_Process
                0x08013744                Out0_Process
                0x080137d0                Post0_Process
                0x08013830                SetDeviceAddress
                0x080138bc                NOP_Process
 .text          0x080138c8       0x5c ./lib/src/usb_endp.o
                0x080138c8                EP3_OUT_Callback
                0x0801390c                EP1_IN_Callback
 .text          0x08013924       0x5c ./lib/src/usb_init.o
                0x08013924                USB_Init
 .text          0x08013980      0x700 ./lib/src/usb_int.o
                0x08013980                CTR_LP
                0x08013f28                CTR_HP
 .text          0x08014080      0x170 ./lib/src/usb_istr.o
                0x08014080                USB_Istr
 .text          0x080141f0       0xf8 ./lib/src/usb_mem.o
                0x080141f0                UserToPMABufferCopy
                0x0801427c                PMAToUserBufferCopy
 .text          0x080142e8      0x46c ./lib/src/usb_prop.o
                0x080142e8                Virtual_Com_Port_init
                0x08014348                Virtual_Com_Port_Reset
                0x08014498                Virtual_Com_Port_SetConfiguration
                0x080144c8                Virtual_Com_Port_SetDeviceAddress
                0x080144e0                Virtual_Com_Port_Status_In
                0x08014508                Virtual_Com_Port_Status_Out
                0x08014514                Virtual_Com_Port_Data_Setup
                0x080145c0                Virtual_Com_Port_NoData_Setup
                0x08014608                Virtual_Com_Port_GetDeviceDescriptor
                0x08014630                Virtual_Com_Port_GetConfigDescriptor
                0x08014658                Virtual_Com_Port_GetStringDescriptor
                0x080146a4                Virtual_Com_Port_Get_Interface_Setting
                0x080146dc                Virtual_Com_Port_GetLineCoding
                0x08014718                Virtual_Com_Port_SetLineCoding
 .text          0x08014754      0x2dc ./lib/src/usb_pwr.o
                0x08014754                PowerOn
                0x080147d4                PowerOff
                0x08014814                Suspend
                0x08014868                Resume_Init
                0x080148a8                Resume
 .text          0x08014a30     0x1228 ./lib/src/usb_regs.o
                0x08014a30                SetCNTR
                0x08014a50                GetCNTR
                0x08014a68                SetISTR
                0x08014a88                GetISTR
                0x08014aa0                GetFNR
                0x08014ab8                SetDADDR
                0x08014ad8                GetDADDR
                0x08014af0                SetBTABLE
                0x08014b1c                GetBTABLE
                0x08014b34                SetENDPOINT
                0x08014b60                GetENDPOINT
                0x08014b88                SetEPType
                0x08014bdc                GetEPType
                0x08014c08                SetEPTxStatus
                0x08014c74                SetEPRxStatus
                0x08014ce0                SetDouBleBuffEPStall
                0x08014d3c                GetEPTxStatus
                0x08014d68                GetEPRxStatus
                0x08014d94                SetEPTxValid
                0x08014de8                SetEPRxValid
                0x08014e3c                SetEP_KIND
                0x08014e88                ClearEP_KIND
                0x08014ecc                Clear_Status_Out
                0x08014f10                Set_Status_Out
                0x08014f5c                SetEPDoubleBuff
                0x08014fa8                ClearEPDoubleBuff
                0x08014fec                GetTxStallStatus
                0x08015020                GetRxStallStatus
                0x08015058                ClearEP_CTR_RX
                0x0801509c                ClearEP_CTR_TX
                0x080150e0                ToggleDTOG_RX
                0x08015124                ToggleDTOG_TX
                0x08015168                ClearDTOG_RX
                0x080151c8                ClearDTOG_TX
                0x08015228                SetEPAddress
                0x08015278                GetEPAddress
                0x080152a4                SetEPTxAddr
                0x080152ec                SetEPRxAddr
                0x08015338                GetEPTxAddr
                0x08015374                GetEPRxAddr
                0x080153b4                SetEPTxCount
                0x080153f4                SetEPCountRxReg
                0x08015464                SetEPRxCount
                0x080154fc                GetEPTxCount
                0x08015544                GetEPRxCount
                0x0801558c                SetEPDblBuffAddr
                0x0801560c                SetEPDblBuf0Addr
                0x08015654                SetEPDblBuf1Addr
                0x080156a0                GetEPDblBuf0Addr
                0x080156dc                GetEPDblBuf1Addr
                0x0801571c                SetEPDblBuffCount
                0x080158a4                SetEPDblBuf0Count
                0x08015978                SetEPDblBuf1Count
                0x08015a4c                GetEPDblBuf0Count
                0x08015a94                GetEPDblBuf1Count
                0x08015adc                GetEPDblBufDir
                0x08015b68                FreeUserBuffer
                0x08015bf0                ToWord
                0x08015c20                ByteSwap
 *(.text.*)
 *(.rodata)
 .rodata        0x08015c58       0x58 ./src/main.o
 .rodata        0x08015cb0        0x8 ./lib/src/coron_sdfat.o
                0x08015cb0                s_fat16
 .rodata        0x08015cb8      0x114 ./lib/src/coron_sdtxt.o
 .rodata        0x08015dcc        0xc ./lib/src/coron_sdwav.o
 .rodata        0x08015dd8       0x14 ./lib/src/stm32f10x_rcc.o
 .rodata        0x08015dec       0xb8 ./lib/src/usb_desc.o
                0x08015dec                Virtual_Com_Port_DeviceDescriptor
                0x08015e00                Virtual_Com_Port_ConfigDescriptor
                0x08015e44                Virtual_Com_Port_StringLangID
                0x08015e48                Virtual_Com_Port_StringVendor
                0x08015e70                Virtual_Com_Port_StringProduct
 *(.rodata*)
 *(.glue_7)
 .glue_7        0x00000000        0x0 linker stubs
 *(.glue_7t)
 .glue_7t       0x00000000        0x0 linker stubs
                0x08015ea4                . = ALIGN (0x4)
                0x08015ea4                _etext = .
                0x08015ea4                _sidata = _etext

.vfp11_veneer   0x20000000        0x0
 .vfp11_veneer  0x00000000        0x0 linker stubs

.v4_bx          0x20000000        0x0
 .v4_bx         0x00000000        0x0 linker stubs

.data           0x20000000       0xf4 load address 0x08015ea4
                0x20000000                . = ALIGN (0x4)
                0x20000000                _sdata = .
 *(.data)
 .data          0x20000000        0x1 ./lib/src/coron_sdfat.o
                0x20000000                Status
 *fill*         0x20000001        0x3 00
 .data          0x20000004        0x8 ./lib/src/sdcard.o
                0x20000008                TransferError
 .data          0x2000000c       0x1c ./lib/src/usb_desc.o
                0x2000000c                Virtual_Com_Port_StringSerial
 .data          0x20000028       0x38 ./lib/src/usb_istr.o
                0x20000028                pEpInt_IN
                0x20000044                pEpInt_OUT
 .data          0x20000060       0x90 ./lib/src/usb_prop.o
                0x20000060                linecoding
                0x20000068                Device_Table
                0x2000006c                Device_Property
                0x2000009c                User_Standard_Requests
                0x200000c0                Device_Descriptor
                0x200000c8                Config_Descriptor
                0x200000d0                String_Descriptor
 .data          0x200000f0        0x1 ./lib/src/usb_pwr.o
                0x200000f0                fSuspendEnabled
 *(.data.*)
                0x200000f4                . = ALIGN (0x4)
 *fill*         0x200000f1        0x3 00
                0x200000f4                _edata = .

.bss            0x200000f4     0x2dc0 load address 0x08015f98
                0x200000f4                . = ALIGN (0x4)
                0x200000f4                _sbss = .
 *(.bss)
 .bss           0x200000f4        0xc ./lib/src/coron_ad.o
                0x200000f4                coron_IOA_ADValue
 .bss           0x20000100        0x4 ./lib/src/coron_dc.o
                0x20000100                mot1_cw
                0x20000101                mot2_cw
                0x20000102                mot1_duty
                0x20000103                mot2_duty
 .bss           0x20000104        0x3 ./lib/src/coron_rc.o
                0x20000104                rc_step_flag
                0x20000105                rc_step_num
                0x20000106                rc_step_count
 *fill*         0x20000107        0x1 00
 .bss           0x20000108       0x14 ./lib/src/coron_sdfat.o
                0x20000108                hidden_sector
                0x2000010c                fat_sector
                0x20000110                dir_sector
                0x20000114                dat_sector
                0x20000118                sectors_per_cluster
 .bss           0x2000011c        0x4 ./lib/src/coron_sdtxt.o
                0x2000011c                txt_dir_sector
 .bss           0x20000120        0x4 ./lib/src/coron_sdwav.o
                0x20000120                sound_sector
 .bss           0x20000124        0x8 ./lib/src/coron_sound.o
                0x20000124                sound_flag
                0x20000126                sound_buf0_count
                0x20000128                sound_buf1_count
                0x2000012a                read_flag
 .bss           0x2000012c        0x4 ./lib/src/coron_usbprint.o
                0x2000012c                timeout_cnt
 .bss           0x20000130        0x8 ./lib/src/coron_wait.o
                0x20000130                wait_timer_flag
                0x20000134                wait_timer_count
 .bss           0x20000138       0x38 ./lib/src/sdcard.o
                0x20000168                TransferEnd
                0x2000016c                NumberOfBytes
 .bss           0x20000170        0x1 ./lib/src/usb_core.o
                0x20000170                Data_Mul_MaxPacketSize
 *fill*         0x20000171        0x3 00
 .bss           0x20000174        0x8 ./lib/src/usb_endp.o
                0x20000174                count_out
                0x20000178                count_in
 .bss           0x2000017c        0x2 ./lib/src/usb_istr.o
                0x2000017c                bIntPackSOF
                0x2000017d                usbConnectFlag
 .bss           0x2000017e        0x1 ./lib/src/usb_prop.o
                0x2000017e                Request
 *fill*         0x2000017f        0x1 00
 .bss           0x20000180        0x4 ./lib/src/usb_pwr.o
                0x20000180                bDeviceState
 *(COMMON)
 COMMON         0x20000184      0xd8c ./lib/src/coron_rc.o
                0x20000184                rc_mot_motion_spd
                0x200001e8                rc_mot_pos_home
                0x20000208                rc_mot_ch
                0x2000020c                rc_mot_pos_trim
                0x2000022c                rc_mot_pos
                0x2000024c                rc_mot_pos_step
                0x2000026c                rc_mot_motion_cnt
                0x20000270                rc_mot_motion_pos
                0x20000ef0                rc_mot_ipos
 COMMON         0x20000f10     0x1450 ./lib/src/coron_sdfat.o
                0x20000f10                Buffer_Block_Tx
                0x20001110                Buffer_MultiBlock_Rx
                0x20001510                buf512
                0x20001d10                SDCardInfo
                0x20001d60                Buffer_Block_Rx
                0x20001f60                Buffer_MultiBlock_Tx
 COMMON         0x20002360      0x324 ./lib/src/coron_sdtxt.o
                0x20002360                txt_name
                0x200024f0                txt_sector_num
                0x200025b8                txt_count
                0x200025bc                txt_size
 COMMON         0x20002684      0x324 ./lib/src/coron_sdwav.o
                0x20002684                wav_name
                0x20002814                wav_sector_num
                0x200028dc                wav_count
                0x200028e0                wav_size
 COMMON         0x200029a8      0x400 ./lib/src/coron_sound.o
                0x200029a8                sound_buf
 COMMON         0x20002da8       0x80 ./lib/src/coron_usbcdc.o
                0x20002da8                buffer_in
                0x20002de8                buffer_out
 COMMON         0x20002e28       0x4c ./lib/src/sdcard.o
                0x20002e28                SDIO_CmdInitStructure
                0x20002e3c                DestBuffer
                0x20002e40                SDIO_InitStructure
                0x20002e58                SDIO_DataInitStructure
                0x20002e70                SrcBuffer
 COMMON         0x20002e74        0x2 ./lib/src/usb_core.o
                0x20002e74                StatusInfo
 *fill*         0x20002e76        0x2 00
 COMMON         0x20002e78       0x32 ./lib/src/usb_init.o
                0x20002e78                SaveState
                0x20002e7c                pProperty
                0x20002e80                EPindex
                0x20002e84                Device_Info
                0x20002ea0                pUser_Standard_Requests
                0x20002ea4                pInformation
                0x20002ea8                wInterrupt_Mask
 COMMON         0x20002eaa        0x4 ./lib/src/usb_int.o
                0x20002eaa                SaveRState
                0x20002eac                SaveTState
 COMMON         0x20002eae        0x2 ./lib/src/usb_istr.o
                0x20002eae                wIstr
 COMMON         0x20002eb0        0x2 ./lib/src/usb_pwr.o
                0x20002eb0                ResumeS
                0x20002eb4                . = ALIGN (0x4)
 *fill*         0x20002eb2        0x2 00
                0x20002eb4                _ebss = .
                0x20002eb4                PROVIDE (end, _ebss)
                0x20002eb4                PROVIDE (_end, _ebss)

._usrstack      0x20002eb4      0x400 load address 0x08018d58
                0x20002eb4                . = ALIGN (0x4)
                0x20002eb4                _susrstack = .
                0x200032b4                . = (. + _Minimum_Stack_Size)
 *fill*         0x20002eb4      0x400 00
                0x200032b4                . = ALIGN (0x4)
                0x200032b4                _eusrstack = .

.b1text
 *(.b1text)
 *(.b1rodata)
 *(.b1rodata*)

.eb0text
 *(.eb0text)
 *(.eb0rodata)
 *(.eb0rodata*)

.eb1text
 *(.eb1text)
 *(.eb1rodata)
 *(.eb1rodata*)

.eb2text
 *(.eb2text)
 *(.eb2rodata)
 *(.eb2rodata*)

.eb3text
 *(.eb3text)
 *(.eb3rodata)
 *(.eb3rodata*)
                0x200032b4                __exidx_start = .
                0x200032b4                __exidx_end = .

.stab
 *(.stab)

.stabstr
 *(.stabstr)

.stab.excl
 *(.stab.excl)

.stab.exclstr
 *(.stab.exclstr)

.stab.index
 *(.stab.index)

.stab.indexstr
 *(.stab.indexstr)

.ARM.attributes
                0x00000000       0x2f
 .ARM.attributes
                0x00000000       0x14 c:/coron/gcc/arm/bin/../lib/gcc/arm-none-eabi/4.4.1/crti.o
 .ARM.attributes
                0x00000014       0x30 c:/coron/gcc/arm/bin/../lib/gcc/arm-none-eabi/4.4.1/crtbegin.o
 .ARM.attributes
                0x00000044       0x31 ./src/main.o
 .ARM.attributes
                0x00000075       0x31 ./src/stm32f10x_it.o
 .ARM.attributes
                0x000000a6       0x31 ./lib/src/coron_ad.o
 .ARM.attributes
                0x000000d7       0x31 ./lib/src/coron_dc.o
 .ARM.attributes
                0x00000108       0x31 ./lib/src/coron_init.o
 .ARM.attributes
                0x00000139       0x31 ./lib/src/coron_rc.o
 .ARM.attributes
                0x0000016a       0x31 ./lib/src/coron_sdfat.o
 .ARM.attributes
                0x0000019b       0x31 ./lib/src/coron_sdtxt.o
 .ARM.attributes
                0x000001cc       0x31 ./lib/src/coron_sdwav.o
 .ARM.attributes
                0x000001fd       0x31 ./lib/src/coron_sound.o
 .ARM.attributes
                0x0000022e       0x31 ./lib/src/coron_uart.o
 .ARM.attributes
                0x0000025f       0x31 ./lib/src/coron_usbcdc.o
 .ARM.attributes
                0x00000290       0x31 ./lib/src/coron_usbprint.o
 .ARM.attributes
                0x000002c1       0x31 ./lib/src/coron_wait.o
 .ARM.attributes
                0x000002f2       0x21 ./lib/src/cortexm3_macro.o
 .ARM.attributes
                0x00000313       0x31 ./lib/src/sdcard.o
 .ARM.attributes
                0x00000344       0x31 ./lib/src/stm32f10x_adc.o
 .ARM.attributes
                0x00000375       0x31 ./lib/src/stm32f10x_dac.o
 .ARM.attributes
                0x000003a6       0x31 ./lib/src/stm32f10x_dma.o
 .ARM.attributes
                0x000003d7       0x31 ./lib/src/stm32f10x_exti.o
 .ARM.attributes
                0x00000408       0x31 ./lib/src/stm32f10x_flash.o
 .ARM.attributes
                0x00000439       0x31 ./lib/src/stm32f10x_gpio.o
 .ARM.attributes
                0x0000046a       0x31 ./lib/src/stm32f10x_i2c.o
 .ARM.attributes
                0x0000049b       0x31 ./lib/src/stm32f10x_lib.o
 .ARM.attributes
                0x000004cc       0x31 ./lib/src/stm32f10x_nvic.o
 .ARM.attributes
                0x000004fd       0x31 ./lib/src/stm32f10x_rcc.o
 .ARM.attributes
                0x0000052e       0x31 ./lib/src/stm32f10x_sdio.o
 .ARM.attributes
                0x0000055f       0x31 ./lib/src/stm32f10x_spi.o
 .ARM.attributes
                0x00000590       0x31 ./lib/src/stm32f10x_systick.o
 .ARM.attributes
                0x000005c1       0x31 ./lib/src/stm32f10x_tim.o
 .ARM.attributes
                0x000005f2       0x31 ./lib/src/stm32f10x_usart.o
 .ARM.attributes
                0x00000623       0x31 ./lib/src/stm32f10x_vector.o
 .ARM.attributes
                0x00000654       0x31 ./lib/src/syscalls.o
 .ARM.attributes
                0x00000685       0x31 ./lib/src/usb_core.o
 .ARM.attributes
                0x000006b6       0x31 ./lib/src/usb_desc.o
 .ARM.attributes
                0x000006e7       0x31 ./lib/src/usb_endp.o
 .ARM.attributes
                0x00000718       0x31 ./lib/src/usb_init.o
 .ARM.attributes
                0x00000749       0x31 ./lib/src/usb_int.o
 .ARM.attributes
                0x0000077a       0x31 ./lib/src/usb_istr.o
 .ARM.attributes
                0x000007ab       0x31 ./lib/src/usb_mem.o
 .ARM.attributes
                0x000007dc       0x31 ./lib/src/usb_prop.o
 .ARM.attributes
                0x0000080d       0x31 ./lib/src/usb_pwr.o
 .ARM.attributes
                0x0000083e       0x31 ./lib/src/usb_regs.o
 .ARM.attributes
                0x0000086f       0x30 c:/coron/gcc/arm/bin/../lib/gcc/arm-none-eabi/4.4.1/crtend.o
 .ARM.attributes
                0x0000089f       0x16 c:/coron/gcc/arm/bin/../lib/gcc/arm-none-eabi/4.4.1/crtn.o

.comment        0x00000000      0x6e4
 *(.comment)
 .comment       0x00000000       0x2a ./src/main.o
 .comment       0x0000002a       0x2a ./src/stm32f10x_it.o
 .comment       0x00000054       0x2a ./lib/src/coron_ad.o
 .comment       0x0000007e       0x2a ./lib/src/coron_dc.o
 .comment       0x000000a8       0x2a ./lib/src/coron_init.o
 .comment       0x000000d2       0x2a ./lib/src/coron_rc.o
 .comment       0x000000fc       0x2a ./lib/src/coron_sdfat.o
 .comment       0x00000126       0x2a ./lib/src/coron_sdtxt.o
 .comment       0x00000150       0x2a ./lib/src/coron_sdwav.o
 .comment       0x0000017a       0x2a ./lib/src/coron_sound.o
 .comment       0x000001a4       0x2a ./lib/src/coron_uart.o
 .comment       0x000001ce       0x2a ./lib/src/coron_usbcdc.o
 .comment       0x000001f8       0x2a ./lib/src/coron_usbprint.o
 .comment       0x00000222       0x2a ./lib/src/coron_wait.o
 .comment       0x0000024c       0x2a ./lib/src/sdcard.o
 .comment       0x00000276       0x2a ./lib/src/stm32f10x_adc.o
 .comment       0x000002a0       0x2a ./lib/src/stm32f10x_dac.o
 .comment       0x000002ca       0x2a ./lib/src/stm32f10x_dma.o
 .comment       0x000002f4       0x2a ./lib/src/stm32f10x_exti.o
 .comment       0x0000031e       0x2a ./lib/src/stm32f10x_flash.o
 .comment       0x00000348       0x2a ./lib/src/stm32f10x_gpio.o
 .comment       0x00000372       0x2a ./lib/src/stm32f10x_i2c.o
 .comment       0x0000039c       0x2a ./lib/src/stm32f10x_lib.o
 .comment       0x000003c6       0x2a ./lib/src/stm32f10x_nvic.o
 .comment       0x000003f0       0x2a ./lib/src/stm32f10x_rcc.o
 .comment       0x0000041a       0x2a ./lib/src/stm32f10x_sdio.o
 .comment       0x00000444       0x2a ./lib/src/stm32f10x_spi.o
 .comment       0x0000046e       0x2a ./lib/src/stm32f10x_systick.o
 .comment       0x00000498       0x2a ./lib/src/stm32f10x_tim.o
 .comment       0x000004c2       0x2a ./lib/src/stm32f10x_usart.o
 .comment       0x000004ec       0x2a ./lib/src/stm32f10x_vector.o
 .comment       0x00000516       0x2a ./lib/src/syscalls.o
 .comment       0x00000540       0x2a ./lib/src/usb_core.o
 .comment       0x0000056a       0x2a ./lib/src/usb_desc.o
 .comment       0x00000594       0x2a ./lib/src/usb_endp.o
 .comment       0x000005be       0x2a ./lib/src/usb_init.o
 .comment       0x000005e8       0x2a ./lib/src/usb_int.o
 .comment       0x00000612       0x2a ./lib/src/usb_istr.o
 .comment       0x0000063c       0x2a ./lib/src/usb_mem.o
 .comment       0x00000666       0x2a ./lib/src/usb_prop.o
 .comment       0x00000690       0x2a ./lib/src/usb_pwr.o
 .comment       0x000006ba       0x2a ./lib/src/usb_regs.o

.debug
 *(.debug)

.line
 *(.line)

.debug_srcinfo
 *(.debug_srcinfo)

.debug_sfnames
 *(.debug_sfnames)

.debug_aranges  0x00000000      0x4a0
 *(.debug_aranges)
 .debug_aranges
                0x00000000       0x20 ./src/main.o
 .debug_aranges
                0x00000020       0x20 ./src/stm32f10x_it.o
 .debug_aranges
                0x00000040       0x20 ./lib/src/coron_ad.o
 .debug_aranges
                0x00000060       0x20 ./lib/src/coron_dc.o
 .debug_aranges
                0x00000080       0x20 ./lib/src/coron_init.o
 .debug_aranges
                0x000000a0       0x20 ./lib/src/coron_rc.o
 .debug_aranges
                0x000000c0       0x20 ./lib/src/coron_sdfat.o
 .debug_aranges
                0x000000e0       0x20 ./lib/src/coron_sdtxt.o
 .debug_aranges
                0x00000100       0x20 ./lib/src/coron_sdwav.o
 .debug_aranges
                0x00000120       0x20 ./lib/src/coron_sound.o
 .debug_aranges
                0x00000140       0x20 ./lib/src/coron_uart.o
 .debug_aranges
                0x00000160       0x20 ./lib/src/coron_usbcdc.o
 .debug_aranges
                0x00000180       0x20 ./lib/src/coron_usbprint.o
 .debug_aranges
                0x000001a0       0x20 ./lib/src/coron_wait.o
 .debug_aranges
                0x000001c0       0x20 ./lib/src/sdcard.o
 .debug_aranges
                0x000001e0       0x20 ./lib/src/stm32f10x_adc.o
 .debug_aranges
                0x00000200       0x20 ./lib/src/stm32f10x_dac.o
 .debug_aranges
                0x00000220       0x20 ./lib/src/stm32f10x_dma.o
 .debug_aranges
                0x00000240       0x20 ./lib/src/stm32f10x_flash.o
 .debug_aranges
                0x00000260       0x20 ./lib/src/stm32f10x_gpio.o
 .debug_aranges
                0x00000280       0x20 ./lib/src/stm32f10x_nvic.o
 .debug_aranges
                0x000002a0       0x20 ./lib/src/stm32f10x_rcc.o
 .debug_aranges
                0x000002c0       0x20 ./lib/src/stm32f10x_sdio.o
 .debug_aranges
                0x000002e0       0x20 ./lib/src/stm32f10x_systick.o
 .debug_aranges
                0x00000300       0x20 ./lib/src/stm32f10x_tim.o
 .debug_aranges
                0x00000320       0x20 ./lib/src/stm32f10x_usart.o
 .debug_aranges
                0x00000340       0x20 ./lib/src/stm32f10x_vector.o
 .debug_aranges
                0x00000360       0x20 ./lib/src/syscalls.o
 .debug_aranges
                0x00000380       0x20 ./lib/src/usb_core.o
 .debug_aranges
                0x000003a0       0x20 ./lib/src/usb_endp.o
 .debug_aranges
                0x000003c0       0x20 ./lib/src/usb_init.o
 .debug_aranges
                0x000003e0       0x20 ./lib/src/usb_int.o
 .debug_aranges
                0x00000400       0x20 ./lib/src/usb_istr.o
 .debug_aranges
                0x00000420       0x20 ./lib/src/usb_mem.o
 .debug_aranges
                0x00000440       0x20 ./lib/src/usb_prop.o
 .debug_aranges
                0x00000460       0x20 ./lib/src/usb_pwr.o
 .debug_aranges
                0x00000480       0x20 ./lib/src/usb_regs.o

.debug_pubnames
                0x00000000     0x398a
 *(.debug_pubnames)
 .debug_pubnames
                0x00000000       0x1b ./src/main.o
 .debug_pubnames
                0x0000001b      0x62b ./src/stm32f10x_it.o
 .debug_pubnames
                0x00000646       0x55 ./lib/src/coron_ad.o
 .debug_pubnames
                0x0000069b       0x84 ./lib/src/coron_dc.o
 .debug_pubnames
                0x0000071f       0x86 ./lib/src/coron_init.o
 .debug_pubnames
                0x000007a5      0x170 ./lib/src/coron_rc.o
 .debug_pubnames
                0x00000915      0x17f ./lib/src/coron_sdfat.o
 .debug_pubnames
                0x00000a94       0xe1 ./lib/src/coron_sdtxt.o
 .debug_pubnames
                0x00000b75       0x80 ./lib/src/coron_sdwav.o
 .debug_pubnames
                0x00000bf5       0x87 ./lib/src/coron_sound.o
 .debug_pubnames
                0x00000c7c       0x93 ./lib/src/coron_uart.o
 .debug_pubnames
                0x00000d0f       0xd9 ./lib/src/coron_usbcdc.o
 .debug_pubnames
                0x00000de8       0xa3 ./lib/src/coron_usbprint.o
 .debug_pubnames
                0x00000e8b       0xcf ./lib/src/coron_wait.o
 .debug_pubnames
                0x00000f5a      0x213 ./lib/src/sdcard.o
 .debug_pubnames
                0x0000116d      0x401 ./lib/src/stm32f10x_adc.o
 .debug_pubnames
                0x0000156e      0x116 ./lib/src/stm32f10x_dac.o
 .debug_pubnames
                0x00001684       0xcf ./lib/src/stm32f10x_dma.o
 .debug_pubnames
                0x00001753       0x60 ./lib/src/stm32f10x_flash.o
 .debug_pubnames
                0x000017b3      0x17b ./lib/src/stm32f10x_gpio.o
 .debug_pubnames
                0x0000192e      0x360 ./lib/src/stm32f10x_nvic.o
 .debug_pubnames
                0x00001c8e      0x2c4 ./lib/src/stm32f10x_rcc.o
 .debug_pubnames
                0x00001f52      0x2ac ./lib/src/stm32f10x_sdio.o
 .debug_pubnames
                0x000021fe       0xa1 ./lib/src/stm32f10x_systick.o
 .debug_pubnames
                0x0000229f      0x7b0 ./lib/src/stm32f10x_tim.o
 .debug_pubnames
                0x00002a4f      0x25f ./lib/src/stm32f10x_usart.o
 .debug_pubnames
                0x00002cae       0x35 ./lib/src/stm32f10x_vector.o
 .debug_pubnames
                0x00002ce3       0xf4 ./lib/src/syscalls.o
 .debug_pubnames
                0x00002dd7      0x1a5 ./lib/src/usb_core.o
 .debug_pubnames
                0x00002f7c       0xe7 ./lib/src/usb_desc.o
 .debug_pubnames
                0x00003063       0x65 ./lib/src/usb_endp.o
 .debug_pubnames
                0x000030c8       0x98 ./lib/src/usb_init.o
 .debug_pubnames
                0x00003160       0x46 ./lib/src/usb_int.o
 .debug_pubnames
                0x000031a6       0x69 ./lib/src/usb_istr.o
 .debug_pubnames
                0x0000320f       0x42 ./lib/src/usb_mem.o
 .debug_pubnames
                0x00003251      0x29d ./lib/src/usb_prop.o
 .debug_pubnames
                0x000034ee       0x83 ./lib/src/usb_pwr.o
 .debug_pubnames
                0x00003571      0x419 ./lib/src/usb_regs.o

.debug_info     0x00000000     0xefee
 *(.debug_info .gnu.linkonce.wi.*)
 .debug_info    0x00000000      0x1ba ./src/main.o
 .debug_info    0x000001ba      0x62f ./src/stm32f10x_it.o
 .debug_info    0x000007e9      0x529 ./lib/src/coron_ad.o
 .debug_info    0x00000d12      0x62d ./lib/src/coron_dc.o
 .debug_info    0x0000133f      0x26f ./lib/src/coron_init.o
 .debug_info    0x000015ae      0x7e9 ./lib/src/coron_rc.o
 .debug_info    0x00001d97      0x918 ./lib/src/coron_sdfat.o
 .debug_info    0x000026af      0x405 ./lib/src/coron_sdtxt.o
 .debug_info    0x00002ab4      0x45e ./lib/src/coron_sdwav.o
 .debug_info    0x00002f12      0x5f3 ./lib/src/coron_sound.o
 .debug_info    0x00003505      0x54a ./lib/src/coron_uart.o
 .debug_info    0x00003a4f      0x487 ./lib/src/coron_usbcdc.o
 .debug_info    0x00003ed6      0x379 ./lib/src/coron_usbprint.o
 .debug_info    0x0000424f      0x1ad ./lib/src/coron_wait.o
 .debug_info    0x000043fc     0x14d1 ./lib/src/sdcard.o
 .debug_info    0x000058cd      0xb94 ./lib/src/stm32f10x_adc.o
 .debug_info    0x00006461      0x432 ./lib/src/stm32f10x_dac.o
 .debug_info    0x00006893      0x40f ./lib/src/stm32f10x_dma.o
 .debug_info    0x00006ca2       0x50 ./lib/src/stm32f10x_exti.o
 .debug_info    0x00006cf2      0x165 ./lib/src/stm32f10x_flash.o
 .debug_info    0x00006e57      0x67d ./lib/src/stm32f10x_gpio.o
 .debug_info    0x000074d4       0x50 ./lib/src/stm32f10x_i2c.o
 .debug_info    0x00007524       0x53 ./lib/src/stm32f10x_lib.o
 .debug_info    0x00007577      0x929 ./lib/src/stm32f10x_nvic.o
 .debug_info    0x00007ea0      0x895 ./lib/src/stm32f10x_rcc.o
 .debug_info    0x00008735      0x82f ./lib/src/stm32f10x_sdio.o
 .debug_info    0x00008f64       0x50 ./lib/src/stm32f10x_spi.o
 .debug_info    0x00008fb4      0x203 ./lib/src/stm32f10x_systick.o
 .debug_info    0x000091b7     0x1d79 ./lib/src/stm32f10x_tim.o
 .debug_info    0x0000af30      0x9a8 ./lib/src/stm32f10x_usart.o
 .debug_info    0x0000b8d8       0xe5 ./lib/src/stm32f10x_vector.o
 .debug_info    0x0000b9bd      0x5c1 ./lib/src/syscalls.o
 .debug_info    0x0000bf7e      0xb87 ./lib/src/usb_core.o
 .debug_info    0x0000cb05      0x142 ./lib/src/usb_desc.o
 .debug_info    0x0000cc47       0xdd ./lib/src/usb_endp.o
 .debug_info    0x0000cd24      0x450 ./lib/src/usb_init.o
 .debug_info    0x0000d174      0x243 ./lib/src/usb_int.o
 .debug_info    0x0000d3b7      0x2bf ./lib/src/usb_istr.o
 .debug_info    0x0000d676      0x172 ./lib/src/usb_mem.o
 .debug_info    0x0000d7e8      0x87a ./lib/src/usb_prop.o
 .debug_info    0x0000e062      0x267 ./lib/src/usb_pwr.o
 .debug_info    0x0000e2c9      0xd25 ./lib/src/usb_regs.o

.debug_abbrev   0x00000000     0x2ca8
 *(.debug_abbrev)
 .debug_abbrev  0x00000000       0xbd ./src/main.o
 .debug_abbrev  0x000000bd       0x52 ./src/stm32f10x_it.o
 .debug_abbrev  0x0000010f      0x122 ./lib/src/coron_ad.o
 .debug_abbrev  0x00000231       0xf7 ./lib/src/coron_dc.o
 .debug_abbrev  0x00000328       0xfd ./lib/src/coron_init.o
 .debug_abbrev  0x00000425      0x16b ./lib/src/coron_rc.o
 .debug_abbrev  0x00000590      0x18b ./lib/src/coron_sdfat.o
 .debug_abbrev  0x0000071b       0xfc ./lib/src/coron_sdtxt.o
 .debug_abbrev  0x00000817      0x113 ./lib/src/coron_sdwav.o
 .debug_abbrev  0x0000092a      0x11a ./lib/src/coron_sound.o
 .debug_abbrev  0x00000a44      0x13d ./lib/src/coron_uart.o
 .debug_abbrev  0x00000b81      0x195 ./lib/src/coron_usbcdc.o
 .debug_abbrev  0x00000d16       0xfe ./lib/src/coron_usbprint.o
 .debug_abbrev  0x00000e14       0x9e ./lib/src/coron_wait.o
 .debug_abbrev  0x00000eb2      0x1c0 ./lib/src/sdcard.o
 .debug_abbrev  0x00001072      0x14b ./lib/src/stm32f10x_adc.o
 .debug_abbrev  0x000011bd      0x129 ./lib/src/stm32f10x_dac.o
 .debug_abbrev  0x000012e6      0x134 ./lib/src/stm32f10x_dma.o
 .debug_abbrev  0x0000141a       0x1f ./lib/src/stm32f10x_exti.o
 .debug_abbrev  0x00001439       0xa2 ./lib/src/stm32f10x_flash.o
 .debug_abbrev  0x000014db      0x1b2 ./lib/src/stm32f10x_gpio.o
 .debug_abbrev  0x0000168d       0x1f ./lib/src/stm32f10x_i2c.o
 .debug_abbrev  0x000016ac       0x28 ./lib/src/stm32f10x_lib.o
 .debug_abbrev  0x000016d4      0x1df ./lib/src/stm32f10x_nvic.o
 .debug_abbrev  0x000018b3      0x1bd ./lib/src/stm32f10x_rcc.o
 .debug_abbrev  0x00001a70      0x1ac ./lib/src/stm32f10x_sdio.o
 .debug_abbrev  0x00001c1c       0x1f ./lib/src/stm32f10x_spi.o
 .debug_abbrev  0x00001c3b      0x10c ./lib/src/stm32f10x_systick.o
 .debug_abbrev  0x00001d47      0x17f ./lib/src/stm32f10x_tim.o
 .debug_abbrev  0x00001ec6      0x15d ./lib/src/stm32f10x_usart.o
 .debug_abbrev  0x00002023       0xa8 ./lib/src/stm32f10x_vector.o
 .debug_abbrev  0x000020cb      0x168 ./lib/src/syscalls.o
 .debug_abbrev  0x00002233      0x254 ./lib/src/usb_core.o
 .debug_abbrev  0x00002487       0x5f ./lib/src/usb_desc.o
 .debug_abbrev  0x000024e6       0x74 ./lib/src/usb_endp.o
 .debug_abbrev  0x0000255a      0x100 ./lib/src/usb_init.o
 .debug_abbrev  0x0000265a       0xcb ./lib/src/usb_int.o
 .debug_abbrev  0x00002725       0xf7 ./lib/src/usb_istr.o
 .debug_abbrev  0x0000281c       0x79 ./lib/src/usb_mem.o
 .debug_abbrev  0x00002895      0x1bb ./lib/src/usb_prop.o
 .debug_abbrev  0x00002a50      0x111 ./lib/src/usb_pwr.o
 .debug_abbrev  0x00002b61      0x147 ./lib/src/usb_regs.o

.debug_line     0x00000000     0x3240
 *(.debug_line)
 .debug_line    0x00000000       0xc5 ./src/main.o
 .debug_line    0x000000c5      0x15f ./src/stm32f10x_it.o
 .debug_line    0x00000224      0x108 ./lib/src/coron_ad.o
 .debug_line    0x0000032c      0x142 ./lib/src/coron_dc.o
 .debug_line    0x0000046e       0xcd ./lib/src/coron_init.o
 .debug_line    0x0000053b      0x1ad ./lib/src/coron_rc.o
 .debug_line    0x000006e8      0x161 ./lib/src/coron_sdfat.o
 .debug_line    0x00000849      0x110 ./lib/src/coron_sdtxt.o
 .debug_line    0x00000959       0xcc ./lib/src/coron_sdwav.o
 .debug_line    0x00000a25      0x10a ./lib/src/coron_sound.o
 .debug_line    0x00000b2f      0x119 ./lib/src/coron_uart.o
 .debug_line    0x00000c48       0xe7 ./lib/src/coron_usbcdc.o
 .debug_line    0x00000d2f      0x11c ./lib/src/coron_usbprint.o
 .debug_line    0x00000e4b       0x99 ./lib/src/coron_wait.o
 .debug_line    0x00000ee4      0x6fb ./lib/src/sdcard.o
 .debug_line    0x000015df      0x1eb ./lib/src/stm32f10x_adc.o
 .debug_line    0x000017ca       0xeb ./lib/src/stm32f10x_dac.o
 .debug_line    0x000018b5      0x10e ./lib/src/stm32f10x_dma.o
 .debug_line    0x000019c3       0x1d ./lib/src/stm32f10x_exti.o
 .debug_line    0x000019e0       0x8e ./lib/src/stm32f10x_flash.o
 .debug_line    0x00001a6e      0x152 ./lib/src/stm32f10x_gpio.o
 .debug_line    0x00001bc0       0x1d ./lib/src/stm32f10x_i2c.o
 .debug_line    0x00001bdd       0x1d ./lib/src/stm32f10x_lib.o
 .debug_line    0x00001bfa      0x19d ./lib/src/stm32f10x_nvic.o
 .debug_line    0x00001d97      0x1a5 ./lib/src/stm32f10x_rcc.o
 .debug_line    0x00001f3c      0x160 ./lib/src/stm32f10x_sdio.o
 .debug_line    0x0000209c       0x1d ./lib/src/stm32f10x_spi.o
 .debug_line    0x000020b9       0xac ./lib/src/stm32f10x_systick.o
 .debug_line    0x00002165      0x3f7 ./lib/src/stm32f10x_tim.o
 .debug_line    0x0000255c      0x1a1 ./lib/src/stm32f10x_usart.o
 .debug_line    0x000026fd       0x57 ./lib/src/stm32f10x_vector.o
 .debug_line    0x00002754      0x126 ./lib/src/syscalls.o
 .debug_line    0x0000287a      0x28b ./lib/src/usb_core.o
 .debug_line    0x00002b05       0x55 ./lib/src/usb_desc.o
 .debug_line    0x00002b5a       0x6d ./lib/src/usb_endp.o
 .debug_line    0x00002bc7       0x78 ./lib/src/usb_init.o
 .debug_line    0x00002c3f       0xe7 ./lib/src/usb_int.o
 .debug_line    0x00002d26       0xab ./lib/src/usb_istr.o
 .debug_line    0x00002dd1       0x7c ./lib/src/usb_mem.o
 .debug_line    0x00002e4d      0x13f ./lib/src/usb_prop.o
 .debug_line    0x00002f8c       0xdc ./lib/src/usb_pwr.o
 .debug_line    0x00003068      0x1d8 ./lib/src/usb_regs.o

.debug_frame    0x00000000     0x44ec
 *(.debug_frame)
 .debug_frame   0x00000000       0x30 ./src/main.o
 .debug_frame   0x00000030      0x79c ./src/stm32f10x_it.o
 .debug_frame   0x000007cc       0x68 ./lib/src/coron_ad.o
 .debug_frame   0x00000834       0x84 ./lib/src/coron_dc.o
 .debug_frame   0x000008b8       0xa4 ./lib/src/coron_init.o
 .debug_frame   0x0000095c      0x100 ./lib/src/coron_rc.o
 .debug_frame   0x00000a5c      0x108 ./lib/src/coron_sdfat.o
 .debug_frame   0x00000b64       0xf0 ./lib/src/coron_sdtxt.o
 .debug_frame   0x00000c54       0x50 ./lib/src/coron_sdwav.o
 .debug_frame   0x00000ca4       0x4c ./lib/src/coron_sound.o
 .debug_frame   0x00000cf0      0x130 ./lib/src/coron_uart.o
 .debug_frame   0x00000e20       0xc0 ./lib/src/coron_usbcdc.o
 .debug_frame   0x00000ee0      0x144 ./lib/src/coron_usbprint.o
 .debug_frame   0x00001024      0x100 ./lib/src/coron_wait.o
 .debug_frame   0x00001124      0x3d4 ./lib/src/sdcard.o
 .debug_frame   0x000014f8      0x404 ./lib/src/stm32f10x_adc.o
 .debug_frame   0x000018fc      0x160 ./lib/src/stm32f10x_dac.o
 .debug_frame   0x00001a5c      0x128 ./lib/src/stm32f10x_dma.o
 .debug_frame   0x00001b84       0x64 ./lib/src/stm32f10x_flash.o
 .debug_frame   0x00001be8      0x1f0 ./lib/src/stm32f10x_gpio.o
 .debug_frame   0x00001dd8      0x35c ./lib/src/stm32f10x_nvic.o
 .debug_frame   0x00002134      0x394 ./lib/src/stm32f10x_rcc.o
 .debug_frame   0x000024c8      0x358 ./lib/src/stm32f10x_sdio.o
 .debug_frame   0x00002820       0xb8 ./lib/src/stm32f10x_systick.o
 .debug_frame   0x000028d8      0xa20 ./lib/src/stm32f10x_tim.o
 .debug_frame   0x000032f8      0x30c ./lib/src/stm32f10x_usart.o
 .debug_frame   0x00003604       0x38 ./lib/src/stm32f10x_vector.o
 .debug_frame   0x0000363c      0x224 ./lib/src/syscalls.o
 .debug_frame   0x00003860      0x264 ./lib/src/usb_core.o
 .debug_frame   0x00003ac4       0x48 ./lib/src/usb_endp.o
 .debug_frame   0x00003b0c       0x2c ./lib/src/usb_init.o
 .debug_frame   0x00003b38       0x54 ./lib/src/usb_int.o
 .debug_frame   0x00003b8c       0x2c ./lib/src/usb_istr.o
 .debug_frame   0x00003bb8       0x48 ./lib/src/usb_mem.o
 .debug_frame   0x00003c00      0x1a8 ./lib/src/usb_prop.o
 .debug_frame   0x00003da8       0xac ./lib/src/usb_pwr.o
 .debug_frame   0x00003e54      0x698 ./lib/src/usb_regs.o

.debug_str      0x00000000     0x5514
 *(.debug_str)
 .debug_str     0x00000000       0xd9 ./src/main.o
                                0x112 (size before relaxing)
 .debug_str     0x000000d9      0x51b ./src/stm32f10x_it.o
                                0x5ac (size before relaxing)
 .debug_str     0x000005f4      0x3a6 ./lib/src/coron_ad.o
                                0x453 (size before relaxing)
 .debug_str     0x0000099a      0x28e ./lib/src/coron_dc.o
                                0x4eb (size before relaxing)
 .debug_str     0x00000c28       0x95 ./lib/src/coron_init.o
                                0x271 (size before relaxing)
 .debug_str     0x00000cbd      0x10e ./lib/src/coron_rc.o
                                0x5ac (size before relaxing)
 .debug_str     0x00000dcb      0x6e4 ./lib/src/coron_sdfat.o
                                0x834 (size before relaxing)
 .debug_str     0x000014af       0xfd ./lib/src/coron_sdtxt.o
                                0x19f (size before relaxing)
 .debug_str     0x000015ac       0x92 ./lib/src/coron_sdwav.o
                                0x264 (size before relaxing)
 .debug_str     0x0000163e       0xce ./lib/src/coron_sound.o
                                0x4ce (size before relaxing)
 .debug_str     0x0000170c      0x101 ./lib/src/coron_uart.o
                                0x31a (size before relaxing)
 .debug_str     0x0000180d      0x252 ./lib/src/coron_usbcdc.o
                                0x3c0 (size before relaxing)
 .debug_str     0x00001a5f       0x88 ./lib/src/coron_usbprint.o
                                0x1a0 (size before relaxing)
 .debug_str     0x00001ae7       0xd6 ./lib/src/coron_wait.o
                                0x17b (size before relaxing)
 .debug_str     0x00001bbd      0x56a ./lib/src/sdcard.o
                                0xe3d (size before relaxing)
 .debug_str     0x00002127      0x46a ./lib/src/stm32f10x_adc.o
                                0x60c (size before relaxing)
 .debug_str     0x00002591      0x180 ./lib/src/stm32f10x_dac.o
                                0x2b4 (size before relaxing)
 .debug_str     0x00002711       0xf6 ./lib/src/stm32f10x_dma.o
                                0x2a3 (size before relaxing)
 .debug_str     0x00002807       0x1c ./lib/src/stm32f10x_exti.o
                                 0xad (size before relaxing)
 .debug_str     0x00002823       0xae ./lib/src/stm32f10x_flash.o
                                0x144 (size before relaxing)
 .debug_str     0x000028d1      0x1fd ./lib/src/stm32f10x_gpio.o
                                0x3d7 (size before relaxing)
 .debug_str     0x00002ace       0x1b ./lib/src/stm32f10x_i2c.o
                                 0xac (size before relaxing)
 .debug_str     0x00002ae9       0x1b ./lib/src/stm32f10x_lib.o
                                 0xac (size before relaxing)
 .debug_str     0x00002b04      0x43e ./lib/src/stm32f10x_nvic.o
                                0x5dd (size before relaxing)
 .debug_str     0x00002f42      0x406 ./lib/src/stm32f10x_rcc.o
                                0x51f (size before relaxing)
 .debug_str     0x00003348      0x2b3 ./lib/src/stm32f10x_sdio.o
                                0x548 (size before relaxing)
 .debug_str     0x000035fb       0x1b ./lib/src/stm32f10x_spi.o
                                 0xac (size before relaxing)
 .debug_str     0x00003616       0xd0 ./lib/src/stm32f10x_systick.o
                                0x1ba (size before relaxing)
 .debug_str     0x000036e6      0x9bd ./lib/src/stm32f10x_tim.o
                                0xce9 (size before relaxing)
 .debug_str     0x000040a3      0x35d ./lib/src/stm32f10x_usart.o
                                0x574 (size before relaxing)
 .debug_str     0x00004400       0x72 ./lib/src/stm32f10x_vector.o
                                 0xc3 (size before relaxing)
 .debug_str     0x00004472      0x109 ./lib/src/syscalls.o
                                0x208 (size before relaxing)
 .debug_str     0x0000457b      0x687 ./lib/src/usb_core.o
                                0x959 (size before relaxing)
 .debug_str     0x00004c02       0xb5 ./lib/src/usb_desc.o
                                0x164 (size before relaxing)
 .debug_str     0x00004cb7       0x37 ./lib/src/usb_endp.o
                                 0xe6 (size before relaxing)
 .debug_str     0x00004cee       0x41 ./lib/src/usb_init.o
                                0x448 (size before relaxing)
 .debug_str     0x00004d2f       0x45 ./lib/src/usb_int.o
                                 0xfd (size before relaxing)
 .debug_str     0x00004d74       0xb0 ./lib/src/usb_istr.o
                                0x2bb (size before relaxing)
 .debug_str     0x00004e24       0x6d ./lib/src/usb_mem.o
                                 0xfe (size before relaxing)
 .debug_str     0x00004e91      0x244 ./lib/src/usb_prop.o
                                0x862 (size before relaxing)
 .debug_str     0x000050d5       0x66 ./lib/src/usb_pwr.o
                                0x215 (size before relaxing)
 .debug_str     0x0000513b      0x3d9 ./lib/src/usb_regs.o
                                0x486 (size before relaxing)

.debug_loc      0x00000000     0x78b0
 *(.debug_loc)
 .debug_loc     0x00000000       0x37 ./src/main.o
 .debug_loc     0x00000037      0xb97 ./src/stm32f10x_it.o
 .debug_loc     0x00000bce       0x8f ./lib/src/coron_ad.o
 .debug_loc     0x00000c5d       0xb8 ./lib/src/coron_dc.o
 .debug_loc     0x00000d15       0xfb ./lib/src/coron_init.o
 .debug_loc     0x00000e10      0x188 ./lib/src/coron_rc.o
 .debug_loc     0x00000f98      0x1b8 ./lib/src/coron_sdfat.o
 .debug_loc     0x00001150      0x181 ./lib/src/coron_sdtxt.o
 .debug_loc     0x000012d1       0x6e ./lib/src/coron_sdwav.o
 .debug_loc     0x0000133f       0x62 ./lib/src/coron_sound.o
 .debug_loc     0x000013a1      0x1ef ./lib/src/coron_uart.o
 .debug_loc     0x00001590      0x132 ./lib/src/coron_usbcdc.o
 .debug_loc     0x000016c2      0x226 ./lib/src/coron_usbprint.o
 .debug_loc     0x000018e8      0x194 ./lib/src/coron_wait.o
 .debug_loc     0x00001a7c      0x66a ./lib/src/sdcard.o
 .debug_loc     0x000020e6      0x7b0 ./lib/src/stm32f10x_adc.o
 .debug_loc     0x00002896      0x288 ./lib/src/stm32f10x_dac.o
 .debug_loc     0x00002b1e      0x226 ./lib/src/stm32f10x_dma.o
 .debug_loc     0x00002d44       0xa5 ./lib/src/stm32f10x_flash.o
 .debug_loc     0x00002de9      0x39b ./lib/src/stm32f10x_gpio.o
 .debug_loc     0x00003184      0x5fa ./lib/src/stm32f10x_nvic.o
 .debug_loc     0x0000377e      0x6bc ./lib/src/stm32f10x_rcc.o
 .debug_loc     0x00003e3a      0x62a ./lib/src/stm32f10x_sdio.o
 .debug_loc     0x00004464      0x13e ./lib/src/stm32f10x_systick.o
 .debug_loc     0x000045a2     0x138d ./lib/src/stm32f10x_tim.o
 .debug_loc     0x0000592f      0x5cd ./lib/src/stm32f10x_usart.o
 .debug_loc     0x00005efc       0x37 ./lib/src/stm32f10x_vector.o
 .debug_loc     0x00005f33      0x3d2 ./lib/src/syscalls.o
 .debug_loc     0x00006305      0x3e5 ./lib/src/usb_core.o
 .debug_loc     0x000066ea       0x56 ./lib/src/usb_endp.o
 .debug_loc     0x00006740       0x2b ./lib/src/usb_init.o
 .debug_loc     0x0000676b       0x6e ./lib/src/usb_int.o
 .debug_loc     0x000067d9       0x2b ./lib/src/usb_istr.o
 .debug_loc     0x00006804       0x6e ./lib/src/usb_mem.o
 .debug_loc     0x00006872      0x2c6 ./lib/src/usb_prop.o
 .debug_loc     0x00006b38      0x107 ./lib/src/usb_pwr.o
 .debug_loc     0x00006c3f      0xc71 ./lib/src/usb_regs.o

.debug_macinfo
 *(.debug_macinfo)

.debug_weaknames
 *(.debug_weaknames)

.debug_funcnames
 *(.debug_funcnames)

.debug_typenames
 *(.debug_typenames)

.debug_varnames
 *(.debug_varnames)
LOAD ./src/main.o
LOAD ./src/stm32f10x_it.o
LOAD ./lib/src/coron_ad.o
LOAD ./lib/src/coron_dc.o
LOAD ./lib/src/coron_init.o
LOAD ./lib/src/coron_rc.o
LOAD ./lib/src/coron_sdfat.o
LOAD ./lib/src/coron_sdtxt.o
LOAD ./lib/src/coron_sdwav.o
LOAD ./lib/src/coron_sound.o
LOAD ./lib/src/coron_uart.o
LOAD ./lib/src/coron_usbcdc.o
LOAD ./lib/src/coron_usbprint.o
LOAD ./lib/src/coron_wait.o
LOAD ./lib/src/cortexm3_macro.o
LOAD ./lib/src/sdcard.o
LOAD ./lib/src/stm32f10x_adc.o
LOAD ./lib/src/stm32f10x_dac.o
LOAD ./lib/src/stm32f10x_dma.o
LOAD ./lib/src/stm32f10x_exti.o
LOAD ./lib/src/stm32f10x_flash.o
LOAD ./lib/src/stm32f10x_gpio.o
LOAD ./lib/src/stm32f10x_i2c.o
LOAD ./lib/src/stm32f10x_lib.o
LOAD ./lib/src/stm32f10x_nvic.o
LOAD ./lib/src/stm32f10x_rcc.o
LOAD ./lib/src/stm32f10x_sdio.o
LOAD ./lib/src/stm32f10x_spi.o
LOAD ./lib/src/stm32f10x_systick.o
LOAD ./lib/src/stm32f10x_tim.o
LOAD ./lib/src/stm32f10x_usart.o
LOAD ./lib/src/stm32f10x_vector.o
LOAD ./lib/src/syscalls.o
LOAD ./lib/src/usb_core.o
LOAD ./lib/src/usb_desc.o
LOAD ./lib/src/usb_endp.o
LOAD ./lib/src/usb_init.o
LOAD ./lib/src/usb_int.o
LOAD ./lib/src/usb_istr.o
LOAD ./lib/src/usb_mem.o
LOAD ./lib/src/usb_prop.o
LOAD ./lib/src/usb_pwr.o
LOAD ./lib/src/usb_regs.o
LOAD c:/coron/gcc/arm/bin/../lib/gcc/arm-none-eabi/4.4.1\libgcc.a
LOAD C:\coron\gcc\arm\arm-none-eabi\lib\thumb2\libm.a
START GROUP
LOAD c:/coron/gcc/arm/bin/../lib/gcc/arm-none-eabi/4.4.1\libgcc.a
LOAD C:\coron\gcc\arm\arm-none-eabi\lib\thumb2\libc.a
END GROUP
LOAD c:/coron/gcc/arm/bin/../lib/gcc/arm-none-eabi/4.4.1/crtend.o
LOAD c:/coron/gcc/arm/bin/../lib/gcc/arm-none-eabi/4.4.1/crtn.o
OUTPUT(main.elf elf32-littlearm)

.debug_ranges   0x00000000       0x30
 .debug_ranges  0x00000000       0x30 ./lib/src/usb_core.o

Cross Reference Table

Symbol                                            File
ADC3_IRQHandler                                   ./src/stm32f10x_it.o
                                                  ./lib/src/stm32f10x_vector.o
ADC_AnalogWatchdogCmd                             ./lib/src/stm32f10x_adc.o
ADC_AnalogWatchdogSingleChannelConfig             ./lib/src/stm32f10x_adc.o
ADC_AnalogWatchdogThresholdsConfig                ./lib/src/stm32f10x_adc.o
ADC_AutoInjectedConvCmd                           ./lib/src/stm32f10x_adc.o
ADC_ClearFlag                                     ./lib/src/stm32f10x_adc.o
ADC_ClearITPendingBit                             ./lib/src/stm32f10x_adc.o
ADC_Cmd                                           ./lib/src/stm32f10x_adc.o
                                                  ./lib/src/coron_ad.o
ADC_DMACmd                                        ./lib/src/stm32f10x_adc.o
                                                  ./lib/src/coron_ad.o
ADC_DeInit                                        ./lib/src/stm32f10x_adc.o
                                                  ./lib/src/coron_ad.o
ADC_DiscModeChannelCountConfig                    ./lib/src/stm32f10x_adc.o
ADC_DiscModeCmd                                   ./lib/src/stm32f10x_adc.o
ADC_ExternalTrigConvCmd                           ./lib/src/stm32f10x_adc.o
ADC_ExternalTrigInjectedConvCmd                   ./lib/src/stm32f10x_adc.o
ADC_ExternalTrigInjectedConvConfig                ./lib/src/stm32f10x_adc.o
ADC_GetCalibrationStatus                          ./lib/src/stm32f10x_adc.o
                                                  ./lib/src/coron_ad.o
ADC_GetConversionValue                            ./lib/src/stm32f10x_adc.o
ADC_GetDualModeConversionValue                    ./lib/src/stm32f10x_adc.o
ADC_GetFlagStatus                                 ./lib/src/stm32f10x_adc.o
ADC_GetITStatus                                   ./lib/src/stm32f10x_adc.o
ADC_GetInjectedConversionValue                    ./lib/src/stm32f10x_adc.o
ADC_GetResetCalibrationStatus                     ./lib/src/stm32f10x_adc.o
                                                  ./lib/src/coron_ad.o
ADC_GetSoftwareStartConvStatus                    ./lib/src/stm32f10x_adc.o
ADC_GetSoftwareStartInjectedConvCmdStatus         ./lib/src/stm32f10x_adc.o
ADC_IRQHandler                                    ./src/stm32f10x_it.o
                                                  ./lib/src/stm32f10x_vector.o
ADC_ITConfig                                      ./lib/src/stm32f10x_adc.o
ADC_Init                                          ./lib/src/stm32f10x_adc.o
                                                  ./lib/src/coron_ad.o
ADC_InjectedChannelConfig                         ./lib/src/stm32f10x_adc.o
ADC_InjectedDiscModeCmd                           ./lib/src/stm32f10x_adc.o
ADC_InjectedSequencerLengthConfig                 ./lib/src/stm32f10x_adc.o
ADC_RegularChannelConfig                          ./lib/src/stm32f10x_adc.o
                                                  ./lib/src/coron_ad.o
ADC_ResetCalibration                              ./lib/src/stm32f10x_adc.o
                                                  ./lib/src/coron_ad.o
ADC_SetInjectedOffset                             ./lib/src/stm32f10x_adc.o
ADC_SoftwareStartConvCmd                          ./lib/src/stm32f10x_adc.o
                                                  ./lib/src/coron_ad.o
ADC_SoftwareStartInjectedConvCmd                  ./lib/src/stm32f10x_adc.o
ADC_StartCalibration                              ./lib/src/stm32f10x_adc.o
                                                  ./lib/src/coron_ad.o
ADC_StructInit                                    ./lib/src/stm32f10x_adc.o
                                                  ./lib/src/coron_ad.o
ADC_TempSensorVrefintCmd                          ./lib/src/stm32f10x_adc.o
AD_disable                                        ./lib/src/coron_ad.o
AD_enable                                         ./lib/src/coron_ad.o
                                                  ./src/main.o
Buffer_Block_Rx                                   ./lib/src/coron_sdfat.o
Buffer_Block_Tx                                   ./lib/src/coron_sdfat.o
Buffer_MultiBlock_Rx                              ./lib/src/coron_sdfat.o
Buffer_MultiBlock_Tx                              ./lib/src/coron_sdfat.o
BusFaultException                                 ./src/stm32f10x_it.o
                                                  ./lib/src/stm32f10x_vector.o
ByteSwap                                          ./lib/src/usb_regs.o
                                                  ./lib/src/usb_core.o
CAN_RX1_IRQHandler                                ./src/stm32f10x_it.o
                                                  ./lib/src/stm32f10x_vector.o
CAN_SCE_IRQHandler                                ./src/stm32f10x_it.o
                                                  ./lib/src/stm32f10x_vector.o
CTR_HP                                            ./lib/src/usb_int.o
CTR_LP                                            ./lib/src/usb_int.o
                                                  ./lib/src/usb_istr.o
ClearDTOG_RX                                      ./lib/src/usb_regs.o