
Allocating common symbols
Common symbol       size              file

SaveRState          0x2               ./lib/src/usb_int.o
rc_mot_motion_spd   0x64              ./lib/src/coron_rc.o
SDIO_CmdInitStructure
                    0x14              ./lib/src/sdcard.o
txt_name            0x190             ./lib/src/coron_sdtxt.o
txt_sector_num      0xc8              ./lib/src/coron_sdtxt.o
SaveState           0x2               ./lib/src/usb_init.o
wav_name            0x190             ./lib/src/coron_sdwav.o
DestBuffer          0x4               ./lib/src/sdcard.o
txt_count           0x1               ./lib/src/coron_sdtxt.o
wIstr               0x2               ./lib/src/usb_istr.o
pProperty           0x4               ./lib/src/usb_init.o
Buffer_Block_Tx     0x200             ./lib/src/coron_sdfat.o
rc_mot_pos_home     0x20              ./lib/src/coron_rc.o
Buffer_MultiBlock_Rx
                    0x400             ./lib/src/coron_sdfat.o
EPindex             0x1               ./lib/src/usb_init.o
buf512              0x800             ./lib/src/coron_sdfat.o
rc_mot_ch           0x2               ./lib/src/coron_rc.o
SDCardInfo          0x50              ./lib/src/coron_sdfat.o
SDIO_InitStructure  0x18              ./lib/src/sdcard.o
rc_mot_pos_trim     0x20              ./lib/src/coron_rc.o
SaveTState          0x2               ./lib/src/usb_int.o
rc_mot_pos          0x20              ./lib/src/coron_rc.o
Device_Info         0x1c              ./lib/src/usb_init.o
SDIO_DataInitStructure
                    0x18              ./lib/src/sdcard.o
sound_buf           0x400             ./lib/src/coron_sound.o
pUser_Standard_Requests
                    0x4               ./lib/src/usb_init.o
Buffer_Block_Rx     0x200             ./lib/src/coron_sdfat.o
SrcBuffer           0x4               ./lib/src/sdcard.o
buffer_in           0x40              ./lib/src/coron_usbcdc.o
StatusInfo          0x2               ./lib/src/usb_core.o
pInformation        0x4               ./lib/src/usb_init.o
ResumeS             0x2               ./lib/src/usb_pwr.o
rc_mot_pos_step     0x20              ./lib/src/coron_rc.o
txt_size            0xc8              ./lib/src/coron_sdtxt.o
wav_sector_num      0xc8              ./lib/src/coron_sdwav.o
wav_count           0x1               ./lib/src/coron_sdwav.o
rc_mot_motion_cnt   0x1               ./lib/src/coron_rc.o
rc_mot_motion_pos   0xc80             ./lib/src/coron_rc.o
Buffer_MultiBlock_Tx
                    0x400             ./lib/src/coron_sdfat.o
rc_mot_ipos         0x20              ./lib/src/coron_rc.o
buffer_out          0x40              ./lib/src/coron_usbcdc.o
wInterrupt_Mask     0x2               ./lib/src/usb_init.o
wav_size            0xc8              ./lib/src/coron_sdwav.o

Discarded input sections

 .text          0x00000000        0x0 c:/coron/gcc/arm/bin/../lib/gcc/arm-none-eabi/4.4.1/crti.o
 .data          0x00000000        0x0 c:/coron/gcc/arm/bin/../lib/gcc/arm-none-eabi/4.4.1/crti.o
 .bss           0x00000000        0x0 c:/coron/gcc/arm/bin/../lib/gcc/arm-none-eabi/4.4.1/crti.o
 .init          0x00000000        0xc c:/coron/gcc/arm/bin/../lib/gcc/arm-none-eabi/4.4.1/crti.o
 .fini          0x00000000        0xc c:/coron/gcc/arm/bin/../lib/gcc/arm-none-eabi/4.4.1/crti.o
 .text          0x00000000       0x94 c:/coron/gcc/arm/bin/../lib/gcc/arm-none-eabi/4.4.1/crtbegin.o
 .data          0x00000000        0x4 c:/coron/gcc/arm/bin/../lib/gcc/arm-none-eabi/4.4.1/crtbegin.o
 .bss           0x00000000       0x1c c:/coron/gcc/arm/bin/../lib/gcc/arm-none-eabi/4.4.1/crtbegin.o
 .init_array    0x00000000        0x4 c:/coron/gcc/arm/bin/../lib/gcc/arm-none-eabi/4.4.1/crtbegin.o
 .fini_array    0x00000000        0x4 c:/coron/gcc/arm/bin/../lib/gcc/arm-none-eabi/4.4.1/crtbegin.o
 .eh_frame      0x00000000        0x0 c:/coron/gcc/arm/bin/../lib/gcc/arm-none-eabi/4.4.1/crtbegin.o
 .jcr           0x00000000        0x0 c:/coron/gcc/arm/bin/../lib/gcc/arm-none-eabi/4.4.1/crtbegin.o
 .data          0x00000000        0x0 ./src/main.o
 .bss           0x00000000        0x0 ./src/main.o
 .data          0x00000000        0x0 ./src/stm32f10x_it.o
 .bss           0x00000000        0x0 ./src/stm32f10x_it.o
 .data          0x00000000        0x0 ./lib/src/coron_ad.o
 .data          0x00000000        0x0 ./lib/src/coron_dc.o
 .data          0x00000000        0x0 ./lib/src/coron_init.o
 .bss           0x00000000        0x0 ./lib/src/coron_init.o
 .data          0x00000000        0x0 ./lib/src/coron_rc.o
 .data          0x00000000        0x0 ./lib/src/coron_sdtxt.o
 .data          0x00000000        0x0 ./lib/src/coron_sdwav.o
 .data          0x00000000        0x0 ./lib/src/coron_sound.o
 .data          0x00000000        0x0 ./lib/src/coron_uart.o
 .bss           0x00000000        0x0 ./lib/src/coron_uart.o
 .data          0x00000000        0x0 ./lib/src/coron_usbcdc.o
 .bss           0x00000000        0x1 ./lib/src/coron_usbcdc.o
 .data          0x00000000        0x0 ./lib/src/coron_usbprint.o
[...]
Memory Configuration

Name             Origin             Length             Attributes
RAM              0x20000000         0x0000f000         xrw
FLASH            0x08003000         0x0007d000         xr
FLASHB1          0x00000000         0x00000000         xr
EXTMEMB0         0x00000000         0x00000000         xr
EXTMEMB1         0x00000000         0x00000000         xr
EXTMEMB2         0x00000000         0x00000000         xr
EXTMEMB3         0x00000000         0x00000000         xr
*default*        0x00000000         0xffffffff

Linker script and memory map

LOAD c:/coron/gcc/arm/bin/../lib/gcc/arm-none-eabi/4.4.1/crti.o
LOAD c:/coron/gcc/arm/bin/../lib/gcc/arm-none-eabi/4.4.1/crtbegin.o
                0x00001000                __Stack_Size = 0x1000
                0x00001000                PROVIDE (_Stack_Size, __Stack_Size)
                0x2000e000                __Stack_Init = (_estack - __Stack_Size)
                0x2000e000                PROVIDE (_Stack_Init, __Stack_Init)
                0x00000400                _Minimum_Stack_Size = 0x400
                0x00000000                PROVIDE (Undefined_Handler, 0x0)
                0x00000000                PROVIDE (SWI_Handler, 0x0)
                0x00000000                PROVIDE (IRQ_Handler, 0x0)
                0x00000000                PROVIDE (Prefetch_Handler, 0x0)
                0x00000000                PROVIDE (Abort_Handler, 0x0)
                0x00000000                PROVIDE (FIQ_Handler, 0x0)
                0x00000000                PROVIDE (NMIException, 0x0)
                0x00000000                PROVIDE (HardFaultException, 0x0)
                0x00000000                PROVIDE (MemManageException, 0x0)
                0x00000000                PROVIDE (BusFaultException, 0x0)
                0x00000000                PROVIDE (UsageFaultException, 0x0)
                0x00000000                PROVIDE (SVCHandler, 0x0)
                0x00000000                PROVIDE (DebugMonitor, 0x0)
                0x00000000                PROVIDE (PendSVC, 0x0)
                0x00000000                PROVIDE (SysTickHandler, 0x0)
                0x00000000                PROVIDE (WWDG_IRQHandler, 0x0)
                0x00000000                PROVIDE (PVD_IRQHandler, 0x0)
                0x00000000                PROVIDE (TAMPER_IRQHandler, 0x0)
                0x00000000                PROVIDE (RTC_IRQHandler, 0x0)
                0x00000000                PROVIDE (FLASH_IRQHandler, 0x0)
                0x00000000                PROVIDE (RCC_IRQHandler, 0x0)
                0x00000000                PROVIDE (EXTI0_IRQHandler, 0x0)
                0x00000000                PROVIDE (EXTI1_IRQHandler, 0x0)
                0x00000000                PROVIDE (EXTI2_IRQHandler, 0x0)
                0x00000000                PROVIDE (EXTI3_IRQHandler, 0x0)
                0x00000000                PROVIDE (EXTI4_IRQHandler, 0x0)
                0x00000000                PROVIDE (DMAChannel1_IRQHandler, 0x0)
                0x00000000                PROVIDE (DMAChannel2_IRQHandler, 0x0)
                0x00000000                PROVIDE (DMAChannel3_IRQHandler, 0x0)
                0x00000000                PROVIDE (DMAChannel4_IRQHandler, 0x0)
                0x00000000                PROVIDE (DMAChannel5_IRQHandler, 0x0)
                0x00000000                PROVIDE (DMAChannel6_IRQHandler, 0x0)
                0x00000000                PROVIDE (DMAChannel7_IRQHandler, 0x0)
                0x00000000                PROVIDE (ADC_IRQHandler, 0x0)
                0x00000000                PROVIDE (USB_HP_CAN_TX_IRQHandler, 0x0)
                0x00000000                PROVIDE (USB_LP_CAN_RX0_IRQHandler, 0x0)
                0x00000000                PROVIDE (CAN_RX1_IRQHandler, 0x0)
                0x00000000                PROVIDE (CAN_SCE_IRQHandler, 0x0)
                0x00000000                PROVIDE (EXTI9_5_IRQHandler, 0x0)
                0x00000000                PROVIDE (TIM1_BRK_IRQHandler, 0x0)
                0x00000000                PROVIDE (TIM1_UP_IRQHandler, 0x0)
                0x00000000                PROVIDE (TIM1_TRG_COM_IRQHandler, 0x0)
                0x00000000                PROVIDE (TIM1_CC_IRQHandler, 0x0)
                0x00000000                PROVIDE (TIM2_IRQHandler, 0x0)
                0x00000000                PROVIDE (TIM3_IRQHandler, 0x0)
                0x00000000                PROVIDE (TIM4_IRQHandler, 0x0)
                0x00000000                PROVIDE (I2C1_EV_IRQHandler, 0x0)
                0x00000000                PROVIDE (I2C1_ER_IRQHandler, 0x0)
                0x00000000                PROVIDE (I2C2_EV_IRQHandler, 0x0)
                0x00000000                PROVIDE (I2C2_ER_IRQHandler, 0x0)
                0x00000000                PROVIDE (SPI1_IRQHandler, 0x0)
                0x00000000                PROVIDE (SPI2_IRQHandler, 0x0)
                0x00000000                PROVIDE (USART1_IRQHandler, 0x0)
                0x00000000                PROVIDE (USART2_IRQHandler, 0x0)
                0x00000000                PROVIDE (USART3_IRQHandler, 0x0)
                0x00000000                PROVIDE (EXTI15_10_IRQHandler, 0x0)
                0x00000000                PROVIDE (RTCAlarm_IRQHandler, 0x0)
                0x00000000                PROVIDE (USBWakeUp_IRQHandler, 0x0)
                0x40000000                PERIPH_BASE = 0x40000000
                0x20000000                SRAM_BASE = 0x20000000
                0x42000000                PERIPH_BB_BASE = 0x42000000
                0x22000000                SRAM_BB_BASE = 0x22000000
                0x40022000                PROVIDE (FLASH_BASE, 0x40022000)
                0x1ffff800                PROVIDE (OB_BASE, 0x1ffff800)
                0x40000000                APB1PERIPH_BASE = PERIPH_BASE
                0x40010000                APB2PERIPH_BASE = (PERIPH_BASE + 0x10000)
                0x40020000                AHBPERIPH_BASE = (PERIPH_BASE + 0x20000)
                0x40000000                PROVIDE (TIM2, (APB1PERIPH_BASE + 0x0))
                0x40000400                PROVIDE (TIM3, (APB1PERIPH_BASE + 0x400))
                0x40000800                PROVIDE (TIM4, (APB1PERIPH_BASE + 0x800))
                0x40000c00                PROVIDE (TIM5, (APB1PERIPH_BASE + 0xc00))
                0x40001000                PROVIDE (TIM6, (APB1PERIPH_BASE + 0x1000))
                0x40001400                PROVIDE (TIM7, (APB1PERIPH_BASE + 0x1400))
                0x40002800                PROVIDE (RTC, (APB1PERIPH_BASE + 0x2800))
                0x40002c00                PROVIDE (WWDG, (APB1PERIPH_BASE + 0x2c00))
                0x40003000                PROVIDE (IWDG, (APB1PERIPH_BASE + 0x3000))
                0x40003800                PROVIDE (SPI2, (APB1PERIPH_BASE + 0x3800))
                0x40004400                PROVIDE (USART2, (APB1PERIPH_BASE + 0x4400))
                0x40004800                PROVIDE (USART3, (APB1PERIPH_BASE + 0x4800))
                0x40004c00                PROVIDE (UART4, (APB1PERIPH_BASE + 0x4c00))
                0x40005000                PROVIDE (UART5, (APB1PERIPH_BASE + 0x5000))
                0x40005400                PROVIDE (I2C1, (APB1PERIPH_BASE + 0x5400))
                0x40005800                PROVIDE (I2C2, (APB1PERIPH_BASE + 0x5800))
                0x40005c00                PROVIDE (USB, (APB1PERIPH_BASE + 0x5c00))
                0x40006400                PROVIDE (CAN, (APB1PERIPH_BASE + 0x6400))
                0x40006c00                PROVIDE (BKP, (APB1PERIPH_BASE + 0x6c00))
                0x40007000                PROVIDE (PWR, (APB1PERIPH_BASE + 0x7000))
                0x40010000                PROVIDE (AFIO, (APB2PERIPH_BASE + 0x0))
                0x40010400                PROVIDE (EXTI, (APB2PERIPH_BASE + 0x400))
                0x40010800                PROVIDE (GPIOA, (APB2PERIPH_BASE + 0x800))
                0x40010c00                PROVIDE (GPIOB, (APB2PERIPH_BASE + 0xc00))
                0x40011000                PROVIDE (GPIOC, (APB2PERIPH_BASE + 0x1000))
                0x40011400                PROVIDE (GPIOD, (APB2PERIPH_BASE + 0x1400))
                0x40011800                PROVIDE (GPIOE, (APB2PERIPH_BASE + 0x1800))
                0x40012400                PROVIDE (ADC1, (APB2PERIPH_BASE + 0x2400))
                0x40012800                PROVIDE (ADC2, (APB2PERIPH_BASE + 0x2800))
                0x40012c00                PROVIDE (TIM1, (APB2PERIPH_BASE + 0x2c00))
                0x40013000                PROVIDE (SPI1, (APB2PERIPH_BASE + 0x3000))
                0x40013400                PROVIDE (TIM8, (APB2PERIPH_BASE + 0x3400))
                0x40013800                PROVIDE (USART1, (APB2PERIPH_BASE + 0x3800))
                0x40013c00                PROVIDE (ADC3, (APB2PERIPH_BASE + 0x3c00))
                0x40018000                PROVIDE (SDIO, (APB2PERIPH_BASE + 0x8000))
                0x40020000                PROVIDE (DMA, (AHBPERIPH_BASE + 0x0))
                0x40020008                PROVIDE (DMA_Channel1, (AHBPERIPH_BASE + 0x8))
                0x4002001c                PROVIDE (DMA_Channel2, (AHBPERIPH_BASE + 0x1c))
                0x40020030                PROVIDE (DMA_Channel3, (AHBPERIPH_BASE + 0x30))
                0x40020044                PROVIDE (DMA_Channel4, (AHBPERIPH_BASE + 0x44))
                0x40020058                PROVIDE (DMA_Channel5, (AHBPERIPH_BASE + 0x58))
                0x4002006c                PROVIDE (DMA_Channel6, (AHBPERIPH_BASE + 0x6c))
                0x40020080                PROVIDE (DMA_Channel7, (AHBPERIPH_BASE + 0x80))
                0x40021000                PROVIDE (RCC, (AHBPERIPH_BASE + 0x1000))
                0xe000e000                SCS_BASE = 0xe000e000
                0xe000e010                PROVIDE (SysTick, (SCS_BASE + 0x10))
                0xe000e100                PROVIDE (NVIC, (SCS_BASE + 0x100))
                0xe000ed00                PROVIDE (SCB, (SCS_BASE + 0xd00))
                0x2000f000                _estack = 0x2000f000

.isr_vector     0x08003000      0x130
                0x08003000                . = ALIGN (0x4)
 *(.isr_vector)
 .isr_vector    0x08003000      0x130 ./lib/src/stm32f10x_vector.o
                0x08003000                g_pfnVectors
                0x08003130                . = ALIGN (0x4)

.flashtext      0x08003130        0x0
                0x08003130                . = ALIGN (0x4)
 *(.flashtext)
                0x08003130                . = ALIGN (0x4)

.text           0x08003130    0x12d98
                0x08003130                . = ALIGN (0x4)
 ./src/main.o(.text.)
 *(.text)
 .text          0x08003130      0x2b0 ./src/main.o
                0x08003130                main
 .text          0x080033e0      0x330 ./src/stm32f10x_it.o
                0x080033e0                NMIException
                0x080033ec                HardFaultException
                0x080033f4                MemManageException
                0x080033fc                BusFaultException
                0x08003404                UsageFaultException
                0x0800340c                DebugMonitor
                0x08003418                SVCHandler
                0x08003424                PendSVC
                0x08003430                SysTickHandler
                0x0800343c                WWDG_IRQHandler
                0x08003448                PVD_IRQHandler
                0x08003454                TAMPER_IRQHandler
                0x08003460                RTC_IRQHandler
                0x0800346c                FLASH_IRQHandler
                0x08003478                RCC_IRQHandler
                0x08003484                EXTI0_IRQHandler
                0x08003490                EXTI1_IRQHandler
                0x0800349c                EXTI2_IRQHandler
                0x080034a8                EXTI3_IRQHandler
                0x080034b4                EXTI4_IRQHandler
                0x080034c0                DMAChannel1_IRQHandler
                0x080034d0                DMAChannel2_IRQHandler
                0x080034dc                DMAChannel3_IRQHandler
                0x080034e8                DMAChannel4_IRQHandler
                0x080034f4                DMAChannel5_IRQHandler
                0x08003500                DMAChannel6_IRQHandler
                0x0800350c                DMAChannel7_IRQHandler
                0x08003518                ADC_IRQHandler
                0x08003524                USB_HP_CAN_TX_IRQHandler
                0x08003530                USB_LP_CAN_RX0_IRQHandler
                0x0800353c                CAN_RX1_IRQHandler
                0x08003548                CAN_SCE_IRQHandler
                0x08003554                EXTI9_5_IRQHandler
                0x08003560                TIM1_BRK_IRQHandler
                0x0800356c                TIM1_UP_IRQHandler
                0x08003578                TIM1_TRG_COM_IRQHandler
                0x08003584                TIM1_CC_IRQHandler
                0x08003590                TIM2_IRQHandler
                0x0800359c                TIM3_IRQHandler
                0x080035a8                TIM4_IRQHandler
                0x080035b4                I2C1_EV_IRQHandler
                0x080035c0                I2C1_ER_IRQHandler
                0x080035cc                I2C2_EV_IRQHandler
                0x080035d8                I2C2_ER_IRQHandler
                0x080035e4                SPI1_IRQHandler
                0x080035f0                SPI2_IRQHandler
                0x080035fc                USART1_IRQHandler
                0x08003608                USART2_IRQHandler
                0x08003614                USART3_IRQHandler
                0x08003620                EXTI15_10_IRQHandler
                0x0800362c                RTCAlarm_IRQHandler
                0x08003638                USBWakeUp_IRQHandler
                0x08003644                TIM8_BRK_IRQHandler
                0x08003650                TIM8_UP_IRQHandler
                0x0800365c                TIM8_TRG_COM_IRQHandler
                0x08003668                TIM8_CC_IRQHandler
                0x08003674                ADC3_IRQHandler
                0x08003680                FSMC_IRQHandler
                0x0800368c                SDIO_IRQHandler
                0x08003698                TIM5_IRQHandler
                0x080036a4                SPI3_IRQHandler
                0x080036b0                UART4_IRQHandler
                0x080036bc                UART5_IRQHandler
                0x080036c8                TIM6_IRQHandler
                0x080036d4                TIM7_IRQHandler
                0x080036e0                DMA2_Channel1_IRQHandler
                0x080036ec                DMA2_Channel2_IRQHandler
                0x080036f8                DMA2_Channel3_IRQHandler
                0x08003704                DMA2_Channel4_5_IRQHandler
 .text          0x08003710      0x304 ./lib/src/coron_ad.o
                0x08003710                IOA_AD_init
                0x080039c4                AD_enable
                0x080039ec                AD_disable
 .text          0x08003a14      0x6a8 ./lib/src/coron_dc.o
                0x08003a14                TIM2_DCmotor_pwm
                0x08003d7c                DC_init
                0x0800401c                DC_enable
                0x0800404c                DC_disable
 .text          0x080040bc      0x218 ./lib/src/coron_init.o
                0x080040bc                wait_power
                0x080040ec                coron_init
                0x08004170                coron_RCC_Configuration
                0x08004208                coron_GPIO_Configuration
                0x080042b4                coron_NVIC_Configuration
 .text          0x080042d4      0xdb4 ./lib/src/coron_rc.o
                0x080042d4                TIM3_RC1_IRQ
                0x08004590                TIM4_RC2_IRQ
                0x08004854                TIM6_RC_Speed
                0x080049c0                RC_exeHomePosition
                0x08004a40                RC_init
                0x08004f88                RC_enable
                0x08004fc0                RC_disable
                0x08004ff8                RC_move
 .text          0x08005088      0xf38 ./lib/src/coron_sdfat.o
                0x08005088                SD_FATinit
                0x080051b4                SD_read
                0x080052b0                SD_write
                0x08005384                SD_char_to_num
                0x080056e8                SD_num_to_char
                0x08005a60                SD_getDirSector
                0x08005bf0                SD_getFileList
                0x08005e6c                SD_serchDirectory
 .text          0x08005fc0      0x868 ./lib/src/coron_sdtxt.o
                0x08005fc0                SD_search_txt
                0x08006024                SD_txt_USBput
                0x08006244                SD_txt_UARTput
                0x08006464                SD_txt_read_c
                0x080064c4                SD_txt_write_c
                0x08006544                SD_txt_read_s
                0x080066a8                SD_txt_write_s
 .text          0x08006828      0x368 ./lib/src/coron_sdwav.o
                0x08006828                SD_search_wav
                0x0800688c                SD_play_wav
 .text          0x08006b90      0x2dc ./lib/src/coron_sound.o
                0x08006b90                SPK_init
                0x08006cf8                TIM5_SOUND_IRQ
 .text          0x08006e6c      0x7c8 ./lib/src/coron_uart.o
                0x08006e6c                UART_init
                0x08006f34                UART_putc
                0x08006f6c                UART_puts
                0x08006fa8                UART_putd
                0x08006fe8                UART_getc
                0x08007028                UART_gets
                0x08007080                UART_put_x16
                0x080070b0                UART_putx
                0x0800727c                UART_putn
 .text          0x08007634      0x220 ./lib/src/coron_usbcdc.o
                0x08007634                Set_USBClock
                0x08007650                Enter_LowPowerMode
                0x08007668                Leave_LowPowerMode
                0x080076a8                USB_Interrupts_Config
                0x080076f8                USB_Cable_Config
                0x08007734                Get_SerialNum
 .text          0x08007854      0x9cc ./lib/src/coron_usbprint.o
                0x08007854                put_x16
                0x08007884                USB_putx
                0x08007a50                USB_putn
                0x08007e08                USB_putc
                0x08007ed8                USB_puts
                0x08007fd0                USB_putd
                0x0800809c                USB_getc
                0x08008110                USB_gets
                0x08008180                USB_getr
                0x08008204                USB_getd
 .text          0x08008220      0x210 ./lib/src/coron_wait.o
                0x08008220                wait_loop
                0x08008248                wait_init
                0x08008254                Handler_SysTick
                0x08008294                SysTick_Configuration
                0x080082bc                wait_timer
                0x08008318                wait_timer_sec
                0x08008378                wait_timer_msec
                0x080083d4                wait_timer_usec
 .text          0x08008430       0x6e ./lib/src/cortexm3_macro.o
                0x08008430                __WFI
                0x08008434                __WFE
                0x08008438                __SEV
                0x0800843c                __ISB
                0x08008442                __DSB
                0x08008448                __DMB
                0x0800844e                __SVC
                0x08008452                __MRS_CONTROL
                0x08008458                __MSR_CONTROL
                0x08008462                __MRS_PSP
                0x08008468                __MSR_PSP
                0x0800846e                __MRS_MSP
                0x08008474                __MSR_MSP
                0x0800847a                __SETPRIMASK
                0x0800847e                __RESETPRIMASK
                0x08008482                __SETFAULTMASK
                0x08008486                __RESETFAULTMASK
                0x0800848a                __BASEPRICONFIG
                0x08008490                __GetBASEPRI
                0x08008496                __REV_HalfWord
                0x0800849a                __REV_Word
 *fill*         0x0800849e        0x2 00
 .text          0x080084a0     0x40f0 ./lib/src/sdcard.o
                0x080084a0                SD_Init
                0x080085cc                SD_PowerON
                0x08008944                SD_PowerOFF
                0x08008964                SD_InitializeCards
                0x08008bd8                SD_GetCardInfo
                0x080092bc                SD_EnableWideBusOperation
                0x08009420                SD_SetDeviceMode
                0x08009464                SD_SelectDeselect
                0x080094dc                SD_ReadBlock
                0x08009930                SD_ReadMultiBlocks
                0x08009e8c                SD_WriteBlock
                0x0800a500                SD_WriteMultiBlocks
                0x0800ac94                SD_GetTransferState
                0x0800acbc                SD_StopTransfer
                0x0800ad34                SD_Erase
                0x0800af84                SD_SendStatus
                0x0800b030                SD_SendSDStatus
                0x0800b39c                SD_ProcessIRQSrc
 .text          0x0800c590      0xb4c ./lib/src/stm32f10x_adc.o
                0x0800c590                ADC_DeInit
                0x0800c618                ADC_Init
                0x0800c6dc                ADC_StructInit
                0x0800c720                ADC_Cmd
                0x0800c758                ADC_DMACmd
                0x0800c790                ADC_ITConfig
                0x0800c7dc                ADC_ResetCalibration
                0x0800c7fc                ADC_GetResetCalibrationStatus
                0x0800c834                ADC_StartCalibration
                0x0800c854                ADC_GetCalibrationStatus
                0x0800c88c                ADC_SoftwareStartConvCmd
                0x0800c8c4                ADC_GetSoftwareStartConvStatus
                0x0800c8fc                ADC_DiscModeChannelCountConfig
                0x0800c948                ADC_DiscModeCmd
                0x0800c980                ADC_RegularChannelConfig
                0x0800cb50                ADC_ExternalTrigConvCmd
                0x0800cb88                ADC_GetConversionValue
                0x0800cba4                ADC_GetDualModeConversionValue
                0x0800cbbc                ADC_AutoInjectedConvCmd
                0x0800cbf4                ADC_InjectedDiscModeCmd
                0x0800cc2c                ADC_ExternalTrigInjectedConvConfig
                0x0800cc64                ADC_ExternalTrigInjectedConvCmd
                0x0800cc9c                ADC_SoftwareStartInjectedConvCmd
                0x0800ccd4                ADC_GetSoftwareStartInjectedConvCmdStatus
                0x0800cd0c                ADC_InjectedChannelConfig
                0x0800ce5c                ADC_InjectedSequencerLengthConfig
                0x0800cea8                ADC_SetInjectedOffset
                0x0800ced0                ADC_GetInjectedConversionValue
                0x0800cefc                ADC_AnalogWatchdogCmd
                0x0800cf38                ADC_AnalogWatchdogThresholdsConfig
                0x0800cf60                ADC_AnalogWatchdogSingleChannelConfig
                0x0800cf9c                ADC_TempSensorVrefintCmd
                0x0800cfe8                ADC_GetFlagStatus
                0x0800d024                ADC_ClearFlag
                0x0800d044                ADC_GetITStatus
                0x0800d0ac                ADC_ClearITPendingBit
 .text          0x0800d0dc      0x38c ./lib/src/stm32f10x_dac.o
                0x0800d0dc                DAC_DeInit
                0x0800d0fc                DAC_Init
                0x0800d178                DAC_StructInit
                0x0800d1ac                DAC_Cmd
                0x0800d214                DAC_DMACmd
                0x0800d27c                DAC_SoftwareTriggerCmd
                0x0800d2ec                DAC_DualSoftwareTriggerCmd
                0x0800d338                DAC_WaveGenerationCmd
                0x0800d39c                DAC_SetChannel1Data
                0x0800d3c4                DAC_SetChannel2Data
                0x0800d3ec                DAC_SetDualChannelData
                0x0800d440                DAC_GetDataOutputValue
 .text          0x0800d468      0x500 ./lib/src/stm32f10x_dma.o
                0x0800d468                DMA_DeInit
                0x0800d6a8                DMA_Init
                0x0800d738                DMA_StructInit
                0x0800d7a4                DMA_Cmd
                0x0800d7dc                DMA_ITConfig
                0x0800d81c                DMA_GetCurrDataCounter
                0x0800d838                DMA_GetFlagStatus
                0x0800d898                DMA_ClearFlag
                0x0800d8d0                DMA_GetITStatus
                0x0800d930                DMA_ClearITPendingBit
 .text          0x0800d968       0xcc ./lib/src/stm32f10x_flash.o
                0x0800d968                FLASH_SetLatency
                0x0800d9ac                FLASH_HalfCycleAccessCmd
                0x0800d9f0                FLASH_PrefetchBufferCmd
 .text          0x0800da34      0x6e8 ./lib/src/stm32f10x_gpio.o
                0x0800da34                GPIO_DeInit
                0x0800db64                GPIO_AFIODeInit
                0x0800db84                GPIO_Init
                0x0800dd44                GPIO_StructInit
                0x0800dd70                GPIO_ReadInputDataBit
                0x0800ddac                GPIO_ReadInputData
                0x0800ddc8                GPIO_ReadOutputDataBit
                0x0800de04                GPIO_ReadOutputData
                0x0800de20                GPIO_SetBits
                0x0800de3c                GPIO_ResetBits
                0x0800de58                GPIO_WriteBit
                0x0800de88                GPIO_Write
                0x0800dea4                GPIO_PinLockConfig
                0x0800dee8                GPIO_EventOutputConfig
                0x0800df48                GPIO_EventOutputCmd
                0x0800df68                GPIO_PinRemapConfig
                0x0800e064                GPIO_EXTILineConfig
 .text          0x0800e11c      0x974 ./lib/src/stm32f10x_nvic.o
                0x0800e11c                NVIC_DeInit
                0x0800e1a0                NVIC_SCBDeInit
                0x0800e264                NVIC_PriorityGroupConfig
                0x0800e28c                NVIC_Init
                0x0800e3f0                NVIC_StructInit
                0x0800e424                NVIC_SETPRIMASK
                0x0800e430                NVIC_RESETPRIMASK
                0x0800e43c                NVIC_SETFAULTMASK
                0x0800e448                NVIC_RESETFAULTMASK
                0x0800e454                NVIC_BASEPRICONFIG
                0x0800e470                NVIC_GetBASEPRI
                0x0800e480                NVIC_GetCurrentPendingIRQChannel
                0x0800e4a8                NVIC_GetIRQChannelPendingBitStatus
                0x0800e510                NVIC_SetIRQChannelPendingBit
                0x0800e530                NVIC_ClearIRQChannelPendingBit
                0x0800e56c                NVIC_GetCurrentActiveHandler
                0x0800e58c                NVIC_GetIRQChannelActiveBitStatus
                0x0800e5f4                NVIC_GetCPUID
                0x0800e60c                NVIC_SetVectorTable
                0x0800e63c                NVIC_GenerateSystemReset
                0x0800e658                NVIC_GenerateCoreReset
                0x0800e674                NVIC_SystemLPConfig
                0x0800e6cc                NVIC_SystemHandlerConfig
                0x0800e738                NVIC_SystemHandlerPriorityConfig
                0x0800e848                NVIC_GetSystemHandlerPendingBitStatus
                0x0800e8b4                NVIC_SetSystemHandlerPendingBit
                0x0800e8f8                NVIC_ClearSystemHandlerPendingBit
                0x0800e940                NVIC_GetSystemHandlerActiveBitStatus
                0x0800e9a8                NVIC_GetFaultHandlerSources
                0x0800ea40                NVIC_GetFaultAddress
 .text          0x0800ea90      0xa04 ./lib/src/stm32f10x_rcc.o
                0x0800ea90                RCC_DeInit
                0x0800eb2c                RCC_HSEConfig
                0x0800ebb0                RCC_WaitForHSEStartUp
                0x0800ec14                RCC_AdjustHSICalibrationValue
                0x0800ec5c                RCC_HSICmd
                0x0800ec7c                RCC_PLLConfig
                0x0800ecc8                RCC_PLLCmd
                0x0800ece8                RCC_SYSCLKConfig
                0x0800ed2c                RCC_GetSYSCLKSource
                0x0800ed48                RCC_HCLKConfig
                0x0800ed8c                RCC_PCLK1Config
                0x0800edd0                RCC_PCLK2Config
                0x0800ee18                RCC_ITConfig
                0x0800ee7c                RCC_USBCLKConfig
                0x0800ee9c                RCC_ADCCLKConfig
                0x0800eee0                RCC_LSEConfig
                0x0800ef3c                RCC_LSICmd
                0x0800ef5c                RCC_RTCCLKConfig
                0x0800ef88                RCC_RTCCLKCmd
                0x0800efa8                RCC_GetClocksFreq
                0x0800f168                RCC_AHBPeriphClockCmd
                0x0800f1c0                RCC_APB2PeriphClockCmd
                0x0800f218                RCC_APB1PeriphClockCmd
                0x0800f270                RCC_APB2PeriphResetCmd
                0x0800f2c8                RCC_APB1PeriphResetCmd
                0x0800f320                RCC_BackupResetCmd
                0x0800f340                RCC_ClockSecuritySystemCmd
                0x0800f360                RCC_MCOConfig
                0x0800f380                RCC_GetFlagStatus
                0x0800f410                RCC_ClearFlag
                0x0800f434                RCC_GetITStatus
                0x0800f474                RCC_ClearITPendingBit
 .text          0x0800f494      0x614 ./lib/src/stm32f10x_sdio.o
                0x0800f494                SDIO_DeInit
                0x0800f520                SDIO_Init
                0x0800f594                SDIO_StructInit
                0x0800f5d8                SDIO_ClockCmd
                0x0800f5f8                SDIO_SetPowerState
                0x0800f63c                SDIO_GetPowerState
                0x0800f658                SDIO_ITConfig
                0x0800f6b0                SDIO_DMACmd
                0x0800f6d0                SDIO_SendCommand
                0x0800f740                SDIO_CmdStructInit
                0x0800f77c                SDIO_GetCommandResponse
                0x0800f794                SDIO_GetResponse
                0x0800f7b8                SDIO_DataConfig
                0x0800f830                SDIO_DataStructInit
                0x0800f874                SDIO_GetDataCounter
                0x0800f88c                SDIO_ReadData
                0x0800f8a4                SDIO_WriteData
                0x0800f8c4                SDIO_GetFIFOCount
                0x0800f8dc                SDIO_StartSDIOReadWait
                0x0800f8fc                SDIO_StopSDIOReadWait
                0x0800f91c                SDIO_SetSDIOReadWaitMode
                0x0800f93c                SDIO_SetSDIOOperation
                0x0800f95c                SDIO_SendSDIOSuspendCmd
                0x0800f97c                SDIO_CommandCompletionCmd
                0x0800f99c                SDIO_CEATAITCmd
                0x0800f9c8                SDIO_SendCEATACmd
                0x0800f9e8                SDIO_GetFlagStatus
                0x0800fa28                SDIO_ClearFlag
                0x0800fa48                SDIO_GetITStatus
                0x0800fa88                SDIO_ClearITPendingBit
 .text          0x0800faa8      0x1a8 ./lib/src/stm32f10x_systick.o
                0x0800faa8                SysTick_CLKSourceConfig
                0x0800faf4                SysTick_SetReload
                0x0800fb14                SysTick_CounterCmd
                0x0800fb78                SysTick_ITConfig
                0x0800fbc4                SysTick_GetCounter
                0x0800fbdc                SysTick_GetFlagStatus
 .text          0x0800fc50     0x1e6c ./lib/src/stm32f10x_tim.o
                0x0800fc50                TIM_DeInit
                0x0800fdac                TIM_TimeBaseInit
                0x0800fe30                TIM_OC1Init
                0x0800ff58                TIM_OC2Init
                0x080100a8                TIM_OC3Init
                0x080101f4                TIM_OC4Init
                0x080102ec                TIM_ICInit
                0x08010394                TIM_PWMIConfig
                0x08010458                TIM_BDTRConfig
                0x080104b4                TIM_TimeBaseStructInit
                0x080104f0                TIM_OCStructInit
                0x08010544                TIM_ICStructInit
                0x08010580                TIM_BDTRStructInit
                0x080105cc                TIM_Cmd
                0x08010614                TIM_CtrlPWMOutputs
                0x08010660                TIM_ITConfig
                0x080106ac                TIM_GenerateEvent
                0x080106c8                TIM_DMAConfig
                0x080106f4                TIM_DMACmd
                0x08010740                TIM_InternalClockConfig
                0x0801076c                TIM_ITRxExternalClockConfig
                0x0801079c                TIM_TIxExternalClockConfig
                0x080107f4                TIM_ETRClockMode1Config
                0x08010848                TIM_ETRClockMode2Config
                0x0801087c                TIM_ETRConfig
                0x080108d0                TIM_PrescalerConfig
                0x080108f8                TIM_CounterModeConfig
                0x0801093c                TIM_SelectInputTrigger
                0x08010978                TIM_EncoderInterfaceConfig
                0x08010a10                TIM_ForcedOC1Config
                0x08010a4c                TIM_ForcedOC2Config
                0x08010a8c                TIM_ForcedOC3Config
                0x08010ac8                TIM_ForcedOC4Config
                0x08010b08                TIM_ARRPreloadConfig
                0x08010b50                TIM_SelectCOM
                0x08010b98                TIM_SelectCCDMA
                0x08010be0                TIM_CCPreloadControl
                0x08010c28                TIM_OC1PreloadConfig
                0x08010c64                TIM_OC2PreloadConfig
                0x08010ca4                TIM_OC3PreloadConfig
                0x08010ce0                TIM_OC4PreloadConfig
                0x08010d20                TIM_OC1FastConfig
                0x08010d5c                TIM_OC2FastConfig
                0x08010d9c                TIM_OC3FastConfig
                0x08010dd8                TIM_OC4FastConfig
                0x08010e18                TIM_ClearOC1Ref
                0x08010e54                TIM_ClearOC2Ref
                0x08010e98                TIM_ClearOC3Ref
                0x08010ed4                TIM_ClearOC4Ref
                0x08010f18                TIM_OC1PolarityConfig
                0x08010f54                TIM_OC1NPolarityConfig
                0x08010f90                TIM_OC2PolarityConfig
                0x08010fd0                TIM_OC2NPolarityConfig
                0x08011010                TIM_OC3PolarityConfig
                0x08011050                TIM_OC3NPolarityConfig
                0x08011090                TIM_OC4PolarityConfig
                0x080110d0                TIM_CCxCmd
                0x08011128                TIM_CCxNCmd
                0x08011180                TIM_SelectOCxM
                0x080112c0                TIM_UpdateDisableConfig
                0x08011308                TIM_UpdateRequestConfig
                0x08011350                TIM_SelectHallSensor
                0x08011398                TIM_SelectOnePulseMode
                0x080113dc                TIM_SelectOutputTrigger
                0x08011420                TIM_SelectSlaveMode
                0x08011464                TIM_SelectMasterSlaveMode
                0x080114a8                TIM_SetCounter
                0x080114c4                TIM_SetAutoreload
                0x080114e0                TIM_SetCompare1
                0x080114fc                TIM_SetCompare2
                0x08011518                TIM_SetCompare3
                0x08011534                TIM_SetCompare4
                0x08011554                TIM_SetIC1Prescaler
                0x08011598                TIM_SetIC2Prescaler
                0x080115e0                TIM_SetIC3Prescaler
                0x08011624                TIM_SetIC4Prescaler
                0x0801166c                TIM_SetClockDivision
                0x080116a4                TIM_GetCapture1
                0x080116c0                TIM_GetCapture2
                0x080116dc                TIM_GetCapture3
                0x080116f8                TIM_GetCapture4
                0x08011714                TIM_GetCounter
                0x08011730                TIM_GetPrescaler
                0x0801174c                TIM_GetFlagStatus
                0x0801178c                TIM_ClearFlag
                0x080117b0                TIM_GetITStatus
                0x08011814                TIM_ClearITPendingBit
 .text          0x08011abc      0x97c ./lib/src/stm32f10x_usart.o
                0x08011abc                USART_DeInit
                0x08011b9c                USART_Init
                0x08011d08                USART_StructInit
                0x08011d4c                USART_ClockInit
                0x08011db0                USART_ClockStructInit
                0x08011de4                USART_Cmd
                0x08011e2c                USART_ITConfig
                0x08011ed8                USART_DMACmd
                0x08011f24                USART_SetAddress
                0x08011f68                USART_WakeUpConfig
                0x08011fac                USART_ReceiverWakeUpCmd
                0x08011ff4                USART_LINBreakDetectLengthConfig
                0x08012038                USART_LINCmd
                0x08012080                USART_SendData
                0x080120a4                USART_ReceiveData
                0x080120c8                USART_SendBreak
                0x080120ec                USART_SetGuardTime
                0x08012128                USART_SetPrescaler
                0x08012160                USART_SmartCardCmd
                0x080121a8                USART_SmartCardNACKCmd
                0x080121f0                USART_HalfDuplexCmd
                0x08012238                USART_IrDAConfig
                0x0801227c                USART_IrDACmd
                0x080122c4                USART_GetFlagStatus
                0x08012304                USART_ClearFlag
                0x08012328                USART_GetITStatus
                0x080123f4                USART_ClearITPendingBit
 .text          0x08012438       0x88 ./lib/src/stm32f10x_vector.o
                0x08012438                Reset_Handler
 .text          0x080124c0     0x1428 ./lib/src/usb_core.o
                0x080124c0                Standard_GetConfiguration
                0x0801250c                Standard_SetConfiguration
                0x08012580                Standard_GetInterface
                0x080125cc                Standard_SetInterface
                0x08012694                Standard_GetStatus
                0x0801283c                Standard_ClearFeature
                0x08012a64                Standard_SetEndPointFeature
                0x08012ba4                Standard_SetDeviceFeature
                0x08012be0                Standard_GetDescriptorData
                0x08013598                Setup0_Process
                0x080136a8                In0_Process
                0x08013764                Out0_Process
                0x080137f0                Post0_Process
                0x08013850                SetDeviceAddress
                0x080138dc                NOP_Process
 .text          0x080138e8       0x5c ./lib/src/usb_endp.o
                0x080138e8                EP3_OUT_Callback
                0x0801392c                EP1_IN_Callback
 .text          0x08013944       0x5c ./lib/src/usb_init.o
                0x08013944                USB_Init
 .text          0x080139a0      0x700 ./lib/src/usb_int.o
                0x080139a0                CTR_LP
                0x08013f48                CTR_HP
 .text          0x080140a0      0x170 ./lib/src/usb_istr.o
                0x080140a0                USB_Istr
 .text          0x08014210       0xf8 ./lib/src/usb_mem.o
                0x08014210                UserToPMABufferCopy
                0x0801429c                PMAToUserBufferCopy
 .text          0x08014308      0x46c ./lib/src/usb_prop.o
                0x08014308                Virtual_Com_Port_init
                0x08014368                Virtual_Com_Port_Reset
                0x080144b8                Virtual_Com_Port_SetConfiguration
                0x080144e8                Virtual_Com_Port_SetDeviceAddress
                0x08014500                Virtual_Com_Port_Status_In
                0x08014528                Virtual_Com_Port_Status_Out
                0x08014534                Virtual_Com_Port_Data_Setup
                0x080145e0                Virtual_Com_Port_NoData_Setup
                0x08014628                Virtual_Com_Port_GetDeviceDescriptor
                0x08014650                Virtual_Com_Port_GetConfigDescriptor
                0x08014678                Virtual_Com_Port_GetStringDescriptor
                0x080146c4                Virtual_Com_Port_Get_Interface_Setting
                0x080146fc                Virtual_Com_Port_GetLineCoding
                0x08014738                Virtual_Com_Port_SetLineCoding
 .text          0x08014774      0x2dc ./lib/src/usb_pwr.o
                0x08014774                PowerOn
                0x080147f4                PowerOff
                0x08014834                Suspend
                0x08014888                Resume_Init
                0x080148c8                Resume
 .text          0x08014a50     0x1228 ./lib/src/usb_regs.o
                0x08014a50                SetCNTR
                0x08014a70                GetCNTR
                0x08014a88                SetISTR
                0x08014aa8                GetISTR
                0x08014ac0                GetFNR
                0x08014ad8                SetDADDR
                0x08014af8                GetDADDR
                0x08014b10                SetBTABLE
                0x08014b3c                GetBTABLE
                0x08014b54                SetENDPOINT
                0x08014b80                GetENDPOINT
                0x08014ba8                SetEPType
                0x08014bfc                GetEPType
                0x08014c28                SetEPTxStatus
                0x08014c94                SetEPRxStatus
                0x08014d00                SetDouBleBuffEPStall
                0x08014d5c                GetEPTxStatus
                0x08014d88                GetEPRxStatus
                0x08014db4                SetEPTxValid
                0x08014e08                SetEPRxValid
                0x08014e5c                SetEP_KIND
                0x08014ea8                ClearEP_KIND
                0x08014eec                Clear_Status_Out
                0x08014f30                Set_Status_Out
                0x08014f7c                SetEPDoubleBuff
                0x08014fc8                ClearEPDoubleBuff
                0x0801500c                GetTxStallStatus
                0x08015040                GetRxStallStatus
                0x08015078                ClearEP_CTR_RX
                0x080150bc                ClearEP_CTR_TX
                0x08015100                ToggleDTOG_RX
                0x08015144                ToggleDTOG_TX
                0x08015188                ClearDTOG_RX
                0x080151e8                ClearDTOG_TX
                0x08015248                SetEPAddress
                0x08015298                GetEPAddress
                0x080152c4                SetEPTxAddr
                0x0801530c                SetEPRxAddr
                0x08015358                GetEPTxAddr
                0x08015394                GetEPRxAddr
                0x080153d4                SetEPTxCount
                0x08015414                SetEPCountRxReg
                0x08015484                SetEPRxCount
                0x0801551c                GetEPTxCount
                0x08015564                GetEPRxCount
                0x080155ac                SetEPDblBuffAddr
                0x0801562c                SetEPDblBuf0Addr
                0x08015674                SetEPDblBuf1Addr
                0x080156c0                GetEPDblBuf0Addr
                0x080156fc                GetEPDblBuf1Addr
                0x0801573c                SetEPDblBuffCount
                0x080158c4                SetEPDblBuf0Count
                0x08015998                SetEPDblBuf1Count
                0x08015a6c                GetEPDblBuf0Count
                0x08015ab4                GetEPDblBuf1Count
                0x08015afc                GetEPDblBufDir
                0x08015b88                FreeUserBuffer
                0x08015c10                ToWord
                0x08015c40                ByteSwap
 *(.text.*)
 *(.rodata)
 .rodata        0x08015c78       0x5c ./src/main.o
 .rodata        0x08015cd4        0x8 ./lib/src/coron_sdfat.o
                0x08015cd4                s_fat16
 .rodata        0x08015cdc      0x114 ./lib/src/coron_sdtxt.o
 .rodata        0x08015df0        0xc ./lib/src/coron_sdwav.o
 .rodata        0x08015dfc       0x14 ./lib/src/stm32f10x_rcc.o
 .rodata        0x08015e10       0xb8 ./lib/src/usb_desc.o
                0x08015e10                Virtual_Com_Port_DeviceDescriptor
                0x08015e24                Virtual_Com_Port_ConfigDescriptor
                0x08015e68                Virtual_Com_Port_StringLangID
                0x08015e6c                Virtual_Com_Port_StringVendor
                0x08015e94                Virtual_Com_Port_StringProduct
 *(.rodata*)
 *(.glue_7)
 .glue_7        0x00000000        0x0 linker stubs
 *(.glue_7t)
 .glue_7t       0x00000000        0x0 linker stubs
                0x08015ec8                . = ALIGN (0x4)
                0x08015ec8                _etext = .
                0x08015ec8                _sidata = _etext

.vfp11_veneer   0x20000000        0x0
 .vfp11_veneer  0x00000000        0x0 linker stubs

.v4_bx          0x20000000        0x0
 .v4_bx         0x00000000        0x0 linker stubs

.data           0x20000000       0xf4 load address 0x08015ec8
                0x20000000                . = ALIGN (0x4)
                0x20000000                _sdata = .
 *(.data)
 .data          0x20000000        0x1 ./lib/src/coron_sdfat.o
                0x20000000                Status
 *fill*         0x20000001        0x3 00
 .data          0x20000004        0x8 ./lib/src/sdcard.o
                0x20000008                TransferError
 .data          0x2000000c       0x1c ./lib/src/usb_desc.o
                0x2000000c                Virtual_Com_Port_StringSerial
 .data          0x20000028       0x38 ./lib/src/usb_istr.o
                0x20000028                pEpInt_IN
                0x20000044                pEpInt_OUT
 .data          0x20000060       0x90 ./lib/src/usb_prop.o
                0x20000060                linecoding
                0x20000068                Device_Table
                0x2000006c                Device_Property
                0x2000009c                User_Standard_Requests
                0x200000c0                Device_Descriptor
                0x200000c8                Config_Descriptor
                0x200000d0                String_Descriptor
 .data          0x200000f0        0x1 ./lib/src/usb_pwr.o
                0x200000f0                fSuspendEnabled
 *(.data.*)
                0x200000f4                . = ALIGN (0x4)
 *fill*         0x200000f1        0x3 00
                0x200000f4                _edata = .

.bss            0x200000f4     0x2dc0 load address 0x08015fbc
                0x200000f4                . = ALIGN (0x4)
                0x200000f4                _sbss = .
 *(.bss)
 .bss           0x200000f4        0xc ./lib/src/coron_ad.o
                0x200000f4                coron_IOA_ADValue
 .bss           0x20000100        0x4 ./lib/src/coron_dc.o
                0x20000100                mot1_cw
                0x20000101                mot2_cw
                0x20000102                mot1_duty
                0x20000103                mot2_duty
 .bss           0x20000104        0x3 ./lib/src/coron_rc.o
                0x20000104                rc_step_flag
                0x20000105                rc_step_num
                0x20000106                rc_step_count
 *fill*         0x20000107        0x1 00
 .bss           0x20000108       0x14 ./lib/src/coron_sdfat.o
                0x20000108                hidden_sector
                0x2000010c                fat_sector
                0x20000110                dir_sector
                0x20000114                dat_sector
                0x20000118                sectors_per_cluster
 .bss           0x2000011c        0x4 ./lib/src/coron_sdtxt.o
                0x2000011c                txt_dir_sector
 .bss           0x20000120        0x4 ./lib/src/coron_sdwav.o
                0x20000120                sound_sector
 .bss           0x20000124        0x8 ./lib/src/coron_sound.o
                0x20000124                sound_flag
                0x20000126                sound_buf0_count
                0x20000128                sound_buf1_count
                0x2000012a                read_flag
 .bss           0x2000012c        0x4 ./lib/src/coron_usbprint.o
                0x2000012c                timeout_cnt
 .bss           0x20000130        0x8 ./lib/src/coron_wait.o
                0x20000130                wait_timer_flag
                0x20000134                wait_timer_count
 .bss           0x20000138       0x38 ./lib/src/sdcard.o
                0x20000168                TransferEnd
                0x2000016c                NumberOfBytes
 .bss           0x20000170        0x1 ./lib/src/usb_core.o
                0x20000170                Data_Mul_MaxPacketSize
 *fill*         0x20000171        0x3 00
 .bss           0x20000174        0x8 ./lib/src/usb_endp.o
                0x20000174                count_out
                0x20000178                count_in
 .bss           0x2000017c        0x2 ./lib/src/usb_istr.o
                0x2000017c                bIntPackSOF
                0x2000017d                usbConnectFlag
 .bss           0x2000017e        0x1 ./lib/src/usb_prop.o
                0x2000017e                Request
 *fill*         0x2000017f        0x1 00
 .bss           0x20000180        0x4 ./lib/src/usb_pwr.o
                0x20000180                bDeviceState
 *(COMMON)
 COMMON         0x20000184      0xd8c ./lib/src/coron_rc.o
                0x20000184                rc_mot_motion_spd
                0x200001e8                rc_mot_pos_home
                0x20000208                rc_mot_ch
                0x2000020c                rc_mot_pos_trim
                0x2000022c                rc_mot_pos
                0x2000024c                rc_mot_pos_step
                0x2000026c                rc_mot_motion_cnt
                0x20000270                rc_mot_motion_pos
                0x20000ef0                rc_mot_ipos
 COMMON         0x20000f10     0x1450 ./lib/src/coron_sdfat.o
                0x20000f10                Buffer_Block_Tx
                0x20001110                Buffer_MultiBlock_Rx
                0x20001510                buf512
                0x20001d10                SDCardInfo
                0x20001d60                Buffer_Block_Rx
                0x20001f60                Buffer_MultiBlock_Tx
 COMMON         0x20002360      0x324 ./lib/src/coron_sdtxt.o
                0x20002360                txt_name
                0x200024f0                txt_sector_num
                0x200025b8                txt_count
                0x200025bc                txt_size
 COMMON         0x20002684      0x324 ./lib/src/coron_sdwav.o
                0x20002684                wav_name
                0x20002814                wav_sector_num
                0x200028dc                wav_count
                0x200028e0                wav_size
 COMMON         0x200029a8      0x400 ./lib/src/coron_sound.o
                0x200029a8                sound_buf
 COMMON         0x20002da8       0x80 ./lib/src/coron_usbcdc.o
                0x20002da8                buffer_in
                0x20002de8                buffer_out
 COMMON         0x20002e28       0x4c ./lib/src/sdcard.o
                0x20002e28                SDIO_CmdInitStructure
                0x20002e3c                DestBuffer
                0x20002e40                SDIO_InitStructure
                0x20002e58                SDIO_DataInitStructure
                0x20002e70                SrcBuffer
 COMMON         0x20002e74        0x2 ./lib/src/usb_core.o
                0x20002e74                StatusInfo
 *fill*         0x20002e76        0x2 00
 COMMON         0x20002e78       0x32 ./lib/src/usb_init.o
                0x20002e78                SaveState
                0x20002e7c                pProperty
                0x20002e80                EPindex
                0x20002e84                Device_Info
                0x20002ea0                pUser_Standard_Requests
                0x20002ea4                pInformation
                0x20002ea8                wInterrupt_Mask
 COMMON         0x20002eaa        0x4 ./lib/src/usb_int.o
                0x20002eaa                SaveRState
                0x20002eac                SaveTState
 COMMON         0x20002eae        0x2 ./lib/src/usb_istr.o
                0x20002eae                wIstr
 COMMON         0x20002eb0        0x2 ./lib/src/usb_pwr.o
                0x20002eb0                ResumeS
                0x20002eb4                . = ALIGN (0x4)
 *fill*         0x20002eb2        0x2 00
                0x20002eb4                _ebss = .
                0x20002eb4                PROVIDE (end, _ebss)
                0x20002eb4                PROVIDE (_end, _ebss)

._usrstack      0x20002eb4      0x400 load address 0x08018d7c
                0x20002eb4                . = ALIGN (0x4)
                0x20002eb4                _susrstack = .
                0x200032b4                . = (. + _Minimum_Stack_Size)
 *fill*         0x20002eb4      0x400 00
                0x200032b4                . = ALIGN (0x4)
                0x200032b4                _eusrstack = .

.b1text
 *(.b1text)
 *(.b1rodata)
 *(.b1rodata*)

.eb0text
 *(.eb0text)
 *(.eb0rodata)
 *(.eb0rodata*)

.eb1text
 *(.eb1text)
 *(.eb1rodata)
 *(.eb1rodata*)

.eb2text
 *(.eb2text)
 *(.eb2rodata)
 *(.eb2rodata*)

.eb3text
 *(.eb3text)
 *(.eb3rodata)
 *(.eb3rodata*)
                0x200032b4                __exidx_start = .
                0x200032b4                __exidx_end = .

.stab
 *(.stab)

.stabstr
 *(.stabstr)

.stab.excl
 *(.stab.excl)

.stab.exclstr
 *(.stab.exclstr)

.stab.index
 *(.stab.index)

.stab.indexstr
 *(.stab.indexstr)

.ARM.attributes
                0x00000000       0x2f
 .ARM.attributes
                0x00000000       0x14 c:/coron/gcc/arm/bin/../lib/gcc/arm-none-eabi/4.4.1/crti.o
 .ARM.attributes
                0x00000014       0x30 c:/coron/gcc/arm/bin/../lib/gcc/arm-none-eabi/4.4.1/crtbegin.o
 .ARM.attributes
                0x00000044       0x31 ./src/main.o
 .ARM.attributes
                0x00000075       0x31 ./src/stm32f10x_it.o
 .ARM.attributes
                0x000000a6       0x31 ./lib/src/coron_ad.o
 .ARM.attributes
                0x000000d7       0x31 ./lib/src/coron_dc.o
 .ARM.attributes
                0x00000108       0x31 ./lib/src/coron_init.o
 .ARM.attributes
                0x00000139       0x31 ./lib/src/coron_rc.o
 .ARM.attributes
                0x0000016a       0x31 ./lib/src/coron_sdfat.o
 .ARM.attributes
                0x0000019b       0x31 ./lib/src/coron_sdtxt.o
 .ARM.attributes
                0x000001cc       0x31 ./lib/src/coron_sdwav.o
 .ARM.attributes
                0x000001fd       0x31 ./lib/src/coron_sound.o
 .ARM.attributes
                0x0000022e       0x31 ./lib/src/coron_uart.o
 .ARM.attributes
                0x0000025f       0x31 ./lib/src/coron_usbcdc.o
 .ARM.attributes
                0x00000290       0x31 ./lib/src/coron_usbprint.o
 .ARM.attributes
                0x000002c1       0x31 ./lib/src/coron_wait.o
 .ARM.attributes
                0x000002f2       0x21 ./lib/src/cortexm3_macro.o
 .ARM.attributes
                0x00000313       0x31 ./lib/src/sdcard.o
 .ARM.attributes
                0x00000344       0x31 ./lib/src/stm32f10x_adc.o
 .ARM.attributes
                0x00000375       0x31 ./lib/src/stm32f10x_dac.o
 .ARM.attributes
                0x000003a6       0x31 ./lib/src/stm32f10x_dma.o
 .ARM.attributes
                0x000003d7       0x31 ./lib/src/stm32f10x_exti.o
 .ARM.attributes
                0x00000408       0x31 ./lib/src/stm32f10x_flash.o
 .ARM.attributes
                0x00000439       0x31 ./lib/src/stm32f10x_gpio.o
 .ARM.attributes
                0x0000046a       0x31 ./lib/src/stm32f10x_i2c.o
 .ARM.attributes
                0x0000049b       0x31 ./lib/src/stm32f10x_lib.o
 .ARM.attributes
                0x000004cc       0x31 ./lib/src/stm32f10x_nvic.o
 .ARM.attributes
                0x000004fd       0x31 ./lib/src/stm32f10x_rcc.o
 .ARM.attributes
                0x0000052e       0x31 ./lib/src/stm32f10x_sdio.o
 .ARM.attributes
                0x0000055f       0x31 ./lib/src/stm32f10x_spi.o
 .ARM.attributes
                0x00000590       0x31 ./lib/src/stm32f10x_systick.o
 .ARM.attributes
                0x000005c1       0x31 ./lib/src/stm32f10x_tim.o
 .ARM.attributes
                0x000005f2       0x31 ./lib/src/stm32f10x_usart.o
 .ARM.attributes
                0x00000623       0x31 ./lib/src/stm32f10x_vector.o
 .ARM.attributes
                0x00000654       0x31 ./lib/src/syscalls.o
 .ARM.attributes
                0x00000685       0x31 ./lib/src/usb_core.o
 .ARM.attributes
                0x000006b6       0x31 ./lib/src/usb_desc.o
 .ARM.attributes
                0x000006e7       0x31 ./lib/src/usb_endp.o
 .ARM.attributes
                0x00000718       0x31 ./lib/src/usb_init.o
 .ARM.attributes
                0x00000749       0x31 ./lib/src/usb_int.o
 .ARM.attributes
                0x0000077a       0x31 ./lib/src/usb_istr.o
 .ARM.attributes
                0x000007ab       0x31 ./lib/src/usb_mem.o
 .ARM.attributes
                0x000007dc       0x31 ./lib/src/usb_prop.o
 .ARM.attributes
                0x0000080d       0x31 ./lib/src/usb_pwr.o
 .ARM.attributes
                0x0000083e       0x31 ./lib/src/usb_regs.o
 .ARM.attributes
                0x0000086f       0x30 c:/coron/gcc/arm/bin/../lib/gcc/arm-none-eabi/4.4.1/crtend.o
 .ARM.attributes
                0x0000089f       0x16 c:/coron/gcc/arm/bin/../lib/gcc/arm-none-eabi/4.4.1/crtn.o

.comment        0x00000000      0x6e4
 *(.comment)
 .comment       0x00000000       0x2a ./src/main.o
 .comment       0x0000002a       0x2a ./src/stm32f10x_it.o
 .comment       0x00000054       0x2a ./lib/src/coron_ad.o
 .comment       0x0000007e       0x2a ./lib/src/coron_dc.o
 .comment       0x000000a8       0x2a ./lib/src/coron_init.o
 .comment       0x000000d2       0x2a ./lib/src/coron_rc.o
 .comment       0x000000fc       0x2a ./lib/src/coron_sdfat.o
 .comment       0x00000126       0x2a ./lib/src/coron_sdtxt.o
 .comment       0x00000150       0x2a ./lib/src/coron_sdwav.o
 .comment       0x0000017a       0x2a ./lib/src/coron_sound.o
 .comment       0x000001a4       0x2a ./lib/src/coron_uart.o
 .comment       0x000001ce       0x2a ./lib/src/coron_usbcdc.o
 .comment       0x000001f8       0x2a ./lib/src/coron_usbprint.o
 .comment       0x00000222       0x2a ./lib/src/coron_wait.o
 .comment       0x0000024c       0x2a ./lib/src/sdcard.o
 .comment       0x00000276       0x2a ./lib/src/stm32f10x_adc.o
 .comment       0x000002a0       0x2a ./lib/src/stm32f10x_dac.o
 .comment       0x000002ca       0x2a ./lib/src/stm32f10x_dma.o
 .comment       0x000002f4       0x2a ./lib/src/stm32f10x_exti.o
 .comment       0x0000031e       0x2a ./lib/src/stm32f10x_flash.o
 .comment       0x00000348       0x2a ./lib/src/stm32f10x_gpio.o
 .comment       0x00000372       0x2a ./lib/src/stm32f10x_i2c.o
 .comment       0x0000039c       0x2a ./lib/src/stm32f10x_lib.o
 .comment       0x000003c6       0x2a ./lib/src/stm32f10x_nvic.o
 .comment       0x000003f0       0x2a ./lib/src/stm32f10x_rcc.o
 .comment       0x0000041a       0x2a ./lib/src/stm32f10x_sdio.o
 .comment       0x00000444       0x2a ./lib/src/stm32f10x_spi.o
 .comment       0x0000046e       0x2a ./lib/src/stm32f10x_systick.o
 .comment       0x00000498       0x2a ./lib/src/stm32f10x_tim.o
 .comment       0x000004c2       0x2a ./lib/src/stm32f10x_usart.o
 .comment       0x000004ec       0x2a ./lib/src/stm32f10x_vector.o
 .comment       0x00000516       0x2a ./lib/src/syscalls.o
 .comment       0x00000540       0x2a ./lib/src/usb_core.o
 .comment       0x0000056a       0x2a ./lib/src/usb_desc.o
 .comment       0x00000594       0x2a ./lib/src/usb_endp.o
 .comment       0x000005be       0x2a ./lib/src/usb_init.o
 .comment       0x000005e8       0x2a ./lib/src/usb_int.o
 .comment       0x00000612       0x2a ./lib/src/usb_istr.o
 .comment       0x0000063c       0x2a ./lib/src/usb_mem.o
 .comment       0x00000666       0x2a ./lib/src/usb_prop.o
 .comment       0x00000690       0x2a ./lib/src/usb_pwr.o
 .comment       0x000006ba       0x2a ./lib/src/usb_regs.o

.debug
 *(.debug)

.line
 *(.line)

.debug_srcinfo
 *(.debug_srcinfo)

.debug_sfnames
 *(.debug_sfnames)

.debug_aranges  0x00000000      0x4a0
 *(.debug_aranges)
 .debug_aranges
                0x00000000       0x20 ./src/main.o
 .debug_aranges
                0x00000020       0x20 ./src/stm32f10x_it.o
 .debug_aranges
                0x00000040       0x20 ./lib/src/coron_ad.o
 .debug_aranges
                0x00000060       0x20 ./lib/src/coron_dc.o
 .debug_aranges
                0x00000080       0x20 ./lib/src/coron_init.o
 .debug_aranges
                0x000000a0       0x20 ./lib/src/coron_rc.o
 .debug_aranges
                0x000000c0       0x20 ./lib/src/coron_sdfat.o
 .debug_aranges
                0x000000e0       0x20 ./lib/src/coron_sdtxt.o
 .debug_aranges
                0x00000100       0x20 ./lib/src/coron_sdwav.o
 .debug_aranges
                0x00000120       0x20 ./lib/src/coron_sound.o
 .debug_aranges
                0x00000140       0x20 ./lib/src/coron_uart.o
 .debug_aranges
                0x00000160       0x20 ./lib/src/coron_usbcdc.o
 .debug_aranges
                0x00000180       0x20 ./lib/src/coron_usbprint.o
 .debug_aranges
                0x000001a0       0x20 ./lib/src/coron_wait.o
 .debug_aranges
                0x000001c0       0x20 ./lib/src/sdcard.o
 .debug_aranges
                0x000001e0       0x20 ./lib/src/stm32f10x_adc.o
 .debug_aranges
                0x00000200       0x20 ./lib/src/stm32f10x_dac.o
 .debug_aranges
                0x00000220       0x20 ./lib/src/stm32f10x_dma.o
 .debug_aranges
                0x00000240       0x20 ./lib/src/stm32f10x_flash.o
 .debug_aranges
                0x00000260       0x20 ./lib/src/stm32f10x_gpio.o
 .debug_aranges
                0x00000280       0x20 ./lib/src/stm32f10x_nvic.o
 .debug_aranges
                0x000002a0       0x20 ./lib/src/stm32f10x_rcc.o
 .debug_aranges
                0x000002c0       0x20 ./lib/src/stm32f10x_sdio.o
 .debug_aranges
                0x000002e0       0x20 ./lib/src/stm32f10x_systick.o
 .debug_aranges
                0x00000300       0x20 ./lib/src/stm32f10x_tim.o
 .debug_aranges
                0x00000320       0x20 ./lib/src/stm32f10x_usart.o
 .debug_aranges
                0x00000340       0x20 ./lib/src/stm32f10x_vector.o
 .debug_aranges
                0x00000360       0x20 ./lib/src/syscalls.o
 .debug_aranges
                0x00000380       0x20 ./lib/src/usb_core.o
 .debug_aranges
                0x000003a0       0x20 ./lib/src/usb_endp.o
 .debug_aranges
                0x000003c0       0x20 ./lib/src/usb_init.o
 .debug_aranges
                0x000003e0       0x20 ./lib/src/usb_int.o
 .debug_aranges
                0x00000400       0x20 ./lib/src/usb_istr.o
 .debug_aranges
                0x00000420       0x20 ./lib/src/usb_mem.o
 .debug_aranges
                0x00000440       0x20 ./lib/src/usb_prop.o
 .debug_aranges
                0x00000460       0x20 ./lib/src/usb_pwr.o
 .debug_aranges
                0x00000480       0x20 ./lib/src/usb_regs.o

.debug_pubnames
                0x00000000     0x398a
 *(.debug_pubnames)
 .debug_pubnames
                0x00000000       0x1b ./src/main.o
 .debug_pubnames
                0x0000001b      0x62b ./src/stm32f10x_it.o
 .debug_pubnames
                0x00000646       0x55 ./lib/src/coron_ad.o
 .debug_pubnames
                0x0000069b       0x84 ./lib/src/coron_dc.o
 .debug_pubnames
                0x0000071f       0x86 ./lib/src/coron_init.o
 .debug_pubnames
                0x000007a5      0x170 ./lib/src/coron_rc.o
 .debug_pubnames
                0x00000915      0x17f ./lib/src/coron_sdfat.o
 .debug_pubnames
                0x00000a94       0xe1 ./lib/src/coron_sdtxt.o
 .debug_pubnames
                0x00000b75       0x80 ./lib/src/coron_sdwav.o
 .debug_pubnames
                0x00000bf5       0x87 ./lib/src/coron_sound.o
 .debug_pubnames
                0x00000c7c       0x93 ./lib/src/coron_uart.o
 .debug_pubnames
                0x00000d0f       0xd9 ./lib/src/coron_usbcdc.o
 .debug_pubnames
                0x00000de8       0xa3 ./lib/src/coron_usbprint.o
 .debug_pubnames
                0x00000e8b       0xcf ./lib/src/coron_wait.o
 .debug_pubnames
                0x00000f5a      0x213 ./lib/src/sdcard.o
 .debug_pubnames
                0x0000116d      0x401 ./lib/src/stm32f10x_adc.o
 .debug_pubnames
                0x0000156e      0x116 ./lib/src/stm32f10x_dac.o
 .debug_pubnames
                0x00001684       0xcf ./lib/src/stm32f10x_dma.o
 .debug_pubnames
                0x00001753       0x60 ./lib/src/stm32f10x_flash.o
 .debug_pubnames
                0x000017b3      0x17b ./lib/src/stm32f10x_gpio.o
 .debug_pubnames
                0x0000192e      0x360 ./lib/src/stm32f10x_nvic.o
 .debug_pubnames
                0x00001c8e      0x2c4 ./lib/src/stm32f10x_rcc.o
 .debug_pubnames
                0x00001f52      0x2ac ./lib/src/stm32f10x_sdio.o
 .debug_pubnames
                0x000021fe       0xa1 ./lib/src/stm32f10x_systick.o
 .debug_pubnames
                0x0000229f      0x7b0 ./lib/src/stm32f10x_tim.o
 .debug_pubnames
                0x00002a4f      0x25f ./lib/src/stm32f10x_usart.o
 .debug_pubnames
                0x00002cae       0x35 ./lib/src/stm32f10x_vector.o
 .debug_pubnames
                0x00002ce3       0xf4 ./lib/src/syscalls.o
 .debug_pubnames
                0x00002dd7      0x1a5 ./lib/src/usb_core.o
 .debug_pubnames
                0x00002f7c       0xe7 ./lib/src/usb_desc.o
 .debug_pubnames
                0x00003063       0x65 ./lib/src/usb_endp.o
 .debug_pubnames
                0x000030c8       0x98 ./lib/src/usb_init.o
 .debug_pubnames
                0x00003160       0x46 ./lib/src/usb_int.o
 .debug_pubnames
                0x000031a6       0x69 ./lib/src/usb_istr.o
 .debug_pubnames
                0x0000320f       0x42 ./lib/src/usb_mem.o
 .debug_pubnames
                0x00003251      0x29d ./lib/src/usb_prop.o
 .debug_pubnames
                0x000034ee       0x83 ./lib/src/usb_pwr.o
 .debug_pubnames
                0x00003571      0x419 ./lib/src/usb_regs.o

.debug_info     0x00000000     0xeff2
 *(.debug_info .gnu.linkonce.wi.*)
 .debug_info    0x00000000      0x1be ./src/main.o
 .debug_info    0x000001be      0x62f ./src/stm32f10x_it.o
 .debug_info    0x000007ed      0x529 ./lib/src/coron_ad.o
 .debug_info    0x00000d16      0x62d ./lib/src/coron_dc.o
 .debug_info    0x00001343      0x26f ./lib/src/coron_init.o
 .debug_info    0x000015b2      0x7e9 ./lib/src/coron_rc.o
 .debug_info    0x00001d9b      0x918 ./lib/src/coron_sdfat.o
 .debug_info    0x000026b3      0x405 ./lib/src/coron_sdtxt.o
 .debug_info    0x00002ab8      0x45e ./lib/src/coron_sdwav.o
 .debug_info    0x00002f16      0x5f3 ./lib/src/coron_sound.o
 .debug_info    0x00003509      0x54a ./lib/src/coron_uart.o
 .debug_info    0x00003a53      0x487 ./lib/src/coron_usbcdc.o
 .debug_info    0x00003eda      0x379 ./lib/src/coron_usbprint.o
 .debug_info    0x00004253      0x1ad ./lib/src/coron_wait.o
 .debug_info    0x00004400     0x14d1 ./lib/src/sdcard.o
 .debug_info    0x000058d1      0xb94 ./lib/src/stm32f10x_adc.o
 .debug_info    0x00006465      0x432 ./lib/src/stm32f10x_dac.o
 .debug_info    0x00006897      0x40f ./lib/src/stm32f10x_dma.o
 .debug_info    0x00006ca6       0x50 ./lib/src/stm32f10x_exti.o
 .debug_info    0x00006cf6      0x165 ./lib/src/stm32f10x_flash.o
 .debug_info    0x00006e5b      0x67d ./lib/src/stm32f10x_gpio.o
 .debug_info    0x000074d8       0x50 ./lib/src/stm32f10x_i2c.o
 .debug_info    0x00007528       0x53 ./lib/src/stm32f10x_lib.o
 .debug_info    0x0000757b      0x929 ./lib/src/stm32f10x_nvic.o
 .debug_info    0x00007ea4      0x895 ./lib/src/stm32f10x_rcc.o
 .debug_info    0x00008739      0x82f ./lib/src/stm32f10x_sdio.o
 .debug_info    0x00008f68       0x50 ./lib/src/stm32f10x_spi.o
 .debug_info    0x00008fb8      0x203 ./lib/src/stm32f10x_systick.o
 .debug_info    0x000091bb     0x1d79 ./lib/src/stm32f10x_tim.o
 .debug_info    0x0000af34      0x9a8 ./lib/src/stm32f10x_usart.o
 .debug_info    0x0000b8dc       0xe5 ./lib/src/stm32f10x_vector.o
 .debug_info    0x0000b9c1      0x5c1 ./lib/src/syscalls.o
 .debug_info    0x0000bf82      0xb87 ./lib/src/usb_core.o
 .debug_info    0x0000cb09      0x142 ./lib/src/usb_desc.o
 .debug_info    0x0000cc4b       0xdd ./lib/src/usb_endp.o
 .debug_info    0x0000cd28      0x450 ./lib/src/usb_init.o
 .debug_info    0x0000d178      0x243 ./lib/src/usb_int.o
 .debug_info    0x0000d3bb      0x2bf ./lib/src/usb_istr.o
 .debug_info    0x0000d67a      0x172 ./lib/src/usb_mem.o
 .debug_info    0x0000d7ec      0x87a ./lib/src/usb_prop.o
 .debug_info    0x0000e066      0x267 ./lib/src/usb_pwr.o
 .debug_info    0x0000e2cd      0xd25 ./lib/src/usb_regs.o

.debug_abbrev   0x00000000     0x2ca8
 *(.debug_abbrev)
 .debug_abbrev  0x00000000       0xbd ./src/main.o
 .debug_abbrev  0x000000bd       0x52 ./src/stm32f10x_it.o
 .debug_abbrev  0x0000010f      0x122 ./lib/src/coron_ad.o
 .debug_abbrev  0x00000231       0xf7 ./lib/src/coron_dc.o
 .debug_abbrev  0x00000328       0xfd ./lib/src/coron_init.o
 .debug_abbrev  0x00000425      0x16b ./lib/src/coron_rc.o
 .debug_abbrev  0x00000590      0x18b ./lib/src/coron_sdfat.o
 .debug_abbrev  0x0000071b       0xfc ./lib/src/coron_sdtxt.o
 .debug_abbrev  0x00000817      0x113 ./lib/src/coron_sdwav.o
 .debug_abbrev  0x0000092a      0x11a ./lib/src/coron_sound.o
 .debug_abbrev  0x00000a44      0x13d ./lib/src/coron_uart.o
 .debug_abbrev  0x00000b81      0x195 ./lib/src/coron_usbcdc.o
 .debug_abbrev  0x00000d16       0xfe ./lib/src/coron_usbprint.o
 .debug_abbrev  0x00000e14       0x9e ./lib/src/coron_wait.o
 .debug_abbrev  0x00000eb2      0x1c0 ./lib/src/sdcard.o
 .debug_abbrev  0x00001072      0x14b ./lib/src/stm32f10x_adc.o
 .debug_abbrev  0x000011bd      0x129 ./lib/src/stm32f10x_dac.o
 .debug_abbrev  0x000012e6      0x134 ./lib/src/stm32f10x_dma.o
 .debug_abbrev  0x0000141a       0x1f ./lib/src/stm32f10x_exti.o
 .debug_abbrev  0x00001439       0xa2 ./lib/src/stm32f10x_flash.o
 .debug_abbrev  0x000014db      0x1b2 ./lib/src/stm32f10x_gpio.o
 .debug_abbrev  0x0000168d       0x1f ./lib/src/stm32f10x_i2c.o
 .debug_abbrev  0x000016ac       0x28 ./lib/src/stm32f10x_lib.o
 .debug_abbrev  0x000016d4      0x1df ./lib/src/stm32f10x_nvic.o
 .debug_abbrev  0x000018b3      0x1bd ./lib/src/stm32f10x_rcc.o
 .debug_abbrev  0x00001a70      0x1ac ./lib/src/stm32f10x_sdio.o
 .debug_abbrev  0x00001c1c       0x1f ./lib/src/stm32f10x_spi.o
 .debug_abbrev  0x00001c3b      0x10c ./lib/src/stm32f10x_systick.o
 .debug_abbrev  0x00001d47      0x17f ./lib/src/stm32f10x_tim.o
 .debug_abbrev  0x00001ec6      0x15d ./lib/src/stm32f10x_usart.o
 .debug_abbrev  0x00002023       0xa8 ./lib/src/stm32f10x_vector.o
 .debug_abbrev  0x000020cb      0x168 ./lib/src/syscalls.o
 .debug_abbrev  0x00002233      0x254 ./lib/src/usb_core.o
 .debug_abbrev  0x00002487       0x5f ./lib/src/usb_desc.o
 .debug_abbrev  0x000024e6       0x74 ./lib/src/usb_endp.o
 .debug_abbrev  0x0000255a      0x100 ./lib/src/usb_init.o
 .debug_abbrev  0x0000265a       0xcb ./lib/src/usb_int.o
 .debug_abbrev  0x00002725       0xf7 ./lib/src/usb_istr.o
 .debug_abbrev  0x0000281c       0x79 ./lib/src/usb_mem.o
 .debug_abbrev  0x00002895      0x1bb ./lib/src/usb_prop.o
 .debug_abbrev  0x00002a50      0x111 ./lib/src/usb_pwr.o
 .debug_abbrev  0x00002b61      0x147 ./lib/src/usb_regs.o

.debug_line     0x00000000     0x3245
 *(.debug_line)
 .debug_line    0x00000000       0xca ./src/main.o
 .debug_line    0x000000ca      0x15f ./src/stm32f10x_it.o
 .debug_line    0x00000229      0x108 ./lib/src/coron_ad.o
 .debug_line    0x00000331      0x142 ./lib/src/coron_dc.o
 .debug_line    0x00000473       0xcd ./lib/src/coron_init.o
 .debug_line    0x00000540      0x1ad ./lib/src/coron_rc.o
 .debug_line    0x000006ed      0x161 ./lib/src/coron_sdfat.o
 .debug_line    0x0000084e      0x110 ./lib/src/coron_sdtxt.o
 .debug_line    0x0000095e       0xcc ./lib/src/coron_sdwav.o
 .debug_line    0x00000a2a      0x10a ./lib/src/coron_sound.o
 .debug_line    0x00000b34      0x119 ./lib/src/coron_uart.o
 .debug_line    0x00000c4d       0xe7 ./lib/src/coron_usbcdc.o
 .debug_line    0x00000d34      0x11c ./lib/src/coron_usbprint.o
 .debug_line    0x00000e50       0x99 ./lib/src/coron_wait.o
 .debug_line    0x00000ee9      0x6fb ./lib/src/sdcard.o
 .debug_line    0x000015e4      0x1eb ./lib/src/stm32f10x_adc.o
 .debug_line    0x000017cf       0xeb ./lib/src/stm32f10x_dac.o
 .debug_line    0x000018ba      0x10e ./lib/src/stm32f10x_dma.o
 .debug_line    0x000019c8       0x1d ./lib/src/stm32f10x_exti.o
 .debug_line    0x000019e5       0x8e ./lib/src/stm32f10x_flash.o
 .debug_line    0x00001a73      0x152 ./lib/src/stm32f10x_gpio.o
 .debug_line    0x00001bc5       0x1d ./lib/src/stm32f10x_i2c.o
 .debug_line    0x00001be2       0x1d ./lib/src/stm32f10x_lib.o
 .debug_line    0x00001bff      0x19d ./lib/src/stm32f10x_nvic.o
 .debug_line    0x00001d9c      0x1a5 ./lib/src/stm32f10x_rcc.o
 .debug_line    0x00001f41      0x160 ./lib/src/stm32f10x_sdio.o
 .debug_line    0x000020a1       0x1d ./lib/src/stm32f10x_spi.o
 .debug_line    0x000020be       0xac ./lib/src/stm32f10x_systick.o
 .debug_line    0x0000216a      0x3f7 ./lib/src/stm32f10x_tim.o
 .debug_line    0x00002561      0x1a1 ./lib/src/stm32f10x_usart.o
 .debug_line    0x00002702       0x57 ./lib/src/stm32f10x_vector.o
 .debug_line    0x00002759      0x126 ./lib/src/syscalls.o
 .debug_line    0x0000287f      0x28b ./lib/src/usb_core.o
 .debug_line    0x00002b0a       0x55 ./lib/src/usb_desc.o
 .debug_line    0x00002b5f       0x6d ./lib/src/usb_endp.o
 .debug_line    0x00002bcc       0x78 ./lib/src/usb_init.o
 .debug_line    0x00002c44       0xe7 ./lib/src/usb_int.o
 .debug_line    0x00002d2b       0xab ./lib/src/usb_istr.o
 .debug_line    0x00002dd6       0x7c ./lib/src/usb_mem.o
 .debug_line    0x00002e52      0x13f ./lib/src/usb_prop.o
 .debug_line    0x00002f91       0xdc ./lib/src/usb_pwr.o
 .debug_line    0x0000306d      0x1d8 ./lib/src/usb_regs.o

.debug_frame    0x00000000     0x44ec
 *(.debug_frame)
 .debug_frame   0x00000000       0x30 ./src/main.o
 .debug_frame   0x00000030      0x79c ./src/stm32f10x_it.o
 .debug_frame   0x000007cc       0x68 ./lib/src/coron_ad.o
 .debug_frame   0x00000834       0x84 ./lib/src/coron_dc.o
 .debug_frame   0x000008b8       0xa4 ./lib/src/coron_init.o
 .debug_frame   0x0000095c      0x100 ./lib/src/coron_rc.o
 .debug_frame   0x00000a5c      0x108 ./lib/src/coron_sdfat.o
 .debug_frame   0x00000b64       0xf0 ./lib/src/coron_sdtxt.o
 .debug_frame   0x00000c54       0x50 ./lib/src/coron_sdwav.o
 .debug_frame   0x00000ca4       0x4c ./lib/src/coron_sound.o
 .debug_frame   0x00000cf0      0x130 ./lib/src/coron_uart.o
 .debug_frame   0x00000e20       0xc0 ./lib/src/coron_usbcdc.o
 .debug_frame   0x00000ee0      0x144 ./lib/src/coron_usbprint.o
 .debug_frame   0x00001024      0x100 ./lib/src/coron_wait.o
 .debug_frame   0x00001124      0x3d4 ./lib/src/sdcard.o
 .debug_frame   0x000014f8      0x404 ./lib/src/stm32f10x_adc.o
 .debug_frame   0x000018fc      0x160 ./lib/src/stm32f10x_dac.o
 .debug_frame   0x00001a5c      0x128 ./lib/src/stm32f10x_dma.o
 .debug_frame   0x00001b84       0x64 ./lib/src/stm32f10x_flash.o
 .debug_frame   0x00001be8      0x1f0 ./lib/src/stm32f10x_gpio.o
 .debug_frame   0x00001dd8      0x35c ./lib/src/stm32f10x_nvic.o
 .debug_frame   0x00002134      0x394 ./lib/src/stm32f10x_rcc.o
 .debug_frame   0x000024c8      0x358 ./lib/src/stm32f10x_sdio.o
 .debug_frame   0x00002820       0xb8 ./lib/src/stm32f10x_systick.o
 .debug_frame   0x000028d8      0xa20 ./lib/src/stm32f10x_tim.o
 .debug_frame   0x000032f8      0x30c ./lib/src/stm32f10x_usart.o
 .debug_frame   0x00003604       0x38 ./lib/src/stm32f10x_vector.o
 .debug_frame   0x0000363c      0x224 ./lib/src/syscalls.o
 .debug_frame   0x00003860      0x264 ./lib/src/usb_core.o
 .debug_frame   0x00003ac4       0x48 ./lib/src/usb_endp.o
 .debug_frame   0x00003b0c       0x2c ./lib/src/usb_init.o
 .debug_frame   0x00003b38       0x54 ./lib/src/usb_int.o
 .debug_frame   0x00003b8c       0x2c ./lib/src/usb_istr.o
 .debug_frame   0x00003bb8       0x48 ./lib/src/usb_mem.o
 .debug_frame   0x00003c00      0x1a8 ./lib/src/usb_prop.o
 .debug_frame   0x00003da8       0xac ./lib/src/usb_pwr.o
 .debug_frame   0x00003e54      0x698 ./lib/src/usb_regs.o

.debug_str      0x00000000     0x5514
 *(.debug_str)
 .debug_str     0x00000000       0xd9 ./src/main.o
                                0x112 (size before relaxing)
 .debug_str     0x000000d9      0x51b ./src/stm32f10x_it.o
                                0x5ac (size before relaxing)
 .debug_str     0x000005f4      0x3a6 ./lib/src/coron_ad.o
                                0x453 (size before relaxing)
 .debug_str     0x0000099a      0x28e ./lib/src/coron_dc.o
                                0x4eb (size before relaxing)
 .debug_str     0x00000c28       0x95 ./lib/src/coron_init.o
                                0x271 (size before relaxing)
 .debug_str     0x00000cbd      0x10e ./lib/src/coron_rc.o
                                0x5ac (size before relaxing)
 .debug_str     0x00000dcb      0x6e4 ./lib/src/coron_sdfat.o
                                0x834 (size before relaxing)
 .debug_str     0x000014af       0xfd ./lib/src/coron_sdtxt.o
                                0x19f (size before relaxing)
 .debug_str     0x000015ac       0x92 ./lib/src/coron_sdwav.o
                                0x264 (size before relaxing)
 .debug_str     0x0000163e       0xce ./lib/src/coron_sound.o
                                0x4ce (size before relaxing)
 .debug_str     0x0000170c      0x101 ./lib/src/coron_uart.o
                                0x31a (size before relaxing)
 .debug_str     0x0000180d      0x252 ./lib/src/coron_usbcdc.o
                                0x3c0 (size before relaxing)
 .debug_str     0x00001a5f       0x88 ./lib/src/coron_usbprint.o
                                0x1a0 (size before relaxing)
 .debug_str     0x00001ae7       0xd6 ./lib/src/coron_wait.o
                                0x17b (size before relaxing)
 .debug_str     0x00001bbd      0x56a ./lib/src/sdcard.o
                                0xe3d (size before relaxing)
 .debug_str     0x00002127      0x46a ./lib/src/stm32f10x_adc.o
                                0x60c (size before relaxing)
 .debug_str     0x00002591      0x180 ./lib/src/stm32f10x_dac.o
                                0x2b4 (size before relaxing)
 .debug_str     0x00002711       0xf6 ./lib/src/stm32f10x_dma.o
                                0x2a3 (size before relaxing)
 .debug_str     0x00002807       0x1c ./lib/src/stm32f10x_exti.o
                                 0xad (size before relaxing)
 .debug_str     0x00002823       0xae ./lib/src/stm32f10x_flash.o
                                0x144 (size before relaxing)
 .debug_str     0x000028d1      0x1fd ./lib/src/stm32f10x_gpio.o
                                0x3d7 (size before relaxing)
 .debug_str     0x00002ace       0x1b ./lib/src/stm32f10x_i2c.o
                                 0xac (size before relaxing)
 .debug_str     0x00002ae9       0x1b ./lib/src/stm32f10x_lib.o
                                 0xac (size before relaxing)
 .debug_str     0x00002b04      0x43e ./lib/src/stm32f10x_nvic.o
                                0x5dd (size before relaxing)
 .debug_str     0x00002f42      0x406 ./lib/src/stm32f10x_rcc.o
                                0x51f (size before relaxing)
 .debug_str     0x00003348      0x2b3 ./lib/src/stm32f10x_sdio.o
                                0x548 (size before relaxing)
 .debug_str     0x000035fb       0x1b ./lib/src/stm32f10x_spi.o
                                 0xac (size before relaxing)
 .debug_str     0x00003616       0xd0 ./lib/src/stm32f10x_systick.o
                                0x1ba (size before relaxing)
 .debug_str     0x000036e6      0x9bd ./lib/src/stm32f10x_tim.o
                                0xce9 (size before relaxing)
 .debug_str     0x000040a3      0x35d ./lib/src/stm32f10x_usart.o
                                0x574 (size before relaxing)
 .debug_str     0x00004400       0x72 ./lib/src/stm32f10x_vector.o
                                 0xc3 (size before relaxing)
 .debug_str     0x00004472      0x109 ./lib/src/syscalls.o
                                0x208 (size before relaxing)
 .debug_str     0x0000457b      0x687 ./lib/src/usb_core.o
                                0x959 (size before relaxing)
 .debug_str     0x00004c02       0xb5 ./lib/src/usb_desc.o
                                0x164 (size before relaxing)
 .debug_str     0x00004cb7       0x37 ./lib/src/usb_endp.o
                                 0xe6 (size before relaxing)
 .debug_str     0x00004cee       0x41 ./lib/src/usb_init.o
                                0x448 (size before relaxing)
 .debug_str     0x00004d2f       0x45 ./lib/src/usb_int.o
                                 0xfd (size before relaxing)
 .debug_str     0x00004d74       0xb0 ./lib/src/usb_istr.o
                                0x2bb (size before relaxing)
 .debug_str     0x00004e24       0x6d ./lib/src/usb_mem.o
                                 0xfe (size before relaxing)
 .debug_str     0x00004e91      0x244 ./lib/src/usb_prop.o
                                0x862 (size before relaxing)
 .debug_str     0x000050d5       0x66 ./lib/src/usb_pwr.o
                                0x215 (size before relaxing)
 .debug_str     0x0000513b      0x3d9 ./lib/src/usb_regs.o
                                0x486 (size before relaxing)

.debug_loc      0x00000000     0x78b0
 *(.debug_loc)
 .debug_loc     0x00000000       0x37 ./src/main.o
 .debug_loc     0x00000037      0xb97 ./src/stm32f10x_it.o
 .debug_loc     0x00000bce       0x8f ./lib/src/coron_ad.o
 .debug_loc     0x00000c5d       0xb8 ./lib/src/coron_dc.o
 .debug_loc     0x00000d15       0xfb ./lib/src/coron_init.o
 .debug_loc     0x00000e10      0x188 ./lib/src/coron_rc.o
 .debug_loc     0x00000f98      0x1b8 ./lib/src/coron_sdfat.o
 .debug_loc     0x00001150      0x181 ./lib/src/coron_sdtxt.o
 .debug_loc     0x000012d1       0x6e ./lib/src/coron_sdwav.o
 .debug_loc     0x0000133f       0x62 ./lib/src/coron_sound.o
 .debug_loc     0x000013a1      0x1ef ./lib/src/coron_uart.o
 .debug_loc     0x00001590      0x132 ./lib/src/coron_usbcdc.o
 .debug_loc     0x000016c2      0x226 ./lib/src/coron_usbprint.o
 .debug_loc     0x000018e8      0x194 ./lib/src/coron_wait.o
 .debug_loc     0x00001a7c      0x66a ./lib/src/sdcard.o
 .debug_loc     0x000020e6      0x7b0 ./lib/src/stm32f10x_adc.o
 .debug_loc     0x00002896      0x288 ./lib/src/stm32f10x_dac.o
 .debug_loc     0x00002b1e      0x226 ./lib/src/stm32f10x_dma.o
 .debug_loc     0x00002d44       0xa5 ./lib/src/stm32f10x_flash.o
 .debug_loc     0x00002de9      0x39b ./lib/src/stm32f10x_gpio.o
 .debug_loc     0x00003184      0x5fa ./lib/src/stm32f10x_nvic.o
 .debug_loc     0x0000377e      0x6bc ./lib/src/stm32f10x_rcc.o
 .debug_loc     0x00003e3a      0x62a ./lib/src/stm32f10x_sdio.o
 .debug_loc     0x00004464      0x13e ./lib/src/stm32f10x_systick.o
 .debug_loc     0x000045a2     0x138d ./lib/src/stm32f10x_tim.o
 .debug_loc     0x0000592f      0x5cd ./lib/src/stm32f10x_usart.o
 .debug_loc     0x00005efc       0x37 ./lib/src/stm32f10x_vector.o
 .debug_loc     0x00005f33      0x3d2 ./lib/src/syscalls.o
 .debug_loc     0x00006305      0x3e5 ./lib/src/usb_core.o
 .debug_loc     0x000066ea       0x56 ./lib/src/usb_endp.o
 .debug_loc     0x00006740       0x2b ./lib/src/usb_init.o
 .debug_loc     0x0000676b       0x6e ./lib/src/usb_int.o
 .debug_loc     0x000067d9       0x2b ./lib/src/usb_istr.o
 .debug_loc     0x00006804       0x6e ./lib/src/usb_mem.o
 .debug_loc     0x00006872      0x2c6 ./lib/src/usb_prop.o
 .debug_loc     0x00006b38      0x107 ./lib/src/usb_pwr.o
 .debug_loc     0x00006c3f      0xc71 ./lib/src/usb_regs.o

.debug_macinfo
 *(.debug_macinfo)

.debug_weaknames
 *(.debug_weaknames)

.debug_funcnames
 *(.debug_funcnames)

.debug_typenames
 *(.debug_typenames)

.debug_varnames
 *(.debug_varnames)
LOAD ./src/main.o
LOAD ./src/stm32f10x_it.o
LOAD ./lib/src/coron_ad.o
LOAD ./lib/src/coron_dc.o
LOAD ./lib/src/coron_init.o
LOAD ./lib/src/coron_rc.o
LOAD ./lib/src/coron_sdfat.o
LOAD ./lib/src/coron_sdtxt.o
LOAD ./lib/src/coron_sdwav.o
LOAD ./lib/src/coron_sound.o
LOAD ./lib/src/coron_uart.o
LOAD ./lib/src/coron_usbcdc.o
LOAD ./lib/src/coron_usbprint.o
LOAD ./lib/src/coron_wait.o
LOAD ./lib/src/cortexm3_macro.o
LOAD ./lib/src/sdcard.o
LOAD ./lib/src/stm32f10x_adc.o
LOAD ./lib/src/stm32f10x_dac.o
LOAD ./lib/src/stm32f10x_dma.o
LOAD ./lib/src/stm32f10x_exti.o
LOAD ./lib/src/stm32f10x_flash.o
LOAD ./lib/src/stm32f10x_gpio.o
LOAD ./lib/src/stm32f10x_i2c.o
LOAD ./lib/src/stm32f10x_lib.o
LOAD ./lib/src/stm32f10x_nvic.o
LOAD ./lib/src/stm32f10x_rcc.o
LOAD ./lib/src/stm32f10x_sdio.o
LOAD ./lib/src/stm32f10x_spi.o
LOAD ./lib/src/stm32f10x_systick.o
LOAD ./lib/src/stm32f10x_tim.o
LOAD ./lib/src/stm32f10x_usart.o
LOAD ./lib/src/stm32f10x_vector.o
LOAD ./lib/src/syscalls.o
LOAD ./lib/src/usb_core.o
LOAD ./lib/src/usb_desc.o
LOAD ./lib/src/usb_endp.o
LOAD ./lib/src/usb_init.o
LOAD ./lib/src/usb_int.o
LOAD ./lib/src/usb_istr.o
LOAD ./lib/src/usb_mem.o
LOAD ./lib/src/usb_prop.o
LOAD ./lib/src/usb_pwr.o
LOAD ./lib/src/usb_regs.o
LOAD c:/coron/gcc/arm/bin/../lib/gcc/arm-none-eabi/4.4.1\libgcc.a
LOAD C:\coron\gcc\arm\arm-none-eabi\lib\thumb2\libm.a
START GROUP
LOAD c:/coron/gcc/arm/bin/../lib/gcc/arm-none-eabi/4.4.1\libgcc.a
LOAD C:\coron\gcc\arm\arm-none-eabi\lib\thumb2\libc.a
END GROUP
LOAD c:/coron/gcc/arm/bin/../lib/gcc/arm-none-eabi/4.4.1/crtend.o
LOAD c:/coron/gcc/arm/bin/../lib/gcc/arm-none-eabi/4.4.1/crtn.o
OUTPUT(main.elf elf32-littlearm)

.debug_ranges   0x00000000       0x30
 .debug_ranges  0x00000000       0x30 ./lib/src/usb_core.o

Cross Reference Table

Symbol                                            File
ADC3_IRQHandler                                   ./src/stm32f10x_it.o
                                                  ./lib/src/stm32f10x_vector.o
ADC_AnalogWatchdogCmd                             ./lib/src/stm32f10x_adc.o
ADC_AnalogWatchdogSingleChannelConfig             ./lib/src/stm32f10x_adc.o
ADC_AnalogWatchdogThresholdsConfig                ./lib/src/stm32f10x_adc.o
ADC_AutoInjectedConvCmd                           ./lib/src/stm32f10x_adc.o
ADC_ClearFlag                                     ./lib/src/stm32f10x_adc.o
ADC_ClearITPendingBit                             ./lib/src/stm32f10x_adc.o
ADC_Cmd                                           ./lib/src/stm32f10x_adc.o
                                                  ./lib/src/coron_ad.o
ADC_DMACmd                                        ./lib/src/stm32f10x_adc.o
                                                  ./lib/src/coron_ad.o
ADC_DeInit                                        ./lib/src/stm32f10x_adc.o
                                                  ./lib/src/coron_ad.o
ADC_DiscModeChannelCountConfig                    ./lib/src/stm32f10x_adc.o
ADC_DiscModeCmd                                   ./lib/src/stm32f10x_adc.o
ADC_ExternalTrigConvCmd                           ./lib/src/stm32f10x_adc.o
ADC_ExternalTrigInjectedConvCmd                   ./lib/src/stm32f10x_adc.o
ADC_ExternalTrigInjectedConvConfig                ./lib/src/stm32f10x_adc.o
ADC_GetCalibrationStatus                          ./lib/src/stm32f10x_adc.o
                                                  ./lib/src/coron_ad.o
ADC_GetConversionValue                            ./lib/src/stm32f10x_adc.o
ADC_GetDualModeConversionValue                    ./lib/src/stm32f10x_adc.o
ADC_GetFlagStatus                                 ./lib/src/stm32f10x_adc.o
ADC_GetITStatus                                   ./lib/src/stm32f10x_adc.o
ADC_GetInjectedConversionValue                    ./lib/src/stm32f10x_adc.o
ADC_GetResetCalibrationStatus                     ./lib/src/stm32f10x_adc.o
                                                  ./lib/src/coron_ad.o
ADC_GetSoftwareStartConvStatus                    ./lib/src/stm32f10x_adc.o
ADC_GetSoftwareStartInjectedConvCmdStatus         ./lib/src/stm32f10x_adc.o
ADC_IRQHandler                                    ./src/stm32f10x_it.o
                                                  ./lib/src/stm32f10x_vector.o
ADC_ITConfig                                      ./lib/src/stm32f10x_adc.o
ADC_Init                                          ./lib/src/stm32f10x_adc.o
                                                  ./lib/src/coron_ad.o
ADC_InjectedChannelConfig                         ./lib/src/stm32f10x_adc.o
ADC_InjectedDiscModeCmd                           ./lib/src/stm32f10x_adc.o
ADC_InjectedSequencerLengthConfig                 ./lib/src/stm32f10x_adc.o
ADC_RegularChannelConfig                          ./lib/src/stm32f10x_adc.o
                                                  ./lib/src/coron_ad.o
ADC_ResetCalibration                              ./lib/src/stm32f10x_adc.o
                                                  ./lib/src/coron_ad.o
ADC_SetInjectedOffset                             ./lib/src/stm32f10x_adc.o
ADC_SoftwareStartConvCmd                          ./lib/src/stm32f10x_adc.o
                                                  ./lib/src/coron_ad.o
ADC_SoftwareStartInjectedConvCmd                  ./lib/src/stm32f10x_adc.o
ADC_StartCalibration                              ./lib/src/stm32f10x_adc.o
                                                  ./lib/src/coron_ad.o
ADC_StructInit                                    ./lib/src/stm32f10x_adc.o
                                                  ./lib/src/coron_ad.o
ADC_TempSensorVrefintCmd                          ./lib/src/stm32f10x_adc.o
AD_disable                                        ./lib/src/coron_ad.o
AD_enable                                         ./lib/src/coron_ad.o
                                                  ./src/main.o
Buffer_Block_Rx                                   ./lib/src/coron_sdfat.o
Buffer_Block_Tx                                   ./lib/src/coron_sdfat.o
Buffer_MultiBlock_Rx                              ./lib/src/coron_sdfat.o
Buffer_MultiBlock_Tx                              ./lib/src/coron_sdfat.o
BusFaultException                                 ./src/stm32f10x_it.o
                                                  ./lib/src/stm32f10x_vector.o
ByteSwap                                          ./lib/src/usb_regs.o
                                                  ./lib/src/usb_core.o
CAN_RX1_IRQHandler                                ./src/stm32f10x_it.o
                                                  ./lib/src/stm32f10x_vector.o
CAN_SCE_IRQHandler                                ./src/stm32f10x_it.o
                                                  ./lib/src/stm32f10x_vector.o
CTR_HP                                            ./lib/src/usb_int.o
CTR_LP                                            ./lib/src/usb_int.o
                                                  ./lib/src/usb_istr.o
ClearDTOG_RX                                      ./lib/src/usb_regs.o